VDM CONTROLLER 1
VDM CONTROLLER 1
Auto-reconnect failed
Hard-resetting BLE client: auto reconnect failed
Next reconnect attempt in 299 ms
CBTIME 2000-01-01 00:00:00
attemptReconnectIfNeeded: reinitializing BLE client before reconnect
VDM CONTROLLER 1
VDM CONTROLLER 1
VDM CONTROLLER 1
Auto-reconnect failed
Hard-resetting BLE client: auto reconnect failed
Next reconnect attempt in 549 ms
CBTIME 2000-01-01 00:00:00
????????????????????????????????????????????????????????????????ializing BLE client before reconnect
VDM CONTROLLER 1
VDM CONTROLLER 1
VDM CONTROLLER 1
Auto-reconnect failed
Hard-resetting BLE client: auto reconnect failed
Next reconnect attempt in 1055 ms
CBTIME 2000-01-01 00:00:00
attemptReconnectIfNeeded: reinitializing BLE client before reconnect
VDM CONTROLLER 1
VDM CONTROLLER 1
VDM CONTROLLER 1
Auto-reconnect failed
Hard-resetting BLE client: auto reconnect failed
Next reconnect attempt in 2067 ms
CBTIME 2000-01-01 00:00:00
VDM CONTROLLER 1
CBTIME 2000-01-01 00:00:00
attemptReconnectIfNeeded: reinitializing BLE client before reconnect
VDM CONTROLLER 1
VDM CONTROLLER 1
Auto-reconnect failed
Hard-resetting BLE client: auto reconnect failed
Next reconnect attempt in 2054 ms
CBTIME 2000-01-01 00:00:00
VDM CONTROLLER 1
CBTIME 2000-01-01 00:00:00
attemptReconnectIfNeeded: reinitializing BLE client before reconnect
VDM CONTROLLER 1
VDM CONTROLLER 1
VDM CONTROLLER 1
Auto-reconnect failed
Hard-resetting BLE client: auto reconnect failed
Next reconnect attempt in 2034 ms
CBTIME 2000-01-01 00:00:00
CBTIME 2000-01-01 00:00:00
VDM CONTROLLER 1
attemptReconnectIfNeeded: reinitializing BLE client before reconnect
VDM CONTROLLER 1
VDM CONTROLLER 1
Auto-reconnect failed
Hard-resetting BLE client: auto reconnect failed
Next reconnect attempt in 2092 ms
CBTIME 2000-01-01 00:00:00
VDM CONTROLLER 1
CBTIME 2000-01-01 00:00:00
attemptReconnectIfNeeded: reinitializing BLE client before reconnect
VDM CONTROLLER 1
VDM CONTROLLER 1
VDM CONTROLLER 1
Auto-reconnect failed
Hard-resetting BLE client: auto reconnect failed
Next reconnect attempt in 2041 ms
CBTIME 2000-01-01 00:00:00
CBTIME 2000-01-01 00:00:00
VDM CONTROLLER 1
attemptReconnectIfNeeded: reinitializing BLE client before reconnect
VDM CONTROLLER 1
VDM CONTROLLER 1
Auto-reconnect failed
Hard-resetting BLE client: auto reconnect failed
Next reconnect attempt in 2054 ms
CBTIME 2000-01-01 00:00:00
VDM CONTROLLER 1
CBTIME 2000-01-01 00:00:00
attemptReconnectIfNeeded: reinitializing BLE client before reconnect
VDM CONTROLLER 1
VDM CONTROLLER 1
Auto-reconnect failed
Hard-resetting BLE client: auto reconnect failed
Next reconnect attempt in 2083 ms
CBTIME 2000-01-01 00:00:00
VDM CONTROLLER 1
CBTIME 2000-01-01 00:00:00
attemptReconnectIfNeeded: reinitializing BLE client before reconnect
VDM CONTROLLER 1
VDM CONTROLLER 1
VDM CONTROLLER 1
Auto-reconnect failed
Hard-resetting BLE client: auto reconnect failed
Next reconnect attempt in 2076 ms
CBTIME 2000-01-01 00:00:00
VDM CONTROLLER 1
CBTIME 2000-01-01 00:00:00
attemptReconnectIfNeeded: reinitializing BLE client before reconnect
VDM CONTROLLER 1
VDM CONTROLLER 1
Auto-reconnect failed
Hard-resetting BLE client: auto reconnect failed
Next reconnect attempt in 2053 ms
CBTIME 2000-01-01 00:00:00
VDM CONTROLLER 1
CBTIME 2000-01-01 00:00:00
attemptReconnectIfNeeded: reinitializing BLE client before reconnect
VDM CONTROLLER 1
VDM CONTROLLER 1
VDM CONTROLLER 1
Auto-reconnect failed
Hard-resetting BLE client: auto reconnect failed
Next reconnect attempt in 2003 ms
CBTIME 2000-01-01 00:00:00
CBTIME 2000-01-01 00:00:00
VDM CONTROLLER 1
attemptReconnectIfNeeded: reinitializing BLE client before reconnect
VDM1 1 56B9 H 376 288;P 0 FF000000FF080808FF101010FF191919FF212121FF292929FF313131FF3A3A3A;P 8 FF424242FF4A4A4AFF525252FF5A5A5AFF636363FF6B6B6BFF737373FF7B7B7B;
VDM1 2 D62A P 16 FF848484FF8C8C8CFF949494FF9C9C9CFFA5A5A5FFADADADFFB5B5B5FFBDBDBD;P 24 FFC5C5C5FFCECECEFFD6D6D6FFDEDEDEFFE6E6E6FFEFEFEFFFF7F7F7FFFFFFFF;
VDM1 3 B13A P 32 FF000000FF550000FFAA0000FFFF0000FF002400FF552400FFAA2400FFFF2400;P 40 FF004900FF554900FFAA4900FFFF4900FF006D00FF556D00FFAA6D00FFFF6D00;
VDM1 4 17A6 P 48 FF009200FF559200FFAA9200FFFF9200FF00B600FF55B600FFAAB600FFFFB600;P 56 FF00DB00FF55DB00FFAADB00FFFFDB00FF00FF00FF55FF00FFAAFF00FFFFFF00;
VDM1 5 3DDD P 64 FF00002BFF55002BFFAA002BFFFF002BFF00242BFF55242BFFAA242BFFFF242B;P 72 FF00492BFF55492BFFAA492BFFFF492BFF006D2BFF556D2BFFAA6D2BFFFF6D2B;
VDM1 6 1B45 P 80 FF00922BFF55922BFFAA922BFFFF922BFF00B62BFF55B62BFFAAB62BFFFFB62B;P 88 FF00DB2BFF55DB2BFFAADB2BFFFFDB2BFF00FF2BFF55FF2BFFAAFF2BFFFFFF2B;
VDM1 7 1E96 P 96 FF000055FF550055FFAA0055FFFF0055FF002455FF552455FFAA2455FFFF2455;P 104 FF004955FF554955FFAA4955FFFF4955FF006D55FF556D55FFAA6D55FFFF6D55;
VDM1 8 FA6B P 112 FF009255FF559255FFAA9255FFFF9255FF00B655FF55B655FFAAB655FFFFB655;P 120 FF00DB55FF55DB55FFAADB55FFFFDB55FF00FF55FF55FF55FFAAFF55FFFFFF55;
VDM1 9 4274 P 128 FF000080FF550080FFAA0080FFFF0080FF002480FF552480FFAA2480FFFF2480;P 136 FF004980FF554980FFAA4980FFFF4980FF006D80FF556D80FFAA6D80FFFF6D80;
VDM1 10 7F7B P 144 FF009280FF559280FFAA9280FFFF9280FF00B680FF55B680FFAAB680FFFFB680;P 152 FF00DB80FF55DB80FFAADB80FFFFDB80FF00FF80FF55FF80FFAAFF80FFFFFF80;
VDM1 11 E813 P 160 FF0000AAFF5500AAFFAA00AAFFFF00AAFF0024AAFF5524AAFFAA24AAFFFF24AA;P 168 FF0049AAFF5549AAFFAA49AAFFFF49AAFF006DAAFF556DAAFFAA6DAAFFFF6DAA;
VDM1 12 3E74 P 176 FF0092AAFF5592AAFFAA92AAFFFF92AAFF00B6AAFF55B6AAFFAAB6AAFFFFB6AA;P 184 FF00DBAAFF55DBAAFFAADBAAFFFFDBAAFF00FFAAFF55FFAAFFAAFFAAFFFFFFAA;
VDM1 13 497D P 192 FF0000D5FF5500D5FFAA00D5FFFF00D5FF0024D5FF5524D5FFAA24D5FFFF24D5;P 200 FF0049D5FF5549D5FFAA49D5FFFF49D5FF006DD5FF556DD5FFAA6DD5FFFF6DD5;
VDM1 14 5D86 P 208 FF0092D5FF5592D5FFAA92D5FFFF92D5FF00B6D5FF55B6D5FFAAB6D5FFFFB6D5;P 216 FF00DBD5FF55DBD5FFAADBD5FFFFDBD5FF00FFD5FF55FFD5FFAAFFD5FFFFFFD5;
VDM1 15 A42B P 224 FF0000FFFF5500FFFFAA00FFFFFF00FFFF0024FFFF5524FFFFAA24FFFFFF24FF;P 232 FF0049FFFF5549FFFFAA49FFFFFF49FFFF006DFFFF556DFFFFAA6DFFFFFF6DFF;
VDM1 16 1521 P 240 FF0092FFFF5592FFFFAA92FFFFFF92FFFF00B6FFFF55B6FFFFAAB6FFFFFFB6FF;P 248 FF00DBFFFF55DBFFFFAADBFFFFFFDBFFFF00FFFFFF55FFFFFFAAFFFFFFFFFFFF;R 0 0 48 110;
VDM1 17 90E1 R 48 0 48 110;R 96 0 48 110;R 144 0 48 110;D 192 0 2E6E0272;D 240 0 0E720B9201960BB602B701B603B705D7;D 288 0 12D71EDB;D 336 0 05DB23FB;R 0 1 48 110;
VDM1 18 8FDE R 48 1 48 110;R 96 1 48 110;R 144 1 48 110;D 192 1 2E6E0272;D 240 1 0E720B9201960BB602B701B603B705D7;D 288 1 12D71EDB;D 336 1 05DB23FB;R 0 2 48 110;
VDM1 19 A1E2 R 48 2 48 110;R 96 2 48 110;R 144 2 48 110;D 192 2 2F6E0172;D 240 2 0E720A92019612B602B703D7;D 288 2 16D71ADB;D 336 2 06DB22FB;R 0 3 48 110;R 48 3 48 110;
VDM1 20 E961 R 96 3 48 110;R 144 3 48 110;D 192 3 2F6E0172;D 240 3 0E720992029614B602B701D7;D 288 3 19D717DB;D 336 3 07DB21FB;R 0 4 48 110;R 48 4 48 110;R 96 4 48 110;
VDM1 21 4D1B R 144 4 48 110;D 192 4 2F6E0172;D 240 4 0D720A92029617B6;D 288 4 03B717D716DB;D 336 4 08DB20FB;R 0 5 48 110;R 48 5 48 110;R 96 5 48 110;R 144 5 48 110;
VDM1 22 99C5 D 192 5 2F6E0172;D 240 5 0D720A92029617B6;D 288 5 03B717D716DB;D 336 5 08DB20FB;R 0 6 48 110;R 48 6 48 110;R 96 6 48 110;R 144 6 48 110;D 192 6 2F6E0172;
VDM1 23 DDE1 D 240 6 0D720992029618B6;D 288 6 02B603B701D701B714D715DB;D 336 6 09DB1FFB;R 0 7 48 110;R 48 7 48 110;R 96 7 48 110;R 144 7 48 110;R 192 7 48 110;
VDM1 24 07D3 D 240 7 0C720A92029618B6;D 288 7 05B605B712D714DB;D 336 7 09DB1FFB;R 0 8 48 110;R 48 8 48 110;R 96 8 48 110;R 144 8 48 110;R 192 8 48 110;
VDM1 25 7125 D 240 8 0C720A92029618B6;D 288 8 0AB602B713D711DB;D 336 8 0ADB1EFB;R 0 9 48 110;R 48 9 48 110;R 96 9 48 110;R 144 9 48 110;R 192 9 48 110;
VDM1 26 4EE5 D 240 9 0B720A92029619B6;D 288 9 0BB602B703B610D710DB;D 336 9 0BDB1DFB;R 0 10 48 110;R 48 10 48 110;R 96 10 48 110;R 144 10 48 110;R 192 10 48 110;
VDM1 27 52C6 D 240 10 0B720A92029619B6;D 288 10 0BB602B703B610D710DB;D 336 10 0BDB1DFB;R 0 11 48 110;R 48 11 48 110;R 96 11 48 110;R 144 11 48 110;R 192 11 48 110;
VDM1 28 710E D 240 11 0B720A92029619B6;D 288 11 0FB602B70FD710DB;D 336 11 0BDB1DFB;R 0 12 48 110;R 48 12 48 110;R 96 12 48 110;R 144 12 48 110;R 192 12 48 110;
VDM1 29 ECD8 D 240 12 016E09720B92029619B6;D 288 12 11B602B70DD701DB01D70EDB;D 336 12 0CDB1CFB;R 0 13 48 110;R 48 13 48 110;R 96 13 48 110;R 144 13 48 110;R 192 13 48 110;
VDM1 30 D80E D 240 13 016E08720C92029619B6;D 288 13 12B604B70DD70DDB;D 336 13 0CDB1CFB;R 0 14 48 110;R 48 14 48 110;R 96 14 48 110;R 144 14 48 110;D 192 14 2F6E0172;
VDM1 31 F550 D 240 14 08720D92029619B6;D 288 14 15B602B70DD70CDB;D 336 14 0DDB1BFB;R 0 15 48 110;R 48 15 48 110;R 96 15 48 110;R 144 15 48 110;D 192 15 2F6E0172;
VDM1 32 F78D D 240 15 08720D92029619B6;D 288 15 15B602B70DD70CDB;D 336 15 0DDB1BFB;R 0 16 48 110;R 48 16 48 110;R 96 16 48 110;R 144 16 48 110;D 192 16 2F6E0172;
VDM1 33 9583 D 240 16 07720E92029619B6;D 288 16 17B602B70CD70BDB;D 336 16 0EDB1AFB;R 0 17 48 110;R 48 17 48 110;R 96 17 48 110;R 144 17 48 110;D 192 17 2F6E0172;
VDM1 34 7FFD D 240 17 06720F92029619B6;D 288 17 18B602B70CD70ADB;D 336 17 0FDB19FB;D 0 18 0B6E02FB186E02FB096E;R 48 18 48 110;R 96 18 48 110;R 144 18 48 110;
VDM1 35 D001 D 192 18 2E6E0272;D 240 18 06720E92039619B6;D 288 18 13B607FB06D710B2;D 336 18 1AB20EFB;D 0 19 0B6E02FB186E02FB036E06FB;R 48 19 48 251;D 96 19 08FB286E;
VDM1 36 14B2 R 144 19 48 110;D 192 19 2D6E0372;D 240 19 05720F92039619B6;D 288 19 12B602FB05B602FB05D701FB02B201FB0CB2;D 336 19 08B203FB04B202FB03B201FB03B201FB01B20EFB;
VDM CONTROLLER 1
VDM1 37 1500 D 0 20 0B6E02FB186E02FB036E06FB;R 48 20 48 251;D 96 20 08FB286E;R 144 20 48 110;D 192 20 2D6E0372;D 240 20 05720F92039619B6;
VDM1 38 909F D 288 20 12B601FB07B601FB05D701FB02B201FB03B202FB04B202FB01B2;D 336 20 02B203FB03B201FB02B201FB02B201FB02B201FB02B202FB01B202FB01B20EFB;
VDM1 39 A9E1 D 0 21 0B6E02FB186E02FB036E06FB;R 48 21 48 251;D 96 21 08FB286E;R 144 21 48 110;D 192 21 2B6E0572;D 240 21 04721092049618B6;
VDM1 40 9397 D 288 21 12B601FB07B601FB02B703D704FB02B201FB01B202FB02B201FB02B201FB;D 336 21 02B201FB02B201FB02B203FB03B204FB02B201FB01B201FB01B201FB01B20EFB;
VDM1 41 A108 D 0 22 0B6E02FB066E018E04D6026E04D6018E066E02FB036E06FB;R 48 22 48 251;D 96 22 08FB286E;R 144 22 48 110;D 192 22 2B6E0572;D 240 22 04720E9201960192049618B6;
VDM1 42 6F8D D 288 22 11B602FB07B602FB01B703D701FB02B201FB02B202FB04B201FB02B201FB;D 336 22 02B201FB02B201FB02B201FB02B201FB02B201FB02B201FB02B201FB03B201FB01B20EFB;
VDM1 43 DC0D D 0 23 0B6E02FB066E01D604FB026E04FB01D6066E02FB036E06FB;R 48 23 48 251;D 96 23 08FB286E;R 144 23 48 110;D 192 23 2A6E0672;D 240 23 03720F9201960192059617B6;
VDM1 44 F3F4 D 288 23 11B601FB09B601FB01B602B701D701FB02B201FB03B203FB03B203FB;D 336 23 01FB01B203FB03B201FB02B201FB02B201FB02B201FB02B201FB03B201FB01B20EFB;
VDM1 45 31E2 D 0 24 0B6E02FB066E01D604FB026E04FB01D6066E02FB036E04FB010001FB;D 48 24 01FB010003FB010005FB010005FB010005FB010005FB010005FB01000CFB;D 96 24 08FB286E;
VDM1 46 FBA1 R 144 24 48 110;D 192 24 2A6E0672;D 240 24 03720F9201960192059617B6;D 288 24 11B602FB07B602FB01B602B701D710B2;D 336 24 02B201FB17B20EFB;
VDM1 47 5F65 D 0 25 0B6E02FB066E01D604FB026E04FB01D6066E02FB036E04FB010001FB;D 48 25 01FB010002FB03000AFB01000AFB03000AFB020005FB;D 96 25 020006FB286E;R 144 25 48 110;
VDM1 48 56E1 D 192 25 296E0772;D 240 25 0272109201960192059617B6;D 288 25 12B601FB07B601FB03B602B710B2;D 336 25 02B201FB17B20EFB;
VDM1 49 F292 D 0 26 0B6E02FB066E01D604FB026E04FB01D6066E02FB036E04FB010001FB;D 48 26 01FB010003FB010005FB010005FB010005FB010005FB010005FB010004FB010001FB020003FB0100;
VDM1 50 B503 D 96 26 010007FB286E;R 144 26 48 110;D 192 26 296E0772;D 240 26 0172119201960192069616B6;D 288 26 12B601FB07B601FB04B601B710B2;D 336 26 1AB20EFB;
VDM1 51 9875 D 0 27 0B6E02FB106E0169076E02FB036E04FB010001FB;D 48 27 01FB010003FB010005FB010005FB010005FB010005FB010005FB010004FB020006FB;D 96 27 01FB010006FB286E;
VDM1 52 F85E R 144 27 48 110;D 192 27 276E0972;D 240 27 129201960292059616B6;D 288 27 12B602FB05B602FB05B602B202FB04B201FB07B2;
VDM1 53 76D4 D 336 27 03B203FB03B202FB03B201FB02B201FB02B203FB03B20EFB;D 0 28 0B6E02FB186E02FB036E05FB0100;
VDM1 54 5F53 D 48 28 010005FB010005FB010005FB010005FB010005FB010005FB010004FB030003FB0100;D 96 28 010007FB286E;R 144 28 48 110;D 192 28 266E09720192;
VDM1 55 751C D 240 28 129201960292069615B6;D 288 28 13B607FB06B601B201FB05B202FB07B2;D 336 28 05B201FB05B201FB02B201FB02B201FB02B201FB02B201FB02B20EFB;
VDM1 56 2860 D 0 29 0B6E02FB066E01D604FB0169036E01D7086E02FB036E06FB;R 48 29 48 251;D 96 29 08FB286E;R 144 29 48 110;D 192 29 266E09720192;D 240 29 129201960292069615B6;
VDM1 57 FAD4 D 288 29 20B601B202FB05B201FB07B2;D 336 29 05B201FB04B201FB03B203FB03B203FB03B20EFB;D 0 30 0B6E02FB066E01D604FB036E018E01D7086E02FB036E06FB;R 48 30 48 251;
VDM1 58 D8B9 D 96 30 08FB286E;R 144 30 48 110;D 192 30 256E0A720192;D 240 30 1692059615B6;D 288 30 20B601B201FB01B201FB04B201FB07B2;
VDM1 59 8B17 D 336 30 04B201FB06B201FB02B201FB02B201FB02B201FB02B201FB02B20EFB;D 0 31 0B6E02FB066E01D604FB026E02D701FB01D7018E066E02FB036E06FB;R 48 31 48 251;
VDM1 60 08BB D 96 31 08FB286E;R 144 31 48 110;D 192 31 246E0A720292;D 240 31 1692079613B6;D 288 31 20B602B201FB04B203FB04B201FB01B2;
VDM1 61 0FD3 D 336 31 04B201FB04B202FB03B201FB02B201FB02B203FB03B20EFB;D 0 32 0B6E02FB066E01D604FB0169036E01D7086E02FB036E06FB;R 48 32 48 251;D 96 32 08FB286E;
VDM1 62 5AB7 R 144 32 48 110;D 192 32 236E0B720292;D 240 32 1692089612B6;D 288 32 20B610B2;D 336 32 1AB20EFB;D 0 33 0B6E02FB066E018E01D601B602D6046E018E086E02FB036E06FB;
VDM1 63 0BCB R 48 33 48 251;D 96 33 08FB286E;R 144 33 48 110;D 192 33 226E0B720392;D 240 33 17920A960FB6;D 288 33 20B610B2;D 336 33 1AB20EFB;
VDM1 64 570D D 0 34 0B6E02FB186E02FB036E06FB;R 48 34 48 251;D 96 34 08FB286E;R 144 34 48 110;D 192 34 226E0B720392;D 240 34 17920A960FB6;D 288 34 25B601B70AD7;
VDM1 65 B0DC D 336 34 16DB12FB;D 0 35 0B6E02FB186E02FB036E06FB;R 48 35 48 251;D 96 35 08FB286E;R 144 35 48 110;D 192 35 226E0A720492;D 240 35 17920B960EB6;
VDM1 66 BA9E D 288 35 26B601B709D7;D 336 35 01D716DB11FB;D 0 36 0B6E02FB186E02FB036E06FB;R 48 36 48 251;D 96 36 08FB286E;R 144 36 48 110;D 192 36 206E0C720492;
VDM1 67 4EC2 D 240 36 1892019601920A960CB6;D 288 36 26B602B708D7;D 336 36 02D715DB11FB;D 0 37 0B6E02FB186E02FB096E;R 48 37 48 110;R 96 37 48 110;R 144 37 48 110;
VDM1 68 CC53 D 192 37 206E0C720492;D 240 37 1492019605920D9609B6;D 288 37 27B602B707D7;D 336 37 01D717DB10FB;R 0 38 48 110;R 48 38 48 110;R 96 38 48 110;R 144 38 48 110;
VDM1 69 EC7E D 192 38 1F6E0C720592;D 240 38 1592019605920E9607B6;D 288 38 28B601B707D7;D 336 38 01D718DB0FFB;R 0 39 48 110;R 48 39 48 110;R 96 39 48 110;R 144 39 48 110;
VDM1 70 8DD9 D 192 39 1F6E0C720592;D 240 39 1592019605920E9607B6;D 288 39 28B601B707D7;D 336 39 01D718DB0FFB;R 0 40 48 110;R 48 40 48 110;R 96 40 48 110;R 144 40 48 110;
VDM1 71 476B D 192 40 1E6E0D720592;D 240 40 189201960292109605B6;D 288 40 29B607D7;D 336 40 02D701DB01D715DB0FFB;R 0 41 48 110;R 48 41 48 110;R 96 41 48 110;
VDM1 72 CA02 R 144 41 48 110;D 192 41 1E6E0D720592;D 240 41 1792039605920F9602B6;D 288 41 29B601B706D7;D 336 41 04D715DB0FFB;R 0 42 48 110;R 48 42 48 110;R 96 42 48 110;
VDM1 73 7A70 R 144 42 48 110;D 192 42 1D6E0D720692;D 240 42 1692059606920E9601B6;D 288 42 13B607FB06B610B2;D 336 42 20B208FB;R 0 43 48 110;R 48 43 48 110;R 96 43 48 110;
VDM1 74 668A R 144 43 48 110;D 192 43 1D6E0D720692;D 240 43 1692059606920E9601B6;D 288 43 12B602FB05B602FB05B605FB08B201FB02B2;D 336 43 09B201FB0BB203FB02B203FB03B208FB;
VDM1 75 70E5 R 0 44 48 110;R 48 44 48 110;R 96 44 48 110;R 144 44 48 110;D 192 44 1C6E0D720792;D 240 44 1792049609920C96;
VDM1 76 DC7C D 288 44 03960FB601FB07B601FB05B602B201FB04B202FB03B203FB01B2;D 336 44 03B202FB04B201FB0AB201FB05B201FB02B201FB02B208FB;R 0 45 48 110;R 48 45 48 110;
VDM1 77 5A80 R 96 45 48 110;R 144 45 48 110;D 192 45 1C6E0C720892;D 240 45 1B92069605920A96;D 288 45 04960EB601FB07B601FB05B602B201FB03B201FB02B201FB03B201FB02B2;
VDM1 78 2C23 D 336 45 02B201FB02B201FB03B201FB0BB202FB03B201FB02B201FB02B208FB;R 0 46 48 110;R 48 46 48 110;R 96 46 48 110;R 144 46 48 110;D 192 46 1C6E0C720892;
VDM1 79 2E0F D 240 46 1C92089606920696;D 288 46 06960BB602FB07B602FB04B602B201FB03B201FB02B201FB03B201FB02B2;
VDM1 80 5DFD D 336 46 02B201FB02B201FB03B201FB0DB201FB02B201FB02B201FB02B208FB;R 0 47 48 110;R 48 47 48 110;R 96 47 48 110;R 144 47 48 110;D 192 47 1B6E0D720892;
VDM1 81 B11D D 240 47 1F9204960B920296;D 288 47 06960BB601FB09B601FB04B602B201FB04B202FB05B201FB01B2;D 336 47 03B204FB03B201FB09B203FB03B203FB03B208FB;R 0 48 48 110;
VDM1 82 4EA6 R 48 48 48 110;R 96 48 48 110;R 144 48 48 110;D 192 48 1B6E0D720892;D 240 48 1F9204960B920296;D 288 48 06960BB602FB07B602FB04B610B2;D 336 48 20B208FB;
VDM1 83 189B R 0 49 48 110;R 48 49 48 110;R 96 49 48 110;R 144 49 48 110;D 192 49 1A6E0D720992;D 240 49 2F920196;D 288 49 0A9608B601FB07B601FB05B610B2;D 336 49 20B208FB;
VDM1 84 CD37 R 0 50 48 110;R 48 50 48 110;R 96 50 48 110;R 144 50 48 110;D 192 50 196E0E720992;R 240 50 48 146;D 288 50 0192099608B601FB07B601FB05B610B2;
VDM1 85 2007 D 336 50 1AB202DB0CFB;R 0 51 48 110;R 48 51 48 110;R 96 51 48 110;R 144 51 48 110;D 192 51 196E0D720A92;D 240 51 2A9204960292;
VDM1 86 FA22 D 288 51 0392079608B602FB05B602FB05B601B202FB05B201FB07B2;D 336 51 04B201FB05B202FB03B203FB02B203FB03B203DB0BFB;D 0 52 126E018D01D603B601B2186E;R 48 52 48 110;
VDM1 87 FD6C R 96 52 48 110;R 144 52 48 110;D 192 52 196E0D720A92;D 240 52 2B9202960392;D 288 52 0492089607B607FB06B603B201FB03B201FB01B201FB06B2;
VDM1 88 3E7F D 336 52 03B201FB01B201FB03B201FB04B201FB05B201FB02B201FB02B203DB0BFB;D 0 53 126E06FB01B6176E;R 48 53 48 110;R 96 53 48 110;R 144 53 48 110;
VDM1 89 AE36 D 192 53 196E0D720A92;D 240 53 2B9202960392;D 288 53 0492089614B602B201FB05B201FB07B2;D 336 53 04B202FB03B202FB03B201FB01B202FB02B203FB03B203DB0BFB;
VDM1 90 6594 D 0 54 126E0EFB106E;R 48 54 48 110;R 96 54 48 110;R 144 54 48 110;D 192 54 186E0D720B92;R 240 54 48 146;D 288 54 0692079613B601B201FB05B201FB01B201FB06B2;
VDM1 91 3246 D 336 54 05B201FB03B201FB01B201FB02B201FB03B201FB01B201FB02B201FB02B204DB0AFB;D 0 55 126E0EFB106E;R 48 55 48 110;R 96 55 48 110;R 144 55 48 110;
VDM1 92 2F08 D 192 55 176E0D720C92;R 240 55 48 146;D 288 55 0792079612B601B203FB04B201FB05B201FB01B2;D 336 55 03B202FB05B201FB04B203FB02B203FB03B204DB0AFB;
VDM1 93 09AA D 0 56 126E0EFB106E;R 48 56 48 110;R 96 56 48 110;R 144 56 48 110;D 192 56 176E0D720C92;R 240 56 48 146;D 288 56 039203960292079611B610B2;
VDM1 94 F257 D 336 56 1AB205DB09FB;D 0 57 126E0EFB106E;R 48 57 48 110;R 96 57 48 110;R 144 57 48 110;D 192 57 166E0D720D92;R 240 57 48 146;
VDM1 95 5F02 D 288 57 04920296049207960FB610B2;D 336 57 1AB205DB09FB;D 0 58 126E0EFB106E;R 48 58 48 110;R 96 58 48 110;R 144 58 48 110;D 192 58 166E0D720D92;
VDM1 96 2682 R 240 58 48 146;D 288 58 04920296049207961FB6;D 336 58 01B601B709D714DB09FB;D 0 59 126E0EFB106E;R 48 59 48 110;R 96 59 48 110;R 144 59 48 110;
VDM1 97 5288 D 192 59 156E0E720D92;R 240 59 48 146;D 288 59 0A9208961EB6;D 336 59 02B601B709D713DB09FB;D 0 60 126E0EFB106E;R 48 60 48 110;R 96 60 48 110;R 144 60 48 110;
VDM1 98 3DD6 D 192 60 156E0E720D92;R 240 60 48 146;D 288 60 0B9207961EB6;D 336 60 02B602B708D714DB08FB;D 0 61 126E0EFB106E;R 48 61 48 110;R 96 61 48 110;R 144 61 48 110;
VDM1 99 7E8B D 192 61 146E0E720E92;R 240 61 48 146;D 288 61 09920196019208961DB6;D 336 61 03B601B709D714DB07FB;D 0 62 126E0EFB106E;R 48 62 48 110;R 96 62 48 110;
VDM1 100 570A R 144 62 48 110;D 192 62 146E0E720E92;R 240 62 48 146;D 288 62 09920196019208961DB6;D 336 62 03B601B709D714DB07FB;D 0 63 126E018D01D60AB601D6018D106E;
VDM1 101 0ECB R 48 63 48 110;R 96 63 48 110;R 144 63 48 110;D 192 63 136E0F720E92;R 240 63 48 146;D 288 63 09920196029207961DB6;D 336 63 03B601B70AD714DB06FB;R 0 64 48 110;
VDM1 102 046B R 48 64 48 110;R 96 64 48 110;R 144 64 48 110;D 192 64 126E0F720F92;R 240 64 48 146;D 288 64 0E9206961CB6;D 336 64 04B601B709D714DB06FB;R 0 65 48 110;
VDM1 103 BBAE R 48 65 48 110;R 96 65 48 110;R 144 65 48 110;D 192 65 126E0F720F92;R 240 65 48 146;D 288 65 0F9206961BB6;D 336 65 04B602B708D714DB06FB;R 0 66 48 110;
VDM1 104 90EF R 48 66 48 110;R 96 66 48 110;R 144 66 48 110;D 192 66 116E0F721092;R 240 66 48 146;D 288 66 0B9202960392069601FB09B610B2;D 336 66 1AB209DB05FB;R 0 67 48 110;
VDM1 105 91C9 R 48 67 48 110;R 96 67 48 110;R 144 67 48 110;D 192 67 116E0F721092;R 240 67 48 146;D 288 67 0B9202960392039607FB06B604FB0CB2;
VDM1 106 4661 D 336 67 0FB203FB02B203FB03B209DB05FB;R 0 68 48 110;R 48 68 48 110;R 96 68 48 110;R 144 68 48 110;D 192 68 116E0F721092;R 240 68 48 146;
VDM1 107 6F6A D 288 68 0B9204960192029609FB05B601FB07B202FB03B202FB01B2;D 336 68 03B202FB09B201FB05B201FB02B201FB02B209DB05FB;R 0 69 48 110;R 48 69 48 110;R 96 69 48 110;
VDM1 108 C53B R 144 69 48 110;D 192 69 106E0F721192;R 240 69 48 146;D 288 69 0E920296029209FB05B603FB04B201FB04B201FB01B202FB;
VDM1 109 9797 D 336 69 02B201FB01B202FB09B202FB03B201FB02B201FB02B20ADB04FB;R 0 70 48 110;R 48 70 48 110;R 96 70 48 110;R 144 70 48 110;D 192 70 106E0F721192;
VDM1 110 AC42 R 240 70 48 146;D 288 70 0F920196029209FB05B601FB06B201FB04B202FB02B2;D 336 70 02B202FB0DB201FB02B201FB02B201FB02B20ADB04FB;R 0 71 48 110;R 48 71 48 110;
VDM1 111 B357 R 96 71 48 110;R 144 71 48 110;D 192 71 0F6E0F721292;R 240 71 48 146;D 288 71 0F9202960BFB04B601FB06B201FB05B203FB;
VDM CONTROLLER 1
VDM1 112 B9EC D 336 71 03B203FB08B203FB03B203FB03B20BDB03FB;R 0 72 48 110;R 48 72 48 110;R 96 72 48 110;R 144 72 48 110;D 192 72 0F6E0F721292;R 240 72 48 146;
VDM1 113 AB36 D 288 72 0F920296019209FB05B610B2;D 336 72 1AB20BDB03FB;R 0 73 48 110;R 48 73 48 110;R 96 73 48 110;R 144 73 48 110;D 192 73 0E6E10721292;R 240 73 48 146;
VDM1 114 C95B D 288 73 0F92039609FB05B610B2;D 336 73 1AB20BDB03FB;R 0 74 48 110;R 48 74 48 110;R 96 74 48 110;R 144 74 48 110;D 192 74 0E6E0F721392;R 240 74 48 146;
VDM1 115 96DC D 288 74 1092029609FB05B610B2;D 336 74 1AB20CDB02FB;R 0 75 48 110;R 48 75 48 110;R 96 75 48 110;R 144 75 48 110;D 192 75 0D6E10721392;R 240 75 48 146;
VDM1 116 4902 D 288 75 11920196019207FB06B601B202FB05B201FB07B2;D 336 75 04B201FB05B201FB04B203FB02B203FB03B20CDB02FB;R 0 76 48 110;R 48 76 48 110;R 96 76 48 110;
VDM1 117 D5CB R 144 76 48 110;D 192 76 0D6E0F721492;R 240 76 48 146;D 288 76 12920196039201FB049605B603B201FB03B201FB01B201FB06B2;
VDM1 118 4B35 D 336 76 03B201FB01B201FB03B201FB01B201FB02B201FB05B201FB02B201FB02B20CDB02FB;R 0 77 48 110;R 48 77 48 110;R 96 77 48 110;R 144 77 48 110;
VDM1 119 5305 D 192 77 0D6E0F721492;R 240 77 48 146;D 288 77 129201960392059605B602B201FB05B201FB07B2;D 336 77 03B201FB01B201FB04B202FB02B201FB01B202FB02B203FB03B20CDB02FB;
VDM1 120 CCC0 R 0 78 48 110;R 48 78 48 110;R 96 78 48 110;R 144 78 48 110;D 192 78 0C6E10721492;R 240 78 48 146;D 288 78 129202960392049605B601B201FB05B201FB01B201FB06B2;
VDM1 121 A128 D 336 78 03B201FB01B201FB05B201FB02B201FB03B201FB01B201FB02B201FB02B20DDB01FB;D 0 79 1A6E03FB136E;R 48 79 48 110;R 96 79 48 110;R 144 79 48 110;
VDM1 122 EF6F D 192 79 0C6E10721492;R 240 79 48 146;D 288 79 139201960392059604B601B203FB04B201FB05B201FB01B2;D 336 79 04B201FB04B202FB04B203FB02B203FB03B20DDB01FB;
VDM1 123 4231 D 0 80 1A6E04FB126E;R 48 80 48 110;R 96 80 48 110;R 144 80 48 110;D 192 80 0B6E11721492;R 240 80 48 146;D 288 80 1892049604B610B2;D 336 80 1AB20EDB;
VDM1 124 F31A D 0 81 1B6E04FB116E;R 48 81 48 110;R 96 81 48 110;R 144 81 48 110;D 192 81 0B6E11721492;R 240 81 48 146;D 288 81 1892049604B610B2;D 336 81 1AB20EDB;
VDM1 125 2A0A D 0 82 136E0DFB106E;R 48 82 48 110;R 96 82 48 110;R 144 82 48 110;D 192 82 0B6E11721492;R 240 82 48 146;D 288 82 1992049613B6;D 336 82 09B602B70AD713DB;
VDM1 126 2A87 D 0 83 126E0FFB0F6E;R 48 83 48 110;R 96 83 48 110;R 144 83 48 110;D 192 83 0A6E11721592;R 240 83 48 146;D 288 83 1992059612B6;D 336 83 09B603B709D713DB;
