VDM CONTROLLER 1
VDM1 1 77E7 H 376 288;P 0 FF000000FF080808FF101010FF191919FF212121FF292929FF313131FF3A3A3A;P 8 FF424242FF4A4A4AFF525252FF5A5A5AFF636363FF6B6B6BFF737373FF7B7B7B;P 16 FF848484FF8C8C8CFF949494FF9C9C9CFFA5A5A5FFADADADFFB5B5B5FFBDBDBD;P 24 FFC5C5C5FFCECECEFFD6D6D6FFDEDEDEFFE6E6E6FFEFEFEFFFF7F7F7FFFFFFFF;P 32 FF000000FF550000FFAA0000FFFF0000FF002400FF552400FFAA2400FFFF2400;P 40 FF004900FF554900FFAA4900FFFF4900FF006D00FF556D00FFAA6D00FFFF6D00;P 48 FF009200FF559200FFAA9200FFFF9200FF00B600FF55B600FFAAB600FFFFB600;
VDM1 2 5278 P 56 FF00DB00FF55DB00FFAADB00FFFFDB00FF00FF00FF55FF00FFAAFF00FFFFFF00;P 64 FF00002BFF55002BFFAA002BFFFF002BFF00242BFF55242BFFAA242BFFFF242B;P 72 FF00492BFF55492BFFAA492BFFFF492BFF006D2BFF556D2BFFAA6D2BFFFF6D2B;P 80 FF00922BFF55922BFFAA922BFFFF922BFF00B62BFF55B62BFFAAB62BFFFFB62B;P 88 FF00DB2BFF55DB2BFFAADB2BFFFFDB2BFF00FF2BFF55FF2BFFAAFF2BFFFFFF2B;P 96 FF000055FF550055FFAA0055FFFF0055FF002455FF552455FFAA2455FFFF2455;P 104 FF004955FF554955FFAA4955FFFF4955FF006D55FF556D55FFAA6D55FFFF6D55;
VDM1 3 BF38 P 112 FF009255FF559255FFAA9255FFFF9255FF00B655FF55B655FFAAB655FFFFB655;P 120 FF00DB55FF55DB55FFAADB55FFFFDB55FF00FF55FF55FF55FFAAFF55FFFFFF55;P 128 FF000080FF550080FFAA0080FFFF0080FF002480FF552480FFAA2480FFFF2480;P 136 FF004980FF554980FFAA4980FFFF4980FF006D80FF556D80FFAA6D80FFFF6D80;P 144 FF009280FF559280FFAA9280FFFF9280FF00B680FF55B680FFAAB680FFFFB680;P 152 FF00DB80FF55DB80FFAADB80FFFFDB80FF00FF80FF55FF80FFAAFF80FFFFFF80;P 160 FF0000AAFF5500AAFFAA00AAFFFF00AAFF0024AAFF5524AAFFAA24AAFFFF24AA;
VDM1 4 076C P 168 FF0049AAFF5549AAFFAA49AAFFFF49AAFF006DAAFF556DAAFFAA6DAAFFFF6DAA;P 176 FF0092AAFF5592AAFFAA92AAFFFF92AAFF00B6AAFF55B6AAFFAAB6AAFFFFB6AA;P 184 FF00DBAAFF55DBAAFFAADBAAFFFFDBAAFF00FFAAFF55FFAAFFAAFFAAFFFFFFAA;P 192 FF0000D5FF5500D5FFAA00D5FFFF00D5FF0024D5FF5524D5FFAA24D5FFFF24D5;P 200 FF0049D5FF5549D5FFAA49D5FFFF49D5FF006DD5FF556DD5FFAA6DD5FFFF6DD5;P 208 FF0092D5FF5592D5FFAA92D5FFFF92D5FF00B6D5FF55B6D5FFAAB6D5FFFFB6D5;P 216 FF00DBD5FF55DBD5FFAADBD5FFFFDBD5FF00FFD5FF55FFD5FFAAFFD5FFFFFFD5;
VDM1 5 4BCD P 224 FF0000FFFF5500FFFFAA00FFFFFF00FFFF0024FFFF5524FFFFAA24FFFFFF24FF;P 232 FF0049FFFF5549FFFFAA49FFFFFF49FFFF006DFFFF556DFFFFAA6DFFFFFF6DFF;P 240 FF0092FFFF5592FFFFAA92FFFFFF92FFFF00B6FFFF55B6FFFFAAB6FFFFFFB6FF;P 248 FF00DBFFFF55DBFFFFAADBFFFFFFDBFFFF00FFFFFF55FFFFFFAAFFFFFFFFFFFF;LUT 3 0 000000010101020203030304040505060607070809090A0A0B0C0C0D0D0E0F0F10111112131314151616171818191A1B;LUT 3 48 1C1C1D1E1F1F2021222323242526272828292A2B2C2D2D2E2F30313233343535363738393A3B3C3D3E3F404141424344;
Auto-reconnect failed
Hard-resetting BLE client: auto reconnect failed
Next reconnect attempt in 2072 ms
CBTIME 2000-01-01 00:00:00
VDM1 6 6ABF LUT 3 96 45464748494A4B4C4D4E4F505152535455565758595A5B5C5D5E5F6062636465666768696A6B6C6D6E6F707273747576;LUT 3 144 7778797A7B7D7E7F8081828384868788898A8B8C8E8F9091929395969798999A9C9D9E9FA0A1A3A4A5A6A7A9AAABACAD;LUT 3 192 AFB0B1B2B4B5B6B7B8BABBBCBDBFC0C1C2C4C5C6C7C9CACBCCCECFD0D1D3D4D5D7D8D9DADCDDDEE0E1E2E3E5E6E7E9EA;LUT 3 240 EBEDEEEFF0F2F3F4F6F7F8FAFBFCFEFF;LUT 4 0 0000000101010102020303030404050505060607070809090A0A0A0B0C0C0D0D0E0F0F10101111121313141516161617;
VDM1 7 B74C LUT 4 48 1818191A1B1C1C1D1D1E1F1F202122232324242526272828292A2B2C2C2D2D2E2F3031323334343535363738393A3B3C;LUT 4 96 3C3D3E3F4041414243444445464748494A4B4C4D4D4E4F50515253545556565758595A5B5C5D5E5F5F60626364656667;LUT 4 144 6869696A6B6C6D6E6F707273737475767778797A7B7D7D7E7F808182838486878788898A8B8C8E8F9091919293959697;LUT 4 192 98999A9C9C9D9E9FA0A1A3A4A5A6A6A7A9AAABACADAFB0B1B1B2B4B5B6B7B8BABBBCBCBDBFC0C1C2C4C5C6C7C7C9CACB;LUT 4 240 CCCECFD0D1D3D3D4D5D7D8D9DADCDDDE;
VDM1 8 76F1 LUT 5 0 000000010101020203030304040505060607070809090A0A0B0C0C0D0D0E0F0F10111112131314151616171818191A1B;LUT 5 48 1C1C1D1E1F1F2021222323242526272828292A2B2C2D2D2E2F30313233343535363738393A3B3C3D3E3F404141424344;LUT 5 96 45464748494A4B4C4D4E4F505152535455565758595A5B5C5D5E5F6062636465666768696A6B6C6D6E6F707273747576;LUT 5 144 7778797A7B7D7E7F8081828384868788898A8B8C8E8F9091929395969798999A9C9D9E9FA0A1A3A4A5A6A7A9AAABACAD;LUT 5 192 AFB0B1B2B4B5B6B7B8BABBBCBDBFC0C1C2C4C5C6C7C9CACBCCCECFD0D1D3D4D5D7D8D9DADCDDDEE0E1E2E3E5E6E7E9EA;
VDM1 9 4E38 LUT 5 240 EBEDEEEFF0F2F3F4F6F7F8FAFBFCFEFF;
VDM1 10 5B50 ASSET 841FC541 270054;
VDM CONTROLLER 1
VDM1 11 1C47 ASSETREF 1116AD8D 841FC541;
VDM1 12 BAD9 LUT 1 0 000102030405060708090A0B0C0D0E0F101112131415161718191A1B1C1D1E1F202122232425262728292A2B2C2D2E2F;LUT 1 48 303132333435363738393A3B3C3D3E3F404142434445464748494A4B4C4D4E4F505152535455565758595A5B5C5D5E5F;LUT 1 96 606162636465666768696A6B6C6D6E6F707172737475767778797A7B7C7D7E7F808182838485868788898A8B8C8D8E8F;LUT 1 144 909192939495969798999A9B9C9D9E9FA0A1A2A3A4A5A6A7A8A9AAABACADAEAFB0B1B2B3B4B5B6B7B8B9BABBBCBDBEBF;LUT 1 192 C0C1C2C3C4C5C6C7C8C9CACBCCCDCECFD0D1D2D3D4D5D6D7D8D9DADBDCDDDEDFE0E1E2E3E4E5E6E7E8E9EAEBECEDEEEF;
VDM1 13 D145 LUT 1 240 F0F1F2F3F4F5F6F7F8F9FAFBFCFDFEFF;BMP 1116AD8D 0 0 0 400 285 0 0 376 285 100 0 1 0 0 255 85 256 256 255 160 1;
VDM1 14 A6FB ASSET 66E24A7E 1254;
VDM1 15 AE99 ASSETREF ADC001A6 66E24A7E;
VDM1 16 59F0 BMP ADC001A6 1 15 18 20 20 0 0 20 20 100 0 1 1 1 255 85 256 256 256 100 1;
CBTIME 2000-01-01 00:00:00
VDM1 17 0C86 ASSET C3B22125 1254;
VDM1 18 395E ASSETREF 25601C4D C3B22125;
VDM1 19 A0C5 BMP 25601C4D 1 15 48 20 20 0 0 20 20 100 0 1 1 1 255 85 256 256 256 100 1;
VDM1 20 051A ASSET BDB6F0B3 1254;
VDM1 21 08FF ASSETREF 5B52A409 BDB6F0B3;
VDM1 22 2CAB BMP 5B52A409 1 15 78 20 20 0 0 20 20 100 0 1 1 1 255 85 256 256 256 100 1;
VDM1 23 BAA2 ASSET AC91A138 1254;
VDM1 24 0D08 ASSETREF 398888BA AC91A138;
VDM1 25 3FE7 BMP 398888BA 1 15 108 20 20 0 0 20 20 100 0 1 1 1 255 85 256 256 256 100 1;
VDM1 26 7276 ASSET A43C4F92 1254;
VDM1 27 522B ASSETREF DC2A4BA4 A43C4F92;
VDM1 28 1128 BMP DC2A4BA4 1 15 138 20 20 0 0 20 20 100 0 1 1 1 255 85 256 256 256 100 1;
VDM1 29 20C2 ASSET A8144283 1254;
VDM1 30 586B ASSETREF 2F235A10 A8144283;
VDM1 31 D9AA BMP 2F235A10 1 15 168 20 20 0 0 20 20 100 0 1 1 1 255 85 256 256 256 100 1;FILL 11 18 2 20 FFFFDBFF;FILL 37 18 2 20 FFFFDBFF;CIRCLE 310 23 5 0 FFFFDBFF;CIRCLE 310 47 5 0 FFFFDBFF;CIRCLE 310 71 5 1 FFFFDBFF;CIRCLE 310 95 5 1 FFFFDBFF;GLYPH 320 18 6 8 FFFFDBFF FFAA92AA 72 02493C924000;GLYPH 326 18 6 8 FFFFDBFF FFAA92AA 101 00062CC1C000;GLYPH 332 18 6 8 FFFFDBFF FFAA92AA 97 00062491E000;GLYPH 338 18 6 8 FFFFDBFF FFAA92AA 112 000E24938820;GLYPH 344 18 6 8 FFFFDBFF FFAA92AA 82 038938924000;GLYPH 350 18 6 8 FFFFDBFF FFAA92AA 65 01893C924000;
VDM1 32 4957 GLYPH 356 18 6 8 FFFFDBFF FFAA92AA 77 022DAA8A2000;GLYPH 320 26 6 8 FFFFDBFF FFAA92AA 53 01C418118000;GLYPH 326 26 6 8 FFFFDBFF FFAA92AA 51 018108118000;GLYPH 332 26 6 8 FFFFDBFF FFAA92AA 46 000000008000;GLYPH 338 26 6 8 FFFFDBFF FFAA92AA 49 00860821C000;GLYPH 344 26 6 8 FFFFDBFF FFAA92AA 48 008514508000;GLYPH 350 26 6 8 FFFFDBFF FFAA92AA 75 024938924000;GLYPH 356 26 6 8 FFFFDBFF FFAA92AA 66 038938938000;GLYPH 320 42 6 8 FFFFDBFF FFAA92AA 84 03E208208000;GLYPH 326 42 6 8 FFFFDBFF FFAA92AA 111 000624918000;
VDM1 33 C6CF GLYPH 332 42 6 8 FFFFDBFF FFAA92AA 116 010E10408000;GLYPH 338 42 6 8 FFFFDBFF FFAA92AA 97 00062491E000;GLYPH 344 42 6 8 FFFFDBFF FFAA92AA 108 010410408000;GLYPH 350 42 6 8 FFFFDBFF FFAA92AA 32 000000000000;GLYPH 356 42 6 8 FFFFDBFF FFAA92AA 83 01C818138000;GLYPH 362 42 6 8 FFFFDBFF FFAA92AA 68 038924938000;GLYPH 320 50 6 8 FFFFDBFF FFAA92AA 50 01810841C000;GLYPH 326 50 6 8 FFFFDBFF FFAA92AA 56 008508508000;GLYPH 332 50 6 8 FFFFDBFF FFAA92AA 46 000000008000;GLYPH 338 50 6 8 FFFFDBFF FFAA92AA 57 00850C118000;
VDM1 34 190D GLYPH 344 50 6 8 FFFFDBFF FFAA92AA 54 00C418508000;GLYPH 350 50 6 8 FFFFDBFF FFAA92AA 71 01C82C89C000;GLYPH 356 50 6 8 FFFFDBFF FFAA92AA 66 038938938000;GLYPH 320 66 6 8 FFFFDBFF FFAA92AA 70 03C838820000;GLYPH 326 66 6 8 FFFFDBFF FFAA92AA 114 000310410000;GLYPH 332 66 6 8 FFFFDBFF FFAA92AA 101 00062CC1C000;GLYPH 338 66 6 8 FFFFDBFF FFAA92AA 101 00062CC1C000;GLYPH 344 66 6 8 FFFFDBFF FFAA92AA 32 000000000000;GLYPH 350 66 6 8 FFFFDBFF FFAA92AA 83 01C818138000;GLYPH 356 66 6 8 FFFFDBFF FFAA92AA 68 038924938000;
VDM1 35 E7C9 GLYPH 320 74 6 8 FFFFDBFF FFAA92AA 50 01810841C000;GLYPH 326 74 6 8 FFFFDBFF FFAA92AA 56 008508508000;GLYPH 332 74 6 8 FFFFDBFF FFAA92AA 46 000000008000;GLYPH 338 74 6 8 FFFFDBFF FFAA92AA 48 008514508000;GLYPH 344 74 6 8 FFFFDBFF FFAA92AA 57 00850C118000;GLYPH 350 74 6 8 FFFFDBFF FFAA92AA 71 01C82C89C000;GLYPH 356 74 6 8 FFFFDBFF FFAA92AA 66 038938938000;GLYPH 320 90 6 8 FFFFDBFF FFAA92AA 72 02493C924000;GLYPH 326 90 6 8 FFFFDBFF FFAA92AA 101 00062CC1C000;GLYPH 332 90 6 8 FFFFDBFF FFAA92AA 97 00062491E000;
VDM1 36 E63C GLYPH 338 90 6 8 FFFFDBFF FFAA92AA 112 000E24938820;GLYPH 344 90 6 8 FFFFDBFF FFAA92AA 82 038938924000;GLYPH 350 90 6 8 FFFFDBFF FFAA92AA 79 018924918000;GLYPH 356 90 6 8 FFFFDBFF FFAA92AA 77 022DAA8A2000;GLYPH 320 98 6 8 FFFFDBFF FFAA92AA 52 010828F08000;GLYPH 326 98 6 8 FFFFDBFF FFAA92AA 46 000000008000;GLYPH 332 98 6 8 FFFFDBFF FFAA92AA 48 008514508000;GLYPH 338 98 6 8 FFFFDBFF FFAA92AA 48 008514508000;GLYPH 344 98 6 8 FFFFDBFF FFAA92AA 77 022DAA8A2000;GLYPH 350 98 6 8 FFFFDBFF FFAA92AA 66 038938938000;
VDM1 37 D463 GLYPH 330 113 6 8 FFFFDBFF FFAA92AA 82 038938924000;GLYPH 336 113 6 8 FFFFDBFF FFAA92AA 65 01893C924000;GLYPH 342 113 6 8 FFFFDBFF FFAA92AA 77 022DAA8A2000;GLYPH 330 121 6 8 FFFFDBFF FFAA92AA 85 024924918000;GLYPH 336 121 6 8 FFFFDBFF FFAA92AA 83 01C818138000;GLYPH 342 121 6 8 FFFFDBFF FFAA92AA 65 01893C924000;GLYPH 348 121 6 8 FFFFDBFF FFAA92AA 71 01C82C89C000;GLYPH 354 121 6 8 FFFFDBFF FFAA92AA 69 03C83083C000;CIRCLE 315 120 10 0 FFFFDBFF;LINE 315 120 325 120 FFFFDBFF;LINE 315 120 324 120 FFFFDBFF;LINE 315 120 324 121 FFFFDBFF;
VDM1 38 FC9C LINE 315 120 324 122 FFFFDBFF;LINE 315 120 324 122 FFFFDBFF;LINE 315 120 324 123 FFFFDBFF;LINE 315 120 324 124 FFFFDBFF;LINE 315 120 323 124 FFFFDBFF;LINE 315 120 323 125 FFFFDBFF;LINE 315 120 323 125 FFFFDBFF;LINE 315 120 322 126 FFFFDBFF;LINE 315 120 322 126 FFFFDBFF;LINE 315 120 321 127 FFFFDBFF;LINE 315 120 321 127 FFFFDBFF;LINE 315 120 320 128 FFFFDBFF;LINE 315 120 320 128 FFFFDBFF;LINE 315 120 319 128 FFFFDBFF;LINE 315 120 318 129 FFFFDBFF;LINE 315 120 318 129 FFFFDBFF;LINE 315 120 317 129 FFFFDBFF;LINE 315 120 316 129 FFFFDBFF;
VDM1 39 5F0F LINE 315 120 316 129 FFFFDBFF;LINE 315 120 315 129 FFFFDBFF;LINE 315 120 314 129 FFFFDBFF;LINE 315 120 313 129 FFFFDBFF;LINE 315 120 313 129 FFFFDBFF;LINE 315 120 312 129 FFFFDBFF;LINE 315 120 311 129 FFFFDBFF;LINE 315 120 311 129 FFFFDBFF;LINE 315 120 310 128 FFFFDBFF;LINE 315 120 310 128 FFFFDBFF;LINE 315 120 309 128 FFFFDBFF;LINE 315 120 308 127 FFFFDBFF;LINE 315 120 308 127 FFFFDBFF;LINE 315 120 307 126 FFFFDBFF;LINE 315 120 307 126 FFFFDBFF;LINE 315 120 306 125 FFFFDBFF;LINE 315 120 306 125 FFFFDBFF;LINE 315 120 306 124 FFFFDBFF;
VDM1 40 F19F LINE 315 120 305 124 FFFFDBFF;LINE 315 120 305 123 FFFFDBFF;LINE 315 120 305 122 FFFFDBFF;LINE 315 120 305 122 FFFFDBFF;LINE 315 120 305 121 FFFFDBFF;LINE 315 120 305 120 FFFFDBFF;LINE 315 120 305 120 FFFFDBFF;LINE 315 120 305 119 FFFFDBFF;LINE 315 120 305 118 FFFFDBFF;LINE 315 120 305 117 FFFFDBFF;LINE 315 120 305 117 FFFFDBFF;LINE 315 120 305 116 FFFFDBFF;LINE 315 120 305 115 FFFFDBFF;LINE 315 120 306 115 FFFFDBFF;LINE 315 120 306 114 FFFFDBFF;LINE 315 120 306 114 FFFFDBFF;LINE 315 120 307 113 FFFFDBFF;LINE 315 120 307 113 FFFFDBFF;
attemptReconnectIfNeeded: reinitializing BLE client before reconnect
VDM1 41 8844 LINE 315 120 308 112 FFFFDBFF;LINE 315 120 308 112 FFFFDBFF;LINE 315 120 309 111 FFFFDBFF;LINE 315 120 310 111 FFFFDBFF;LINE 315 120 310 111 FFFFDBFF;LINE 315 120 311 110 FFFFDBFF;LINE 315 120 311 110 FFFFDBFF;LINE 315 120 312 110 FFFFDBFF;LINE 315 120 313 110 FFFFDBFF;LINE 315 120 313 110 FFFFDBFF;LINE 315 120 314 110 FFFFDBFF;LINE 315 120 315 110 FFFFDBFF;LINE 315 120 316 110 FFFFDBFF;LINE 315 120 316 110 FFFFDBFF;LINE 315 120 317 110 FFFFDBFF;LINE 315 120 318 110 FFFFDBFF;LINE 315 120 318 110 FFFFDBFF;LINE 315 120 319 111 FFFFDBFF;
VDM1 42 14BD LINE 315 120 320 111 FFFFDBFF;CIRCLE 315 120 5 1 FF55492B;CIRCLE 315 148 10 1 FFFFDBFF;LINE 310 143 312 143 FF55492B;LINE 312 143 320 153 FF55492B;LINE 320 153 323 153 FF55492B;LINE 315 148 310 153 FF55492B;LINE 310 142 312 142 FF55492B;LINE 313 142 321 153 FF55492B;LINE 321 153 323 153 FF55492B;LINE 314 147 310 153 FF55492B;GLYPH 330 141 6 8 FFFFDBFF FFAA92AA 67 01C82081C000;GLYPH 336 141 6 8 FFFFDBFF FFAA92AA 79 018924918000;GLYPH 342 141 6 8 FFFFDBFF FFAA92AA 82 038938924000;GLYPH 348 141 6 8 FFFFDBFF FFAA92AA 69 03C83083C000;
VDM1 43 4428 GLYPH 354 141 6 8 FFFFDBFF FFAA92AA 58 000008008000;GLYPH 330 149 6 8 FFFFDBFF FFAA92AA 76 02082083C000;GLYPH 336 149 6 8 FFFFDBFF FFAA92AA 65 01893C924000;GLYPH 342 149 6 8 FFFFDBFF FFAA92AA 77 022DAA8A2000;GLYPH 348 149 6 8 FFFFDBFF FFAA92AA 66 038938938000;GLYPH 354 149 6 8 FFFFDBFF FFAA92AA 68 038924938000;GLYPH 360 149 6 8 FFFFDBFF FFAA92AA 65 01893C924000;FILL 0 270 376 15 FFFFB6D5;GLYPH 310 272 8 8 FF55492B FFFFB6D5 48 003C666666663C00;GLYPH 318 272 8 8 FF55492B FFFFB6D5 48 003C666666663C00;GLYPH 326 272 8 8 FF55492B FFFFB6D5 58 0000181800181800;
VDM1 44 F222 GLYPH 334 272 8 8 FF55492B FFFFB6D5 48 003C666666663C00;GLYPH 342 272 8 8 FF55492B FFFFB6D5 48 003C666666663C00;GLYPH 350 272 8 8 FF55492B FFFFB6D5 58 0000181800181800;GLYPH 358 272 8 8 FF55492B FFFFB6D5 48 003C666666663C00;GLYPH 366 272 8 8 FF55492B FFFFB6D5 48 003C666666663C00;GLYPH 245 273 6 8 FF55492B FFFFB6D5 50 01810841C000;GLYPH 251 273 6 8 FF55492B FFFFB6D5 48 008514508000;GLYPH 257 273 6 8 FF55492B FFFFB6D5 48 008514508000;GLYPH 263 273 6 8 FF55492B FFFFB6D5 48 008514508000;GLYPH 269 273 6 8 FF55492B FFFFB6D5 45 00001C000000;
VDM1 45 8FB0 GLYPH 275 273 6 8 FF55492B FFFFB6D5 48 008514508000;GLYPH 281 273 6 8 FF55492B FFFFB6D5 49 00860821C000;GLYPH 287 273 6 8 FF55492B FFFFB6D5 45 00001C000000;GLYPH 293 273 6 8 FF55492B FFFFB6D5 48 008514508000;GLYPH 299 273 6 8 FF55492B FFFFB6D5 49 00860821C000;E;
VDM1 46 3E00 GLYPH 310 272 8 8 FF55492B FFFFB6D5 48 003C666666663C00;GLYPH 318 272 8 8 FF55492B FFFFB6D5 48 003C666666663C00;GLYPH 326 272 8 8 FF55492B FFFFB6D5 58 0000181800181800;GLYPH 334 272 8 8 FF55492B FFFFB6D5 48 003C666666663C00;GLYPH 342 272 8 8 FF55492B FFFFB6D5 48 003C666666663C00;GLYPH 350 272 8 8 FF55492B FFFFB6D5 58 0000181800181800;GLYPH 358 272 8 8 FF55492B FFFFB6D5 48 003C666666663C00;GLYPH 366 272 8 8 FF55492B FFFFB6D5 48 003C666666663C00;GLYPH 245 273 6 8 FF55492B FFFFB6D5 50 01810841C000;GLYPH 251 273 6 8 FF55492B FFFFB6D5 48 008514508000;
VDM1 47 1890 GLYPH 257 273 6 8 FF55492B FFFFB6D5 48 008514508000;GLYPH 263 273 6 8 FF55492B FFFFB6D5 48 008514508000;GLYPH 269 273 6 8 FF55492B FFFFB6D5 45 00001C000000;GLYPH 275 273 6 8 FF55492B FFFFB6D5 48 008514508000;GLYPH 281 273 6 8 FF55492B FFFFB6D5 49 00860821C000;GLYPH 287 273 6 8 FF55492B FFFFB6D5 45 00001C000000;GLYPH 293 273 6 8 FF55492B FFFFB6D5 48 008514508000;GLYPH 299 273 6 8 FF55492B FFFFB6D5 49 00860821C000;FRAME;FILL 32 32 312 220 FF000000;FILL 33 33 310 18 FF552400;FILL 33 50 310 1 FFAAB600;RECT 32 32 312 220 FFFFB6AA;FILL 37 36 11 11 FF0024AA;
VDM1 48 F68A RECT 37 36 11 11 FFFFDBFF;LINE 40 39 44 43 FFFFDBFF;LINE 44 39 40 43 FFFFDBFF;GLYPH 55 38 8 8 FFFFDBFF FF552400 67 003C666060663C00;GLYPH 63 38 8 8 FFFFDBFF FF552400 111 003C666666663C00;GLYPH 71 38 8 8 FFFFDBFF FF552400 110 004666765E4E4600;GLYPH 79 38 8 8 FFFFDBFF FF552400 102 007E60607C606000;GLYPH 87 38 8 8 FFFFDBFF FF552400 105 003C181818183C00;GLYPH 95 38 8 8 FFFFDBFF FF552400 103 003C66606E663E00;GLYPH 103 38 8 8 FFFFDBFF FF552400 117 00464646464E3C00;GLYPH 111 38 8 8 FFFFDBFF FF552400 114 007C666678686600;
VDM CONTROLLER 1
VDM1 49 ED2A GLYPH 119 38 8 8 FFFFDBFF FF552400 97 003C4E4E7E4E4E00;GLYPH 127 38 8 8 FFFFDBFF FF552400 116 007E181818181800;GLYPH 135 38 8 8 FFFFDBFF FF552400 105 003C181818183C00;GLYPH 143 38 8 8 FFFFDBFF FF552400 111 003C666666663C00;GLYPH 151 38 8 8 FFFFDBFF FF552400 110 004666765E4E4600;FILL 33 51 310 200 FF080808;FILL 43 58 141 19 FF554900;RECT 43 58 141 19 FFAAB62B;GLYPH 48 64 6 8 FFFFDBFF FF554900 87 0228AADA2000;GLYPH 54 64 6 8 FFFFDBFF FF554900 97 00062491E000;GLYPH 60 64 6 8 FFFFDBFF FF554900 108 010410408000;
VDM1 50 C553 GLYPH 66 64 6 8 FFFFDBFF FF554900 108 010410408000;GLYPH 72 64 6 8 FFFFDBFF FF554900 112 000E24938820;GLYPH 78 64 6 8 FFFFDBFF FF554900 97 00062491E000;GLYPH 84 64 6 8 FFFFDBFF FF554900 112 000E24938820;GLYPH 90 64 6 8 FFFFDBFF FF554900 101 00062CC1C000;GLYPH 96 64 6 8 FFFFDBFF FF554900 114 000310410000;GLYPH 102 64 6 8 FFFFDBFF FF554900 32 000000000000;GLYPH 108 64 6 8 FFFFDBFF FF554900 84 03E208208000;GLYPH 114 64 6 8 FFFFDBFF FF554900 111 000624918000;GLYPH 120 64 6 8 FFFFDBFF FF554900 103 00062491C118;FILL 161 61 20 13 FF556D00;
VDM1 51 7B5E GLYPH 164 64 6 8 FFFFDBFF FF556D00 79 018924918000;GLYPH 170 64 6 8 FFFFDBFF FF556D00 78 022CAA9A2000;FILL 43 80 141 19 FF002400;RECT 43 80 141 19 FF55492B;GLYPH 48 86 6 8 FFFFDBFF FF002400 84 03E208208000;GLYPH 54 86 6 8 FFFFDBFF FF002400 111 000624918000;GLYPH 60 86 6 8 FFFFDBFF FF002400 111 000624918000;GLYPH 66 86 6 8 FFFFDBFF FF002400 108 010410408000;GLYPH 72 86 6 8 FFFFDBFF FF002400 116 010E10408000;GLYPH 78 86 6 8 FFFFDBFF FF002400 105 010010408000;GLYPH 84 86 6 8 FFFFDBFF FF002400 112 000E24938820;
VDM1 52 305B GLYPH 90 86 6 8 FFFFDBFF FF002400 115 000318118000;GLYPH 96 86 6 8 FFFFDBFF FF002400 32 000000000000;GLYPH 102 86 6 8 FFFFDBFF FF002400 84 03E208208000;GLYPH 108 86 6 8 FFFFDBFF FF002400 111 000624918000;GLYPH 114 86 6 8 FFFFDBFF FF002400 103 00062491C118;FILL 161 83 20 13 FF556D00;GLYPH 164 86 6 8 FFFFDBFF FF556D00 79 018924918000;GLYPH 170 86 6 8 FFFFDBFF FF556D00 78 022CAA9A2000;FILL 43 102 141 19 FF002400;RECT 43 102 141 19 FF55492B;GLYPH 48 108 6 8 FFFFDBFF FF002400 86 0228A2508000;GLYPH 54 108 6 8 FFFFDBFF FF002400 101 00062CC1C000;
VDM1 53 5B9F GLYPH 60 108 6 8 FFFFDBFF FF002400 114 000310410000;GLYPH 66 108 6 8 FFFFDBFF FF002400 98 020E24918000;GLYPH 72 108 6 8 FFFFDBFF FF002400 111 000624918000;GLYPH 78 108 6 8 FFFFDBFF FF002400 115 000318118000;GLYPH 84 108 6 8 FFFFDBFF FF002400 101 00062CC1C000;GLYPH 90 108 6 8 FFFFDBFF FF002400 32 000000000000;GLYPH 96 108 6 8 FFFFDBFF FF002400 85 024924918000;GLYPH 102 108 6 8 FFFFDBFF FF002400 65 01893C924000;GLYPH 108 108 6 8 FFFFDBFF FF002400 82 038938924000;GLYPH 114 108 6 8 FFFFDBFF FF002400 84 03E208208000;FILL 155 105 26 13 FF552455;
VDM1 54 6AC7 GLYPH 158 108 6 8 FFFFDBFF FF552455 79 018924918000;GLYPH 164 108 6 8 FFFFDBFF FF552455 70 03C838820000;GLYPH 170 108 6 8 FFFFDBFF FF552455 70 03C838820000;FILL 43 124 141 19 FF002400;RECT 43 124 141 19 FF55492B;GLYPH 48 130 6 8 FFFFDBFF FF002400 68 038924938000;GLYPH 54 130 6 8 FFFFDBFF FF002400 105 010010408000;GLYPH 60 130 6 8 FFFFDBFF FF002400 115 000318118000;GLYPH 66 130 6 8 FFFFDBFF FF002400 112 000E24938820;GLYPH 72 130 6 8 FFFFDBFF FF002400 108 010410408000;GLYPH 78 130 6 8 FFFFDBFF FF002400 97 00062491E000;
VDM1 55 0A41 GLYPH 84 130 6 8 FFFFDBFF FF002400 121 00092491C118;GLYPH 90 130 6 8 FFFFDBFF FF002400 32 000000000000;GLYPH 96 130 6 8 FFFFDBFF FF002400 67 01C82081C000;GLYPH 102 130 6 8 FFFFDBFF FF002400 111 000624918000;GLYPH 108 130 6 8 FFFFDBFF FF002400 108 010410408000;GLYPH 114 130 6 8 FFFFDBFF FF002400 111 000624918000;GLYPH 120 130 6 8 FFFFDBFF FF002400 117 00092491E000;GLYPH 126 130 6 8 FFFFDBFF FF002400 114 000310410000;FILL 161 127 20 13 FF556D00;GLYPH 164 130 6 8 FFFFDBFF FF556D00 79 018924918000;GLYPH 170 130 6 8 FFFFDBFF FF556D00 78 022CAA9A2000;
VDM1 56 8179 FILL 43 146 141 19 FF002400;RECT 43 146 141 19 FF55492B;GLYPH 48 152 6 8 FFFFDBFF FF002400 87 0228AADA2000;GLYPH 54 152 6 8 FFFFDBFF FF002400 105 010010408000;GLYPH 60 152 6 8 FFFFDBFF FF002400 70 03C838820000;GLYPH 66 152 6 8 FFFFDBFF FF002400 105 010010408000;GLYPH 72 152 6 8 FFFFDBFF FF002400 32 000000000000;GLYPH 78 152 6 8 FFFFDBFF FF002400 67 01C82081C000;GLYPH 84 152 6 8 FFFFDBFF FF002400 111 000624918000;GLYPH 90 152 6 8 FFFFDBFF FF002400 114 000310410000;GLYPH 96 152 6 8 FFFFDBFF FF002400 101 00062CC1C000;
VDM1 57 55A7 GLYPH 102 152 6 8 FFFFDBFF FF002400 32 000000000000;GLYPH 108 152 6 8 FFFFDBFF FF002400 84 03E208208000;GLYPH 114 152 6 8 FFFFDBFF FF002400 111 000624918000;GLYPH 120 152 6 8 FFFFDBFF FF002400 103 00062491C118;FILL 161 149 20 13 FF556D00;GLYPH 164 152 6 8 FFFFDBFF FF556D00 79 018924918000;GLYPH 170 152 6 8 FFFFDBFF FF556D00 78 022CAA9A2000;FILL 43 168 141 19 FF002400;RECT 43 168 141 19 FF55492B;GLYPH 48 174 6 8 FFFFDBFF FF002400 84 03E208208000;GLYPH 54 174 6 8 FFFFDBFF FF002400 101 00062CC1C000;GLYPH 60 174 6 8 FFFFDBFF FF002400 108 010410408000;
VDM1 58 C501 GLYPH 66 174 6 8 FFFFDBFF FF002400 101 00062CC1C000;GLYPH 72 174 6 8 FFFFDBFF FF002400 109 000D2AAA2000;GLYPH 78 174 6 8 FFFFDBFF FF002400 101 00062CC1C000;GLYPH 84 174 6 8 FFFFDBFF FF002400 116 010E10408000;GLYPH 90 174 6 8 FFFFDBFF FF002400 114 000310410000;GLYPH 96 174 6 8 FFFFDBFF FF002400 121 00092491C118;GLYPH 102 174 6 8 FFFFDBFF FF002400 32 000000000000;GLYPH 108 174 6 8 FFFFDBFF FF002400 68 038924938000;GLYPH 114 174 6 8 FFFFDBFF FF002400 97 00062491E000;GLYPH 120 174 6 8 FFFFDBFF FF002400 116 010E10408000;
VDM1 59 06D5 GLYPH 126 174 6 8 FFFFDBFF FF002400 97 00062491E000;FILL 155 171 26 13 FF552455;GLYPH 158 174 6 8 FFFFDBFF FF552455 79 018924918000;GLYPH 164 174 6 8 FFFFDBFF FF552455 70 03C838820000;GLYPH 170 174 6 8 FFFFDBFF FF552455 70 03C838820000;FILL 43 190 141 19 FF002400;RECT 43 190 141 19 FF55492B;GLYPH 48 196 6 8 FFFFDBFF FF002400 70 03C838820000;GLYPH 54 196 6 8 FFFFDBFF FF002400 97 00062491E000;GLYPH 60 196 6 8 FFFFDBFF FF002400 115 000318118000;GLYPH 66 196 6 8 FFFFDBFF FF002400 116 010E10408000;GLYPH 72 196 6 8 FFFFDBFF FF002400 66 038938938000;
VDM1 60 F2D0 GLYPH 78 196 6 8 FFFFDBFF FF002400 111 000624918000;GLYPH 84 196 6 8 FFFFDBFF FF002400 111 000624918000;GLYPH 90 196 6 8 FFFFDBFF FF002400 116 010E10408000;FILL 155 193 26 13 FF552455;GLYPH 158 196 6 8 FFFFDBFF FF552455 79 018924918000;GLYPH 164 196 6 8 FFFFDBFF FF552455 70 03C838820000;GLYPH 170 196 6 8 FFFFDBFF FF552455 70 03C838820000;FILL 43 212 141 19 FF002400;RECT 43 212 141 19 FF55492B;GLYPH 48 218 6 8 FFFFDBFF FF002400 65 01893C924000;GLYPH 54 218 6 8 FFFFDBFF FF002400 117 00092491E000;GLYPH 60 218 6 8 FFFFDBFF FF002400 100 00472491C000;
VDM1 61 BFA0 GLYPH 66 218 6 8 FFFFDBFF FF002400 105 010010408000;GLYPH 72 218 6 8 FFFFDBFF FF002400 111 000624918000;GLYPH 78 218 6 8 FFFFDBFF FF002400 32 000000000000;GLYPH 84 218 6 8 FFFFDBFF FF002400 68 038924938000;GLYPH 90 218 6 8 FFFFDBFF FF002400 114 000310410000;GLYPH 96 218 6 8 FFFFDBFF FF002400 105 010010408000;GLYPH 102 218 6 8 FFFFDBFF FF002400 118 000492508000;GLYPH 108 218 6 8 FFFFDBFF FF002400 101 00062CC1C000;GLYPH 114 218 6 8 FFFFDBFF FF002400 114 000310410000;FILL 155 215 26 13 FF552455;GLYPH 158 218 6 8 FFFFDBFF FF552455 79 018924918000;
VDM1 62 1530 GLYPH 164 218 6 8 FFFFDBFF FF552455 70 03C838820000;GLYPH 170 218 6 8 FFFFDBFF FF552455 70 03C838820000;FILL 192 58 141 19 FF002400;RECT 192 58 141 19 FF55492B;GLYPH 197 64 6 8 FFFFDBFF FF002400 73 01C20821C000;GLYPH 203 64 6 8 FFFFDBFF FF002400 110 000A34924000;GLYPH 209 64 6 8 FFFFDBFF FF002400 118 000492508000;GLYPH 215 64 6 8 FFFFDBFF FF002400 101 00062CC1C000;GLYPH 221 64 6 8 FFFFDBFF FF002400 114 000310410000;GLYPH 227 64 6 8 FFFFDBFF FF002400 116 010E10408000;GLYPH 233 64 6 8 FFFFDBFF FF002400 32 000000000000;
VDM1 63 8C0B GLYPH 239 64 6 8 FFFFDBFF FF002400 67 01C82081C000;GLYPH 245 64 6 8 FFFFDBFF FF002400 111 000624918000;GLYPH 251 64 6 8 FFFFDBFF FF002400 108 010410408000;GLYPH 257 64 6 8 FFFFDBFF FF002400 111 000624918000;GLYPH 263 64 6 8 FFFFDBFF FF002400 117 00092491E000;GLYPH 269 64 6 8 FFFFDBFF FF002400 114 000310410000;GLYPH 275 64 6 8 FFFFDBFF FF002400 115 000318118000;FILL 304 61 26 13 FF552455;GLYPH 307 64 6 8 FFFFDBFF FF552455 79 018924918000;GLYPH 313 64 6 8 FFFFDBFF FF552455 70 03C838820000;GLYPH 319 64 6 8 FFFFDBFF FF552455 70 03C838820000;
VDM1 64 82A4 FILL 192 80 141 19 FF002400;RECT 192 80 141 19 FF55492B;GLYPH 197 86 6 8 FFFFDBFF FF002400 83 01C818138000;GLYPH 203 86 6 8 FFFFDBFF FF002400 101 00062CC1C000;GLYPH 209 86 6 8 FFFFDBFF FF002400 116 010E10408000;GLYPH 215 86 6 8 FFFFDBFF FF002400 32 000000000000;GLYPH 221 86 6 8 FFFFDBFF FF002400 84 03E208208000;GLYPH 227 86 6 8 FFFFDBFF FF002400 105 010010408000;GLYPH 233 86 6 8 FFFFDBFF FF002400 109 000D2AAA2000;GLYPH 239 86 6 8 FFFFDBFF FF002400 101 00062CC1C000;GLYPH 245 86 6 8 FFFFDBFF FF002400 47 104208410000;
VDM1 65 A9B5 GLYPH 251 86 6 8 FFFFDBFF FF002400 68 038924938000;GLYPH 257 86 6 8 FFFFDBFF FF002400 97 00062491E000;GLYPH 263 86 6 8 FFFFDBFF FF002400 116 010E10408000;GLYPH 269 86 6 8 FFFFDBFF FF002400 101 00062CC1C000;GLYPH 323 86 6 8 FF5592FF FF002400 62 000204200000;FILL 192 102 141 19 FF002400;RECT 192 102 141 19 FF55492B;GLYPH 197 108 6 8 FFFFDBFF FF002400 66 038938938000;GLYPH 203 108 6 8 FFFFDBFF FF002400 108 010410408000;GLYPH 209 108 6 8 FFFFDBFF FF002400 97 00062491E000;GLYPH 215 108 6 8 FFFFDBFF FF002400 99 000620818000;
VDM1 66 B0F4 GLYPH 221 108 6 8 FFFFDBFF FF002400 107 020B30A24000;GLYPH 227 108 6 8 FFFFDBFF FF002400 32 000000000000;GLYPH 233 108 6 8 FFFFDBFF FF002400 65 01893C924000;GLYPH 239 108 6 8 FFFFDBFF FF002400 108 010410408000;GLYPH 245 108 6 8 FFFFDBFF FF002400 112 000E24938820;GLYPH 251 108 6 8 FFFFDBFF FF002400 104 020A34924000;GLYPH 257 108 6 8 FFFFDBFF FF002400 97 00062491E000;GLYPH 323 108 6 8 FF5592FF FF002400 62 000204200000;FILL 192 124 141 19 FF002400;RECT 192 124 141 19 FF55492B;GLYPH 197 130 6 8 FFFFDBFF FF002400 87 0228AADA2000;
VDM1 67 3251 GLYPH 203 130 6 8 FFFFDBFF FF002400 104 020A34924000;GLYPH 209 130 6 8 FFFFDBFF FF002400 105 010010408000;GLYPH 215 130 6 8 FFFFDBFF FF002400 116 010E10408000;GLYPH 221 130 6 8 FFFFDBFF FF002400 101 00062CC1C000;GLYPH 227 130 6 8 FFFFDBFF FF002400 32 000000000000;GLYPH 233 130 6 8 FFFFDBFF FF002400 65 01893C924000;GLYPH 239 130 6 8 FFFFDBFF FF002400 108 010410408000;GLYPH 245 130 6 8 FFFFDBFF FF002400 112 000E24938820;GLYPH 251 130 6 8 FFFFDBFF FF002400 104 020A34924000;GLYPH 257 130 6 8 FFFFDBFF FF002400 97 00062491E000;
VDM1 68 6351 GLYPH 323 130 6 8 FF5592FF FF002400 62 000204200000;FILL 192 146 141 19 FF002400;RECT 192 146 141 19 FF55492B;GLYPH 197 152 6 8 FFFFDBFF FF002400 77 022DAA8A2000;GLYPH 203 152 6 8 FFFFDBFF FF002400 111 000624918000;GLYPH 209 152 6 8 FFFFDBFF FF002400 117 00092491E000;GLYPH 215 152 6 8 FFFFDBFF FF002400 115 000318118000;GLYPH 221 152 6 8 FFFFDBFF FF002400 101 00062CC1C000;GLYPH 227 152 6 8 FFFFDBFF FF002400 32 000000000000;GLYPH 233 152 6 8 FFFFDBFF FF002400 79 018924918000;GLYPH 239 152 6 8 FFFFDBFF FF002400 117 00092491E000;
VDM1 69 E076 GLYPH 245 152 6 8 FFFFDBFF FF002400 116 010E10408000;GLYPH 251 152 6 8 FFFFDBFF FF002400 108 010410408000;GLYPH 257 152 6 8 FFFFDBFF FF002400 105 010010408000;GLYPH 263 152 6 8 FFFFDBFF FF002400 110 000A34924000;GLYPH 269 152 6 8 FFFFDBFF FF002400 101 00062CC1C000;FILL 310 149 20 13 FF556D00;GLYPH 313 152 6 8 FFFFDBFF FF556D00 79 018924918000;GLYPH 319 152 6 8 FFFFDBFF FF556D00 78 022CAA9A2000;FILL 192 168 141 19 FF002400;RECT 192 168 141 19 FF55492B;GLYPH 197 174 6 8 FFFFDBFF FF002400 87 0228AADA2000;GLYPH 203 174 6 8 FFFFDBFF FF002400 97 00062491E000;
VDM1 70 990C GLYPH 209 174 6 8 FFFFDBFF FF002400 108 010410408000;GLYPH 215 174 6 8 FFFFDBFF FF002400 108 010410408000;GLYPH 221 174 6 8 FFFFDBFF FF002400 112 000E24938820;GLYPH 227 174 6 8 FFFFDBFF FF002400 97 00062491E000;GLYPH 233 174 6 8 FFFFDBFF FF002400 112 000E24938820;GLYPH 239 174 6 8 FFFFDBFF FF002400 101 00062CC1C000;GLYPH 245 174 6 8 FFFFDBFF FF002400 114 000310410000;GLYPH 251 174 6 8 FFFFDBFF FF002400 32 000000000000;GLYPH 257 174 6 8 FFFFDBFF FF002400 77 022DAA8A2000;GLYPH 263 174 6 8 FFFFDBFF FF002400 101 00062CC1C000;
VDM1 71 0935 GLYPH 269 174 6 8 FFFFDBFF FF002400 110 000A34924000;GLYPH 275 174 6 8 FFFFDBFF FF002400 117 00092491E000;GLYPH 323 174 6 8 FF5592FF FF002400 62 000204200000;FILL 192 190 141 19 FF002400;RECT 192 190 141 19 FF55492B;GLYPH 197 196 6 8 FFFFDBFF FF002400 85 024924918000;GLYPH 203 196 6 8 FFFFDBFF FF002400 65 01893C924000;GLYPH 209 196 6 8 FFFFDBFF FF002400 82 038938924000;GLYPH 215 196 6 8 FFFFDBFF FF002400 84 03E208208000;GLYPH 221 196 6 8 FFFFDBFF FF002400 32 000000000000;GLYPH 227 196 6 8 FFFFDBFF FF002400 85 024924918000;
VDM1 72 1601 GLYPH 233 196 6 8 FFFFDBFF FF002400 112 000E24938820;GLYPH 239 196 6 8 FFFFDBFF FF002400 108 010410408000;GLYPH 245 196 6 8 FFFFDBFF FF002400 111 000624918000;GLYPH 251 196 6 8 FFFFDBFF FF002400 97 00062491E000;GLYPH 257 196 6 8 FFFFDBFF FF002400 100 00472491C000;GLYPH 323 196 6 8 FF5592FF FF002400 62 000204200000;FILL 192 212 141 19 FF002400;RECT 192 212 141 19 FF55492B;GLYPH 197 218 6 8 FFFFDBFF FF002400 83 01C818138000;GLYPH 203 218 6 8 FFFFDBFF FF002400 101 00062CC1C000;GLYPH 209 218 6 8 FFFFDBFF FF002400 114 000310410000;
VDM1 73 3E4C GLYPH 215 218 6 8 FFFFDBFF FF002400 105 010010408000;GLYPH 221 218 6 8 FFFFDBFF FF002400 97 00062491E000;GLYPH 227 218 6 8 FFFFDBFF FF002400 108 010410408000;GLYPH 233 218 6 8 FFFFDBFF FF002400 32 000000000000;GLYPH 239 218 6 8 FFFFDBFF FF002400 68 038924938000;GLYPH 245 218 6 8 FFFFDBFF FF002400 105 010010408000;GLYPH 251 218 6 8 FFFFDBFF FF002400 115 000318118000;GLYPH 257 218 6 8 FFFFDBFF FF002400 112 000E24938820;GLYPH 263 218 6 8 FFFFDBFF FF002400 108 010410408000;GLYPH 269 218 6 8 FFFFDBFF FF002400 97 00062491E000;
VDM1 74 8FC3 GLYPH 275 218 6 8 FFFFDBFF FF002400 121 00092491C118;FILL 310 215 20 13 FF556D00;GLYPH 313 218 6 8 FFFFDBFF FF556D00 79 018924918000;GLYPH 319 218 6 8 FFFFDBFF FF556D00 78 022CAA9A2000;GLYPH 45 238 6 8 FF556D55 FF080808 83 01C818138000;GLYPH 51 238 6 8 FF556D55 FF080808 121 00092491C118;GLYPH 57 238 6 8 FF556D55 FF080808 115 000318118000;GLYPH 63 238 6 8 FF556D55 FF080808 116 010E10408000;GLYPH 69 238 6 8 FF556D55 FF080808 101 00062CC1C000;GLYPH 75 238 6 8 FF556D55 FF080808 109 000D2AAA2000;GLYPH 81 238 6 8 FF556D55 FF080808 32 000000000000;
VDM CONTROLLER 1
VDM1 75 7F72 GLYPH 87 238 6 8 FF556D55 FF080808 112 000E24938820;GLYPH 93 238 6 8 FF556D55 FF080808 114 000310410000;GLYPH 99 238 6 8 FF556D55 FF080808 101 00062CC1C000;GLYPH 105 238 6 8 FF556D55 FF080808 102 000310418410;GLYPH 111 238 6 8 FF556D55 FF080808 101 00062CC1C000;GLYPH 117 238 6 8 FF556D55 FF080808 114 000310410000;GLYPH 123 238 6 8 FF556D55 FF080808 101 00062CC1C000;GLYPH 129 238 6 8 FF556D55 FF080808 110 000A34924000;GLYPH 135 238 6 8 FF556D55 FF080808 99 000620818000;GLYPH 141 238 6 8 FF556D55 FF080808 101 00062CC1C000;
VDM1 76 6D0D GLYPH 147 238 6 8 FF556D55 FF080808 115 000318118000;FILL 43 58 141 19 FF554900;RECT 43 58 141 19 FFAAB62B;GLYPH 48 64 6 8 FFFFDBFF FF554900 87 0228AADA2000;GLYPH 54 64 6 8 FFFFDBFF FF554900 97 00062491E000;GLYPH 60 64 6 8 FFFFDBFF FF554900 108 010410408000;GLYPH 66 64 6 8 FFFFDBFF FF554900 108 010410408000;GLYPH 72 64 6 8 FFFFDBFF FF554900 112 000E24938820;GLYPH 78 64 6 8 FFFFDBFF FF554900 97 00062491E000;GLYPH 84 64 6 8 FFFFDBFF FF554900 112 000E24938820;GLYPH 90 64 6 8 FFFFDBFF FF554900 101 00062CC1C000;
VDM1 77 7AF0 GLYPH 96 64 6 8 FFFFDBFF FF554900 114 000310410000;GLYPH 102 64 6 8 FFFFDBFF FF554900 32 000000000000;GLYPH 108 64 6 8 FFFFDBFF FF554900 84 03E208208000;GLYPH 114 64 6 8 FFFFDBFF FF554900 111 000624918000;GLYPH 120 64 6 8 FFFFDBFF FF554900 103 00062491C118;FILL 161 61 20 13 FF556D00;GLYPH 164 64 6 8 FFFFDBFF FF556D00 79 018924918000;GLYPH 170 64 6 8 FFFFDBFF FF556D00 78 022CAA9A2000;FRAME;
VDM CONTROLLER 1
Auto-reconnect failed
Hard-resetting BLE client: auto reconnect failed
Next reconnect attempt in 2028 ms
CBTIME 2000-01-01 00:00:00
VDM CONTROLLER 1
attemptReconnectIfNeeded: reinitializing BLE client before reconnect
VDM CONTROLLER 1
VDM CONTROLLER 1
Auto-reconnect failed
Hard-resetting BLE client: auto reconnect failed
Next reconnect attempt in 2088 ms
VDM CONTROLLER 1
attemptReconnectIfNeeded: reinitializing BLE client before reconnect
VDM CONTROLLER 1
VDM CONTROLLER 1
VDM CONTROLLER 1
Auto-reconnect failed
Hard-resetting BLE client: auto reconnect failed
Next reconnect attempt in 2089 ms
VDM CONTROLLER 1
attemptReconnectIfNeeded: reinitializing BLE client before reconnect
VDM CONTROLLER 1
VDM CONTROLLER 1
Auto-reconnect failed
Hard-resetting BLE client: auto reconnect failed
Next reconnect attempt in 2088 ms
VDM CONTROLLER 1
attemptReconnectIfNeeded: reinitializing BLE client before reconnect
VDM CONTROLLER 1
VDM CONTROLLER 1
VDM1 1 77E7 H 376 288;P 0 FF000000FF080808FF101010FF191919FF212121FF292929FF313131FF3A3A3A;P 8 FF424242FF4A4A4AFF525252FF5A5A5AFF636363FF6B6B6BFF737373FF7B7B7B;P 16 FF848484FF8C8C8CFF949494FF9C9C9CFFA5A5A5FFADADADFFB5B5B5FFBDBDBD;P 24 FFC5C5C5FFCECECEFFD6D6D6FFDEDEDEFFE6E6E6FFEFEFEFFFF7F7F7FFFFFFFF;P 32 FF000000FF550000FFAA0000FFFF0000FF002400FF552400FFAA2400FFFF2400;P 40 FF004900FF554900FFAA4900FFFF4900FF006D00FF556D00FFAA6D00FFFF6D00;P 48 FF009200FF559200FFAA9200FFFF9200FF00B600FF55B600FFAAB600FFFFB600;
VDM1 2 5278 P 56 FF00DB00FF55DB00FFAADB00FFFFDB00FF00FF00FF55FF00FFAAFF00FFFFFF00;P 64 FF00002BFF55002BFFAA002BFFFF002BFF00242BFF55242BFFAA242BFFFF242B;P 72 FF00492BFF55492BFFAA492BFFFF492BFF006D2BFF556D2BFFAA6D2BFFFF6D2B;P 80 FF00922BFF55922BFFAA922BFFFF922BFF00B62BFF55B62BFFAAB62BFFFFB62B;P 88 FF00DB2BFF55DB2BFFAADB2BFFFFDB2BFF00FF2BFF55FF2BFFAAFF2BFFFFFF2B;P 96 FF000055FF550055FFAA0055FFFF0055FF002455FF552455FFAA2455FFFF2455;P 104 FF004955FF554955FFAA4955FFFF4955FF006D55FF556D55FFAA6D55FFFF6D55;
VDM1 3 BF38 P 112 FF009255FF559255FFAA9255FFFF9255FF00B655FF55B655FFAAB655FFFFB655;P 120 FF00DB55FF55DB55FFAADB55FFFFDB55FF00FF55FF55FF55FFAAFF55FFFFFF55;P 128 FF000080FF550080FFAA0080FFFF0080FF002480FF552480FFAA2480FFFF2480;P 136 FF004980FF554980FFAA4980FFFF4980FF006D80FF556D80FFAA6D80FFFF6D80;P 144 FF009280FF559280FFAA9280FFFF9280FF00B680FF55B680FFAAB680FFFFB680;P 152 FF00DB80FF55DB80FFAADB80FFFFDB80FF00FF80FF55FF80FFAAFF80FFFFFF80;P 160 FF0000AAFF5500AAFFAA00AAFFFF00AAFF0024AAFF5524AAFFAA24AAFFFF24AA;
VDM1 4 076C P 168 FF0049AAFF5549AAFFAA49AAFFFF49AAFF006DAAFF556DAAFFAA6DAAFFFF6DAA;P 176 FF0092AAFF5592AAFFAA92AAFFFF92AAFF00B6AAFF55B6AAFFAAB6AAFFFFB6AA;P 184 FF00DBAAFF55DBAAFFAADBAAFFFFDBAAFF00FFAAFF55FFAAFFAAFFAAFFFFFFAA;P 192 FF0000D5FF5500D5FFAA00D5FFFF00D5FF0024D5FF5524D5FFAA24D5FFFF24D5;P 200 FF0049D5FF5549D5FFAA49D5FFFF49D5FF006DD5FF556DD5FFAA6DD5FFFF6DD5;P 208 FF0092D5FF5592D5FFAA92D5FFFF92D5FF00B6D5FF55B6D5FFAAB6D5FFFFB6D5;P 216 FF00DBD5FF55DBD5FFAADBD5FFFFDBD5FF00FFD5FF55FFD5FFAAFFD5FFFFFFD5;
VDM1 5 4BCD P 224 FF0000FFFF5500FFFFAA00FFFFFF00FFFF0024FFFF5524FFFFAA24FFFFFF24FF;P 232 FF0049FFFF5549FFFFAA49FFFFFF49FFFF006DFFFF556DFFFFAA6DFFFFFF6DFF;P 240 FF0092FFFF5592FFFFAA92FFFFFF92FFFF00B6FFFF55B6FFFFAAB6FFFFFFB6FF;P 248 FF00DBFFFF55DBFFFFAADBFFFFFFDBFFFF00FFFFFF55FFFFFFAAFFFFFFFFFFFF;LUT 3 0 000000010101020203030304040505060607070809090A0A0B0C0C0D0D0E0F0F10111112131314151616171818191A1B;LUT 3 48 1C1C1D1E1F1F2021222323242526272828292A2B2C2D2D2E2F30313233343535363738393A3B3C3D3E3F404141424344;
VDM1 6 6ABF LUT 3 96 45464748494A4B4C4D4E4F505152535455565758595A5B5C5D5E5F6062636465666768696A6B6C6D6E6F707273747576;LUT 3 144 7778797A7B7D7E7F8081828384868788898A8B8C8E8F9091929395969798999A9C9D9E9FA0A1A3A4A5A6A7A9AAABACAD;LUT 3 192 AFB0B1B2B4B5B6B7B8BABBBCBDBFC0C1C2C4C5C6C7C9CACBCCCECFD0D1D3D4D5D7D8D9DADCDDDEE0E1E2E3E5E6E7E9EA;LUT 3 240 EBEDEEEFF0F2F3F4F6F7F8FAFBFCFEFF;LUT 4 0 0000000101010102020303030404050505060607070809090A0A0A0B0C0C0D0D0E0F0F10101111121313141516161617;
VDM1 7 B74C LUT 4 48 1818191A1B1C1C1D1D1E1F1F202122232324242526272828292A2B2C2C2D2D2E2F3031323334343535363738393A3B3C;LUT 4 96 3C3D3E3F4041414243444445464748494A4B4C4D4D4E4F50515253545556565758595A5B5C5D5E5F5F60626364656667;LUT 4 144 6869696A6B6C6D6E6F707273737475767778797A7B7D7D7E7F808182838486878788898A8B8C8E8F9091919293959697;LUT 4 192 98999A9C9C9D9E9FA0A1A3A4A5A6A6A7A9AAABACADAFB0B1B1B2B4B5B6B7B8BABBBCBCBDBFC0C1C2C4C5C6C7C7C9CACB;LUT 4 240 CCCECFD0D1D3D3D4D5D7D8D9DADCDDDE;
VDM1 8 76F1 LUT 5 0 000000010101020203030304040505060607070809090A0A0B0C0C0D0D0E0F0F10111112131314151616171818191A1B;LUT 5 48 1C1C1D1E1F1F2021222323242526272828292A2B2C2D2D2E2F30313233343535363738393A3B3C3D3E3F404141424344;LUT 5 96 45464748494A4B4C4D4E4F505152535455565758595A5B5C5D5E5F6062636465666768696A6B6C6D6E6F707273747576;LUT 5 144 7778797A7B7D7E7F8081828384868788898A8B8C8E8F9091929395969798999A9C9D9E9FA0A1A3A4A5A6A7A9AAABACAD;LUT 5 192 AFB0B1B2B4B5B6B7B8BABBBCBDBFC0C1C2C4C5C6C7C9CACBCCCECFD0D1D3D4D5D7D8D9DADCDDDEE0E1E2E3E5E6E7E9EA;
VDM1 9 4E38 LUT 5 240 EBEDEEEFF0F2F3F4F6F7F8FAFBFCFEFF;
VDM1 10 5B50 ASSET 841FC541 270054;
VDM1 11 1C47 ASSETREF 1116AD8D 841FC541;
VDM1 12 BAD9 LUT 1 0 000102030405060708090A0B0C0D0E0F101112131415161718191A1B1C1D1E1F202122232425262728292A2B2C2D2E2F;LUT 1 48 303132333435363738393A3B3C3D3E3F404142434445464748494A4B4C4D4E4F505152535455565758595A5B5C5D5E5F;LUT 1 96 606162636465666768696A6B6C6D6E6F707172737475767778797A7B7C7D7E7F808182838485868788898A8B8C8D8E8F;LUT 1 144 909192939495969798999A9B9C9D9E9FA0A1A2A3A4A5A6A7A8A9AAABACADAEAFB0B1B2B3B4B5B6B7B8B9BABBBCBDBEBF;LUT 1 192 C0C1C2C3C4C5C6C7C8C9CACBCCCDCECFD0D1D2D3D4D5D6D7D8D9DADBDCDDDEDFE0E1E2E3E4E5E6E7E8E9EAEBECEDEEEF;
VDM1 13 D145 LUT 1 240 F0F1F2F3F4F5F6F7F8F9FAFBFCFDFEFF;BMP 1116AD8D 0 0 0 400 285 0 0 376 285 100 0 1 0 0 255 85 256 256 255 160 1;
VDM1 14 A6FB ASSET 66E24A7E 1254;
VDM1 15 AE99 ASSETREF ADC001A6 66E24A7E;
VDM1 16 59F0 BMP ADC001A6 1 15 18 20 20 0 0 20 20 100 0 1 1 1 255 85 256 256 256 100 1;
VDM1 17 0C86 ASSET C3B22125 1254;
VDM1 18 395E ASSETREF 25601C4D C3B22125;
VDM1 19 A0C5 BMP 25601C4D 1 15 48 20 20 0 0 20 20 100 0 1 1 1 255 85 256 256 256 100 1;
VDM1 20 051A ASSET BDB6F0B3 1254;
VDM1 21 08FF ASSETREF 5B52A409 BDB6F0B3;
VDM1 22 2CAB BMP 5B52A409 1 15 78 20 20 0 0 20 20 100 0 1 1 1 255 85 256 256 256 100 1;
VDM1 23 BAA2 ASSET AC91A138 1254;
VDM1 24 0D08 ASSETREF 398888BA AC91A138;
VDM1 25 3FE7 BMP 398888BA 1 15 108 20 20 0 0 20 20 100 0 1 1 1 255 85 256 256 256 100 1;
VDM1 26 7276 ASSET A43C4F92 1254;
VDM1 27 522B ASSETREF DC2A4BA4 A43C4F92;
VDM1 28 1128 BMP DC2A4BA4 1 15 138 20 20 0 0 20 20 100 0 1 1 1 255 85 256 256 256 100 1;
VDM1 29 20C2 ASSET A8144283 1254;
VDM1 30 586B ASSETREF 2F235A10 A8144283;
VDM1 31 D9AA BMP 2F235A10 1 15 168 20 20 0 0 20 20 100 0 1 1 1 255 85 256 256 256 100 1;FILL 11 18 2 20 FFFFDBFF;FILL 37 18 2 20 FFFFDBFF;CIRCLE 310 23 5 0 FFFFDBFF;CIRCLE 310 47 5 0 FFFFDBFF;CIRCLE 310 71 5 1 FFFFDBFF;CIRCLE 310 95 5 1 FFFFDBFF;GLYPH 320 18 6 8 FFFFDBFF FFAA92AA 72 02493C924000;GLYPH 326 18 6 8 FFFFDBFF FFAA92AA 101 00062CC1C000;GLYPH 332 18 6 8 FFFFDBFF FFAA92AA 97 00062491E000;GLYPH 338 18 6 8 FFFFDBFF FFAA92AA 112 000E24938820;GLYPH 344 18 6 8 FFFFDBFF FFAA92AA 82 038938924000;GLYPH 350 18 6 8 FFFFDBFF FFAA92AA 65 01893C924000;
VDM1 32 4957 GLYPH 356 18 6 8 FFFFDBFF FFAA92AA 77 022DAA8A2000;GLYPH 320 26 6 8 FFFFDBFF FFAA92AA 53 01C418118000;GLYPH 326 26 6 8 FFFFDBFF FFAA92AA 51 018108118000;GLYPH 332 26 6 8 FFFFDBFF FFAA92AA 46 000000008000;GLYPH 338 26 6 8 FFFFDBFF FFAA92AA 49 00860821C000;GLYPH 344 26 6 8 FFFFDBFF FFAA92AA 48 008514508000;GLYPH 350 26 6 8 FFFFDBFF FFAA92AA 75 024938924000;GLYPH 356 26 6 8 FFFFDBFF FFAA92AA 66 038938938000;GLYPH 320 42 6 8 FFFFDBFF FFAA92AA 84 03E208208000;GLYPH 326 42 6 8 FFFFDBFF FFAA92AA 111 000624918000;
VDM1 33 C6CF GLYPH 332 42 6 8 FFFFDBFF FFAA92AA 116 010E10408000;GLYPH 338 42 6 8 FFFFDBFF FFAA92AA 97 00062491E000;GLYPH 344 42 6 8 FFFFDBFF FFAA92AA 108 010410408000;GLYPH 350 42 6 8 FFFFDBFF FFAA92AA 32 000000000000;GLYPH 356 42 6 8 FFFFDBFF FFAA92AA 83 01C818138000;GLYPH 362 42 6 8 FFFFDBFF FFAA92AA 68 038924938000;GLYPH 320 50 6 8 FFFFDBFF FFAA92AA 50 01810841C000;GLYPH 326 50 6 8 FFFFDBFF FFAA92AA 56 008508508000;GLYPH 332 50 6 8 FFFFDBFF FFAA92AA 46 000000008000;GLYPH 338 50 6 8 FFFFDBFF FFAA92AA 57 00850C118000;
VDM1 34 190D GLYPH 344 50 6 8 FFFFDBFF FFAA92AA 54 00C418508000;GLYPH 350 50 6 8 FFFFDBFF FFAA92AA 71 01C82C89C000;GLYPH 356 50 6 8 FFFFDBFF FFAA92AA 66 038938938000;GLYPH 320 66 6 8 FFFFDBFF FFAA92AA 70 03C838820000;GLYPH 326 66 6 8 FFFFDBFF FFAA92AA 114 000310410000;GLYPH 332 66 6 8 FFFFDBFF FFAA92AA 101 00062CC1C000;GLYPH 338 66 6 8 FFFFDBFF FFAA92AA 101 00062CC1C000;GLYPH 344 66 6 8 FFFFDBFF FFAA92AA 32 000000000000;GLYPH 350 66 6 8 FFFFDBFF FFAA92AA 83 01C818138000;GLYPH 356 66 6 8 FFFFDBFF FFAA92AA 68 038924938000;
VDM CONTROLLER 1
VDM1 35 E7C9 GLYPH 320 74 6 8 FFFFDBFF FFAA92AA 50 01810841C000;GLYPH 326 74 6 8 FFFFDBFF FFAA92AA 56 008508508000;GLYPH 332 74 6 8 FFFFDBFF FFAA92AA 46 000000008000;GLYPH 338 74 6 8 FFFFDBFF FFAA92AA 48 008514508000;GLYPH 344 74 6 8 FFFFDBFF FFAA92AA 57 00850C118000;GLYPH 350 74 6 8 FFFFDBFF FFAA92AA 71 01C82C89C000;GLYPH 356 74 6 8 FFFFDBFF FFAA92AA 66 038938938000;GLYPH 320 90 6 8 FFFFDBFF FFAA92AA 72 02493C924000;GLYPH 326 90 6 8 FFFFDBFF FFAA92AA 101 00062CC1C000;GLYPH 332 90 6 8 FFFFDBFF FFAA92AA 97 00062491E000;
VDM1 36 E63C GLYPH 338 90 6 8 FFFFDBFF FFAA92AA 112 000E24938820;GLYPH 344 90 6 8 FFFFDBFF FFAA92AA 82 038938924000;GLYPH 350 90 6 8 FFFFDBFF FFAA92AA 79 018924918000;GLYPH 356 90 6 8 FFFFDBFF FFAA92AA 77 022DAA8A2000;GLYPH 320 98 6 8 FFFFDBFF FFAA92AA 52 010828F08000;GLYPH 326 98 6 8 FFFFDBFF FFAA92AA 46 000000008000;GLYPH 332 98 6 8 FFFFDBFF FFAA92AA 48 008514508000;GLYPH 338 98 6 8 FFFFDBFF FFAA92AA 48 008514508000;GLYPH 344 98 6 8 FFFFDBFF FFAA92AA 77 022DAA8A2000;GLYPH 350 98 6 8 FFFFDBFF FFAA92AA 66 038938938000;
Auto-reconnect failed
Hard-resetting BLE client: auto reconnect failed
Next reconnect attempt in 2030 ms
VDM1 37 D463 GLYPH 330 113 6 8 FFFFDBFF FFAA92AA 82 038938924000;GLYPH 336 113 6 8 FFFFDBFF FFAA92AA 65 01893C924000;GLYPH 342 113 6 8 FFFFDBFF FFAA92AA 77 022DAA8A2000;GLYPH 330 121 6 8 FFFFDBFF FFAA92AA 85 024924918000;GLYPH 336 121 6 8 FFFFDBFF FFAA92AA 83 01C818138000;GLYPH 342 121 6 8 FFFFDBFF FFAA92AA 65 01893C924000;GLYPH 348 121 6 8 FFFFDBFF FFAA92AA 71 01C82C89C000;GLYPH 354 121 6 8 FFFFDBFF FFAA92AA 69 03C83083C000;CIRCLE 315 120 10 0 FFFFDBFF;LINE 315 120 325 120 FFFFDBFF;LINE 315 120 324 120 FFFFDBFF;LINE 315 120 324 121 FFFFDBFF;
VDM1 38 FC9C LINE 315 120 324 122 FFFFDBFF;LINE 315 120 324 122 FFFFDBFF;LINE 315 120 324 123 FFFFDBFF;LINE 315 120 324 124 FFFFDBFF;LINE 315 120 323 124 FFFFDBFF;LINE 315 120 323 125 FFFFDBFF;LINE 315 120 323 125 FFFFDBFF;LINE 315 120 322 126 FFFFDBFF;LINE 315 120 322 126 FFFFDBFF;LINE 315 120 321 127 FFFFDBFF;LINE 315 120 321 127 FFFFDBFF;LINE 315 120 320 128 FFFFDBFF;LINE 315 120 320 128 FFFFDBFF;LINE 315 120 319 128 FFFFDBFF;LINE 315 120 318 129 FFFFDBFF;LINE 315 120 318 129 FFFFDBFF;LINE 315 120 317 129 FFFFDBFF;LINE 315 120 316 129 FFFFDBFF;
VDM1 39 5F0F LINE 315 120 316 129 FFFFDBFF;LINE 315 120 315 129 FFFFDBFF;LINE 315 120 314 129 FFFFDBFF;LINE 315 120 313 129 FFFFDBFF;LINE 315 120 313 129 FFFFDBFF;LINE 315 120 312 129 FFFFDBFF;LINE 315 120 311 129 FFFFDBFF;LINE 315 120 311 129 FFFFDBFF;LINE 315 120 310 128 FFFFDBFF;LINE 315 120 310 128 FFFFDBFF;LINE 315 120 309 128 FFFFDBFF;LINE 315 120 308 127 FFFFDBFF;LINE 315 120 308 127 FFFFDBFF;LINE 315 120 307 126 FFFFDBFF;LINE 315 120 307 126 FFFFDBFF;LINE 315 120 306 125 FFFFDBFF;LINE 315 120 306 125 FFFFDBFF;LINE 315 120 306 124 FFFFDBFF;
VDM1 40 F19F LINE 315 120 305 124 FFFFDBFF;LINE 315 120 305 123 FFFFDBFF;LINE 315 120 305 122 FFFFDBFF;LINE 315 120 305 122 FFFFDBFF;LINE 315 120 305 121 FFFFDBFF;LINE 315 120 305 120 FFFFDBFF;LINE 315 120 305 120 FFFFDBFF;LINE 315 120 305 119 FFFFDBFF;LINE 315 120 305 118 FFFFDBFF;LINE 315 120 305 117 FFFFDBFF;LINE 315 120 305 117 FFFFDBFF;LINE 315 120 305 116 FFFFDBFF;LINE 315 120 305 115 FFFFDBFF;LINE 315 120 306 115 FFFFDBFF;LINE 315 120 306 114 FFFFDBFF;LINE 315 120 306 114 FFFFDBFF;LINE 315 120 307 113 FFFFDBFF;LINE 315 120 307 113 FFFFDBFF;
VDM1 41 8844 LINE 315 120 308 112 FFFFDBFF;LINE 315 120 308 112 FFFFDBFF;LINE 315 120 309 111 FFFFDBFF;LINE 315 120 310 111 FFFFDBFF;LINE 315 120 310 111 FFFFDBFF;LINE 315 120 311 110 FFFFDBFF;LINE 315 120 311 110 FFFFDBFF;LINE 315 120 312 110 FFFFDBFF;LINE 315 120 313 110 FFFFDBFF;LINE 315 120 313 110 FFFFDBFF;LINE 315 120 314 110 FFFFDBFF;LINE 315 120 315 110 FFFFDBFF;LINE 315 120 316 110 FFFFDBFF;LINE 315 120 316 110 FFFFDBFF;LINE 315 120 317 110 FFFFDBFF;LINE 315 120 318 110 FFFFDBFF;LINE 315 120 318 110 FFFFDBFF;LINE 315 120 319 111 FFFFDBFF;
VDM1 42 14BD LINE 315 120 320 111 FFFFDBFF;CIRCLE 315 120 5 1 FF55492B;CIRCLE 315 148 10 1 FFFFDBFF;LINE 310 143 312 143 FF55492B;LINE 312 143 320 153 FF55492B;LINE 320 153 323 153 FF55492B;LINE 315 148 310 153 FF55492B;LINE 310 142 312 142 FF55492B;LINE 313 142 321 153 FF55492B;LINE 321 153 323 153 FF55492B;LINE 314 147 310 153 FF55492B;GLYPH 330 141 6 8 FFFFDBFF FFAA92AA 67 01C82081C000;GLYPH 336 141 6 8 FFFFDBFF FFAA92AA 79 018924918000;GLYPH 342 141 6 8 FFFFDBFF FFAA92AA 82 038938924000;GLYPH 348 141 6 8 FFFFDBFF FFAA92AA 69 03C83083C000;
VDM1 43 4428 GLYPH 354 141 6 8 FFFFDBFF FFAA92AA 58 000008008000;GLYPH 330 149 6 8 FFFFDBFF FFAA92AA 76 02082083C000;GLYPH 336 149 6 8 FFFFDBFF FFAA92AA 65 01893C924000;GLYPH 342 149 6 8 FFFFDBFF FFAA92AA 77 022DAA8A2000;GLYPH 348 149 6 8 FFFFDBFF FFAA92AA 66 038938938000;GLYPH 354 149 6 8 FFFFDBFF FFAA92AA 68 038924938000;GLYPH 360 149 6 8 FFFFDBFF FFAA92AA 65 01893C924000;FILL 0 270 376 15 FFFFB6D5;GLYPH 310 272 8 8 FF55492B FFFFB6D5 48 003C666666663C00;GLYPH 318 272 8 8 FF55492B FFFFB6D5 48 003C666666663C00;GLYPH 326 272 8 8 FF55492B FFFFB6D5 58 0000181800181800;
VDM1 44 F222 GLYPH 334 272 8 8 FF55492B FFFFB6D5 48 003C666666663C00;GLYPH 342 272 8 8 FF55492B FFFFB6D5 48 003C666666663C00;GLYPH 350 272 8 8 FF55492B FFFFB6D5 58 0000181800181800;GLYPH 358 272 8 8 FF55492B FFFFB6D5 48 003C666666663C00;GLYPH 366 272 8 8 FF55492B FFFFB6D5 48 003C666666663C00;GLYPH 245 273 6 8 FF55492B FFFFB6D5 50 01810841C000;GLYPH 251 273 6 8 FF55492B FFFFB6D5 48 008514508000;GLYPH 257 273 6 8 FF55492B FFFFB6D5 48 008514508000;GLYPH 263 273 6 8 FF55492B FFFFB6D5 48 008514508000;GLYPH 269 273 6 8 FF55492B FFFFB6D5 45 00001C000000;
VDM1 45 E1CE GLYPH 275 273 6 8 FF55492B FFFFB6D5 48 008514508000;GLYPH 281 273 6 8 FF55492B FFFFB6D5 49 00860821C000;GLYPH 287 273 6 8 FF55492B FFFFB6D5 45 00001C000000;GLYPH 293 273 6 8 FF55492B FFFFB6D5 48 008514508000;GLYPH 299 273 6 8 FF55492B FFFFB6D5 49 00860821C000;FILL 32 32 312 220 FF000000;FILL 33 33 310 18 FF552400;FILL 33 50 310 1 FFAAB600;RECT 32 32 312 220 FFFFB6AA;FILL 37 36 11 11 FF0024AA;RECT 37 36 11 11 FFFFDBFF;LINE 40 39 44 43 FFFFDBFF;LINE 44 39 40 43 FFFFDBFF;GLYPH 55 38 8 8 FFFFDBFF FF552400 67 003C666060663C00;
VDM1 46 AD1F GLYPH 63 38 8 8 FFFFDBFF FF552400 111 003C666666663C00;GLYPH 71 38 8 8 FFFFDBFF FF552400 110 004666765E4E4600;GLYPH 79 38 8 8 FFFFDBFF FF552400 102 007E60607C606000;GLYPH 87 38 8 8 FFFFDBFF FF552400 105 003C181818183C00;GLYPH 95 38 8 8 FFFFDBFF FF552400 103 003C66606E663E00;GLYPH 103 38 8 8 FFFFDBFF FF552400 117 00464646464E3C00;GLYPH 111 38 8 8 FFFFDBFF FF552400 114 007C666678686600;GLYPH 119 38 8 8 FFFFDBFF FF552400 97 003C4E4E7E4E4E00;GLYPH 127 38 8 8 FFFFDBFF FF552400 116 007E181818181800;GLYPH 135 38 8 8 FFFFDBFF FF552400 105 003C181818183C00;
VDM1 47 8494 GLYPH 143 38 8 8 FFFFDBFF FF552400 111 003C666666663C00;GLYPH 151 38 8 8 FFFFDBFF FF552400 110 004666765E4E4600;FILL 33 51 310 200 FF080808;FILL 43 58 141 19 FF554900;RECT 43 58 141 19 FFAAB62B;GLYPH 48 64 6 8 FFFFDBFF FF554900 87 0228AADA2000;GLYPH 54 64 6 8 FFFFDBFF FF554900 97 00062491E000;GLYPH 60 64 6 8 FFFFDBFF FF554900 108 010410408000;GLYPH 66 64 6 8 FFFFDBFF FF554900 108 010410408000;GLYPH 72 64 6 8 FFFFDBFF FF554900 112 000E24938820;GLYPH 78 64 6 8 FFFFDBFF FF554900 97 00062491E000;GLYPH 84 64 6 8 FFFFDBFF FF554900 112 000E24938820;
VDM1 48 F4E0 GLYPH 90 64 6 8 FFFFDBFF FF554900 101 00062CC1C000;GLYPH 96 64 6 8 FFFFDBFF FF554900 114 000310410000;GLYPH 102 64 6 8 FFFFDBFF FF554900 32 000000000000;GLYPH 108 64 6 8 FFFFDBFF FF554900 84 03E208208000;GLYPH 114 64 6 8 FFFFDBFF FF554900 111 000624918000;GLYPH 120 64 6 8 FFFFDBFF FF554900 103 00062491C118;FILL 161 61 20 13 FF556D00;GLYPH 164 64 6 8 FFFFDBFF FF556D00 79 018924918000;GLYPH 170 64 6 8 FFFFDBFF FF556D00 78 022CAA9A2000;FILL 43 80 141 19 FF002400;RECT 43 80 141 19 FF55492B;GLYPH 48 86 6 8 FFFFDBFF FF002400 84 03E208208000;
VDM1 49 2A9C GLYPH 54 86 6 8 FFFFDBFF FF002400 111 000624918000;GLYPH 60 86 6 8 FFFFDBFF FF002400 111 000624918000;GLYPH 66 86 6 8 FFFFDBFF FF002400 108 010410408000;GLYPH 72 86 6 8 FFFFDBFF FF002400 116 010E10408000;GLYPH 78 86 6 8 FFFFDBFF FF002400 105 010010408000;GLYPH 84 86 6 8 FFFFDBFF FF002400 112 000E24938820;GLYPH 90 86 6 8 FFFFDBFF FF002400 115 000318118000;GLYPH 96 86 6 8 FFFFDBFF FF002400 32 000000000000;GLYPH 102 86 6 8 FFFFDBFF FF002400 84 03E208208000;GLYPH 108 86 6 8 FFFFDBFF FF002400 111 000624918000;
VDM1 50 29EF GLYPH 114 86 6 8 FFFFDBFF FF002400 103 00062491C118;FILL 161 83 20 13 FF556D00;GLYPH 164 86 6 8 FFFFDBFF FF556D00 79 018924918000;GLYPH 170 86 6 8 FFFFDBFF FF556D00 78 022CAA9A2000;FILL 43 102 141 19 FF002400;RECT 43 102 141 19 FF55492B;GLYPH 48 108 6 8 FFFFDBFF FF002400 86 0228A2508000;GLYPH 54 108 6 8 FFFFDBFF FF002400 101 00062CC1C000;GLYPH 60 108 6 8 FFFFDBFF FF002400 114 000310410000;GLYPH 66 108 6 8 FFFFDBFF FF002400 98 020E24918000;GLYPH 72 108 6 8 FFFFDBFF FF002400 111 000624918000;GLYPH 78 108 6 8 FFFFDBFF FF002400 115 000318118000;
VDM1 51 0312 GLYPH 84 108 6 8 FFFFDBFF FF002400 101 00062CC1C000;GLYPH 90 108 6 8 FFFFDBFF FF002400 32 000000000000;GLYPH 96 108 6 8 FFFFDBFF FF002400 85 024924918000;GLYPH 102 108 6 8 FFFFDBFF FF002400 65 01893C924000;GLYPH 108 108 6 8 FFFFDBFF FF002400 82 038938924000;GLYPH 114 108 6 8 FFFFDBFF FF002400 84 03E208208000;FILL 155 105 26 13 FF552455;GLYPH 158 108 6 8 FFFFDBFF FF552455 79 018924918000;GLYPH 164 108 6 8 FFFFDBFF FF552455 70 03C838820000;GLYPH 170 108 6 8 FFFFDBFF FF552455 70 03C838820000;FILL 43 124 141 19 FF002400;RECT 43 124 141 19 FF55492B;
VDM1 52 FC91 GLYPH 48 130 6 8 FFFFDBFF FF002400 68 038924938000;GLYPH 54 130 6 8 FFFFDBFF FF002400 105 010010408000;GLYPH 60 130 6 8 FFFFDBFF FF002400 115 000318118000;GLYPH 66 130 6 8 FFFFDBFF FF002400 112 000E24938820;GLYPH 72 130 6 8 FFFFDBFF FF002400 108 010410408000;GLYPH 78 130 6 8 FFFFDBFF FF002400 97 00062491E000;GLYPH 84 130 6 8 FFFFDBFF FF002400 121 00092491C118;GLYPH 90 130 6 8 FFFFDBFF FF002400 32 000000000000;GLYPH 96 130 6 8 FFFFDBFF FF002400 67 01C82081C000;GLYPH 102 130 6 8 FFFFDBFF FF002400 111 000624918000;
VDM1 53 65A2 GLYPH 108 130 6 8 FFFFDBFF FF002400 108 010410408000;GLYPH 114 130 6 8 FFFFDBFF FF002400 111 000624918000;GLYPH 120 130 6 8 FFFFDBFF FF002400 117 00092491E000;GLYPH 126 130 6 8 FFFFDBFF FF002400 114 000310410000;FILL 161 127 20 13 FF556D00;GLYPH 164 130 6 8 FFFFDBFF FF556D00 79 018924918000;GLYPH 170 130 6 8 FFFFDBFF FF556D00 78 022CAA9A2000;FILL 43 146 141 19 FF002400;RECT 43 146 141 19 FF55492B;GLYPH 48 152 6 8 FFFFDBFF FF002400 87 0228AADA2000;GLYPH 54 152 6 8 FFFFDBFF FF002400 105 010010408000;GLYPH 60 152 6 8 FFFFDBFF FF002400 70 03C838820000;
VDM1 54 CE7F GLYPH 66 152 6 8 FFFFDBFF FF002400 105 010010408000;GLYPH 72 152 6 8 FFFFDBFF FF002400 32 000000000000;GLYPH 78 152 6 8 FFFFDBFF FF002400 67 01C82081C000;GLYPH 84 152 6 8 FFFFDBFF FF002400 111 000624918000;GLYPH 90 152 6 8 FFFFDBFF FF002400 114 000310410000;GLYPH 96 152 6 8 FFFFDBFF FF002400 101 00062CC1C000;GLYPH 102 152 6 8 FFFFDBFF FF002400 32 000000000000;GLYPH 108 152 6 8 FFFFDBFF FF002400 84 03E208208000;GLYPH 114 152 6 8 FFFFDBFF FF002400 111 000624918000;GLYPH 120 152 6 8 FFFFDBFF FF002400 103 00062491C118;FILL 161 149 20 13 FF556D00;
VDM1 55 077D GLYPH 164 152 6 8 FFFFDBFF FF556D00 79 018924918000;GLYPH 170 152 6 8 FFFFDBFF FF556D00 78 022CAA9A2000;FILL 43 168 141 19 FF002400;RECT 43 168 141 19 FF55492B;GLYPH 48 174 6 8 FFFFDBFF FF002400 84 03E208208000;GLYPH 54 174 6 8 FFFFDBFF FF002400 101 00062CC1C000;GLYPH 60 174 6 8 FFFFDBFF FF002400 108 010410408000;GLYPH 66 174 6 8 FFFFDBFF FF002400 101 00062CC1C000;GLYPH 72 174 6 8 FFFFDBFF FF002400 109 000D2AAA2000;GLYPH 78 174 6 8 FFFFDBFF FF002400 101 00062CC1C000;GLYPH 84 174 6 8 FFFFDBFF FF002400 116 010E10408000;
VDM1 56 E467 GLYPH 90 174 6 8 FFFFDBFF FF002400 114 000310410000;GLYPH 96 174 6 8 FFFFDBFF FF002400 121 00092491C118;GLYPH 102 174 6 8 FFFFDBFF FF002400 32 000000000000;GLYPH 108 174 6 8 FFFFDBFF FF002400 68 038924938000;GLYPH 114 174 6 8 FFFFDBFF FF002400 97 00062491E000;GLYPH 120 174 6 8 FFFFDBFF FF002400 116 010E10408000;GLYPH 126 174 6 8 FFFFDBFF FF002400 97 00062491E000;FILL 155 171 26 13 FF552455;GLYPH 158 174 6 8 FFFFDBFF FF552455 79 018924918000;GLYPH 164 174 6 8 FFFFDBFF FF552455 70 03C838820000;GLYPH 170 174 6 8 FFFFDBFF FF552455 70 03C838820000;
VDM1 57 2A48 FILL 43 190 141 19 FF002400;RECT 43 190 141 19 FF55492B;GLYPH 48 196 6 8 FFFFDBFF FF002400 70 03C838820000;GLYPH 54 196 6 8 FFFFDBFF FF002400 97 00062491E000;GLYPH 60 196 6 8 FFFFDBFF FF002400 115 000318118000;GLYPH 66 196 6 8 FFFFDBFF FF002400 116 010E10408000;GLYPH 72 196 6 8 FFFFDBFF FF002400 66 038938938000;GLYPH 78 196 6 8 FFFFDBFF FF002400 111 000624918000;GLYPH 84 196 6 8 FFFFDBFF FF002400 111 000624918000;GLYPH 90 196 6 8 FFFFDBFF FF002400 116 010E10408000;FILL 155 193 26 13 FF552455;GLYPH 158 196 6 8 FFFFDBFF FF552455 79 018924918000;
VDM1 58 D907 GLYPH 164 196 6 8 FFFFDBFF FF552455 70 03C838820000;GLYPH 170 196 6 8 FFFFDBFF FF552455 70 03C838820000;FILL 43 212 141 19 FF002400;RECT 43 212 141 19 FF55492B;GLYPH 48 218 6 8 FFFFDBFF FF002400 65 01893C924000;GLYPH 54 218 6 8 FFFFDBFF FF002400 117 00092491E000;GLYPH 60 218 6 8 FFFFDBFF FF002400 100 00472491C000;GLYPH 66 218 6 8 FFFFDBFF FF002400 105 010010408000;GLYPH 72 218 6 8 FFFFDBFF FF002400 111 000624918000;GLYPH 78 218 6 8 FFFFDBFF FF002400 32 000000000000;GLYPH 84 218 6 8 FFFFDBFF FF002400 68 038924938000;
VDM1 59 DA17 GLYPH 90 218 6 8 FFFFDBFF FF002400 114 000310410000;GLYPH 96 218 6 8 FFFFDBFF FF002400 105 010010408000;GLYPH 102 218 6 8 FFFFDBFF FF002400 118 000492508000;GLYPH 108 218 6 8 FFFFDBFF FF002400 101 00062CC1C000;GLYPH 114 218 6 8 FFFFDBFF FF002400 114 000310410000;FILL 155 215 26 13 FF552455;GLYPH 158 218 6 8 FFFFDBFF FF552455 79 018924918000;GLYPH 164 218 6 8 FFFFDBFF FF552455 70 03C838820000;GLYPH 170 218 6 8 FFFFDBFF FF552455 70 03C838820000;FILL 192 58 141 19 FF002400;RECT 192 58 141 19 FF55492B;GLYPH 197 64 6 8 FFFFDBFF FF002400 73 01C20821C000;
VDM1 60 3818 GLYPH 203 64 6 8 FFFFDBFF FF002400 110 000A34924000;GLYPH 209 64 6 8 FFFFDBFF FF002400 118 000492508000;GLYPH 215 64 6 8 FFFFDBFF FF002400 101 00062CC1C000;GLYPH 221 64 6 8 FFFFDBFF FF002400 114 000310410000;GLYPH 227 64 6 8 FFFFDBFF FF002400 116 010E10408000;GLYPH 233 64 6 8 FFFFDBFF FF002400 32 000000000000;GLYPH 239 64 6 8 FFFFDBFF FF002400 67 01C82081C000;GLYPH 245 64 6 8 FFFFDBFF FF002400 111 000624918000;GLYPH 251 64 6 8 FFFFDBFF FF002400 108 010410408000;GLYPH 257 64 6 8 FFFFDBFF FF002400 111 000624918000;
VDM CONTROLLER 1
VDM1 61 112E GLYPH 263 64 6 8 FFFFDBFF FF002400 117 00092491E000;GLYPH 269 64 6 8 FFFFDBFF FF002400 114 000310410000;GLYPH 275 64 6 8 FFFFDBFF FF002400 115 000318118000;FILL 304 61 26 13 FF552455;GLYPH 307 64 6 8 FFFFDBFF FF552455 79 018924918000;GLYPH 313 64 6 8 FFFFDBFF FF552455 70 03C838820000;GLYPH 319 64 6 8 FFFFDBFF FF552455 70 03C838820000;FILL 192 80 141 19 FF002400;RECT 192 80 141 19 FF55492B;GLYPH 197 86 6 8 FFFFDBFF FF002400 83 01C818138000;GLYPH 203 86 6 8 FFFFDBFF FF002400 101 00062CC1C000;GLYPH 209 86 6 8 FFFFDBFF FF002400 116 010E10408000;
VDM1 62 6436 GLYPH 215 86 6 8 FFFFDBFF FF002400 32 000000000000;GLYPH 221 86 6 8 FFFFDBFF FF002400 84 03E208208000;GLYPH 227 86 6 8 FFFFDBFF FF002400 105 010010408000;GLYPH 233 86 6 8 FFFFDBFF FF002400 109 000D2AAA2000;GLYPH 239 86 6 8 FFFFDBFF FF002400 101 00062CC1C000;GLYPH 245 86 6 8 FFFFDBFF FF002400 47 104208410000;GLYPH 251 86 6 8 FFFFDBFF FF002400 68 038924938000;GLYPH 257 86 6 8 FFFFDBFF FF002400 97 00062491E000;GLYPH 263 86 6 8 FFFFDBFF FF002400 116 010E10408000;GLYPH 269 86 6 8 FFFFDBFF FF002400 101 00062CC1C000;
attemptReconnectIfNeeded: reinitializing BLE client before reconnect
VDM1 63 8E29 GLYPH 323 86 6 8 FF5592FF FF002400 62 000204200000;FILL 192 102 141 19 FF002400;RECT 192 102 141 19 FF55492B;GLYPH 197 108 6 8 FFFFDBFF FF002400 66 038938938000;GLYPH 203 108 6 8 FFFFDBFF FF002400 108 010410408000;GLYPH 209 108 6 8 FFFFDBFF FF002400 97 00062491E000;GLYPH 215 108 6 8 FFFFDBFF FF002400 99 000620818000;GLYPH 221 108 6 8 FFFFDBFF FF002400 107 020B30A24000;GLYPH 227 108 6 8 FFFFDBFF FF002400 32 000000000000;GLYPH 233 108 6 8 FFFFDBFF FF002400 65 01893C924000;GLYPH 239 108 6 8 FFFFDBFF FF002400 108 010410408000;
VDM1 64 2150 GLYPH 245 108 6 8 FFFFDBFF FF002400 112 000E24938820;GLYPH 251 108 6 8 FFFFDBFF FF002400 104 020A34924000;GLYPH 257 108 6 8 FFFFDBFF FF002400 97 00062491E000;GLYPH 323 108 6 8 FF5592FF FF002400 62 000204200000;FILL 192 124 141 19 FF002400;RECT 192 124 141 19 FF55492B;GLYPH 197 130 6 8 FFFFDBFF FF002400 87 0228AADA2000;GLYPH 203 130 6 8 FFFFDBFF FF002400 104 020A34924000;GLYPH 209 130 6 8 FFFFDBFF FF002400 105 010010408000;GLYPH 215 130 6 8 FFFFDBFF FF002400 116 010E10408000;GLYPH 221 130 6 8 FFFFDBFF FF002400 101 00062CC1C000;
VDM1 65 38F1 GLYPH 227 130 6 8 FFFFDBFF FF002400 32 000000000000;GLYPH 233 130 6 8 FFFFDBFF FF002400 65 01893C924000;GLYPH 239 130 6 8 FFFFDBFF FF002400 108 010410408000;GLYPH 245 130 6 8 FFFFDBFF FF002400 112 000E24938820;GLYPH 251 130 6 8 FFFFDBFF FF002400 104 020A34924000;GLYPH 257 130 6 8 FFFFDBFF FF002400 97 00062491E000;GLYPH 323 130 6 8 FF5592FF FF002400 62 000204200000;FILL 192 146 141 19 FF002400;RECT 192 146 141 19 FF55492B;GLYPH 197 152 6 8 FFFFDBFF FF002400 77 022DAA8A2000;GLYPH 203 152 6 8 FFFFDBFF FF002400 111 000624918000;
VDM1 66 43B6 GLYPH 209 152 6 8 FFFFDBFF FF002400 117 00092491E000;GLYPH 215 152 6 8 FFFFDBFF FF002400 115 000318118000;GLYPH 221 152 6 8 FFFFDBFF FF002400 101 00062CC1C000;GLYPH 227 152 6 8 FFFFDBFF FF002400 32 000000000000;GLYPH 233 152 6 8 FFFFDBFF FF002400 79 018924918000;GLYPH 239 152 6 8 FFFFDBFF FF002400 117 00092491E000;GLYPH 245 152 6 8 FFFFDBFF FF002400 116 010E10408000;GLYPH 251 152 6 8 FFFFDBFF FF002400 108 010410408000;GLYPH 257 152 6 8 FFFFDBFF FF002400 105 010010408000;GLYPH 263 152 6 8 FFFFDBFF FF002400 110 000A34924000;
VDM1 67 A731 GLYPH 269 152 6 8 FFFFDBFF FF002400 101 00062CC1C000;FILL 310 149 20 13 FF556D00;GLYPH 313 152 6 8 FFFFDBFF FF556D00 79 018924918000;GLYPH 319 152 6 8 FFFFDBFF FF556D00 78 022CAA9A2000;FILL 192 168 141 19 FF002400;RECT 192 168 141 19 FF55492B;GLYPH 197 174 6 8 FFFFDBFF FF002400 87 0228AADA2000;GLYPH 203 174 6 8 FFFFDBFF FF002400 97 00062491E000;GLYPH 209 174 6 8 FFFFDBFF FF002400 108 010410408000;GLYPH 215 174 6 8 FFFFDBFF FF002400 108 010410408000;GLYPH 221 174 6 8 FFFFDBFF FF002400 112 000E24938820;GLYPH 227 174 6 8 FFFFDBFF FF002400 97 00062491E000;
VDM1 68 5CE4 GLYPH 233 174 6 8 FFFFDBFF FF002400 112 000E24938820;GLYPH 239 174 6 8 FFFFDBFF FF002400 101 00062CC1C000;GLYPH 245 174 6 8 FFFFDBFF FF002400 114 000310410000;GLYPH 251 174 6 8 FFFFDBFF FF002400 32 000000000000;GLYPH 257 174 6 8 FFFFDBFF FF002400 77 022DAA8A2000;GLYPH 263 174 6 8 FFFFDBFF FF002400 101 00062CC1C000;GLYPH 269 174 6 8 FFFFDBFF FF002400 110 000A34924000;GLYPH 275 174 6 8 FFFFDBFF FF002400 117 00092491E000;GLYPH 323 174 6 8 FF5592FF FF002400 62 000204200000;FILL 192 190 141 19 FF002400;RECT 192 190 141 19 FF55492B;
VDM1 69 AF23 GLYPH 197 196 6 8 FFFFDBFF FF002400 85 024924918000;GLYPH 203 196 6 8 FFFFDBFF FF002400 65 01893C924000;GLYPH 209 196 6 8 FFFFDBFF FF002400 82 038938924000;GLYPH 215 196 6 8 FFFFDBFF FF002400 84 03E208208000;GLYPH 221 196 6 8 FFFFDBFF FF002400 32 000000000000;GLYPH 227 196 6 8 FFFFDBFF FF002400 85 024924918000;GLYPH 233 196 6 8 FFFFDBFF FF002400 112 000E24938820;GLYPH 239 196 6 8 FFFFDBFF FF002400 108 010410408000;GLYPH 245 196 6 8 FFFFDBFF FF002400 111 000624918000;GLYPH 251 196 6 8 FFFFDBFF FF002400 97 00062491E000;
VDM1 70 F98A GLYPH 257 196 6 8 FFFFDBFF FF002400 100 00472491C000;GLYPH 323 196 6 8 FF5592FF FF002400 62 000204200000;FILL 192 212 141 19 FF002400;RECT 192 212 141 19 FF55492B;GLYPH 197 218 6 8 FFFFDBFF FF002400 83 01C818138000;GLYPH 203 218 6 8 FFFFDBFF FF002400 101 00062CC1C000;GLYPH 209 218 6 8 FFFFDBFF FF002400 114 000310410000;GLYPH 215 218 6 8 FFFFDBFF FF002400 105 010010408000;GLYPH 221 218 6 8 FFFFDBFF FF002400 97 00062491E000;GLYPH 227 218 6 8 FFFFDBFF FF002400 108 010410408000;GLYPH 233 218 6 8 FFFFDBFF FF002400 32 000000000000;
VDM1 71 97F7 GLYPH 239 218 6 8 FFFFDBFF FF002400 68 038924938000;GLYPH 245 218 6 8 FFFFDBFF FF002400 105 010010408000;GLYPH 251 218 6 8 FFFFDBFF FF002400 115 000318118000;GLYPH 257 218 6 8 FFFFDBFF FF002400 112 000E24938820;GLYPH 263 218 6 8 FFFFDBFF FF002400 108 010410408000;GLYPH 269 218 6 8 FFFFDBFF FF002400 97 00062491E000;GLYPH 275 218 6 8 FFFFDBFF FF002400 121 00092491C118;FILL 310 215 20 13 FF556D00;GLYPH 313 218 6 8 FFFFDBFF FF556D00 79 018924918000;GLYPH 319 218 6 8 FFFFDBFF FF556D00 78 022CAA9A2000;GLYPH 45 238 6 8 FF556D55 FF080808 83 01C818138000;
VDM1 72 2E29 GLYPH 51 238 6 8 FF556D55 FF080808 121 00092491C118;GLYPH 57 238 6 8 FF556D55 FF080808 115 000318118000;GLYPH 63 238 6 8 FF556D55 FF080808 116 010E10408000;GLYPH 69 238 6 8 FF556D55 FF080808 101 00062CC1C000;GLYPH 75 238 6 8 FF556D55 FF080808 109 000D2AAA2000;GLYPH 81 238 6 8 FF556D55 FF080808 32 000000000000;GLYPH 87 238 6 8 FF556D55 FF080808 112 000E24938820;GLYPH 93 238 6 8 FF556D55 FF080808 114 000310410000;GLYPH 99 238 6 8 FF556D55 FF080808 101 00062CC1C000;GLYPH 105 238 6 8 FF556D55 FF080808 102 000310418410;
VDM1 73 117D GLYPH 111 238 6 8 FF556D55 FF080808 101 00062CC1C000;GLYPH 117 238 6 8 FF556D55 FF080808 114 000310410000;GLYPH 123 238 6 8 FF556D55 FF080808 101 00062CC1C000;GLYPH 129 238 6 8 FF556D55 FF080808 110 000A34924000;GLYPH 135 238 6 8 FF556D55 FF080808 99 000620818000;GLYPH 141 238 6 8 FF556D55 FF080808 101 00062CC1C000;GLYPH 147 238 6 8 FF556D55 FF080808 115 000318118000;E;
VDM CONTROLLER 1
VDM1 74 028D BMP 1116AD8D 0 0 0 400 285 32 32 312 220 100 0 1 0 0 255 85 256 256 255 160 1;BMP ADC001A6 1 15 18 20 20 0 0 20 20 100 0 1 1 1 255 85 256 256 256 100 1;BMP 25601C4D 1 15 48 20 20 0 0 20 20 100 0 1 1 1 255 85 256 256 256 100 1;BMP 5B52A409 1 15 78 20 20 0 0 20 20 100 0 1 1 1 255 85 256 256 256 100 1;BMP 398888BA 1 15 108 20 20 0 0 20 20 100 0 1 1 1 255 85 256 256 256 100 1;BMP DC2A4BA4 1 15 138 20 20 0 0 20 20 100 0 1 1 1 255 85 256 256 256 100 1;BMP 2F235A10 1 15 168 20 20 0 0 20 20 100 0 1 1 1 255 85 256 256 256 100 1;FILL 11 18 2 20 FFFFDBFF;
VDM1 74 028D BMP 1116AD8D 0 0 0 400 285 32 32 312 220 100 0 1 0 0 255 85 256 256 255 160 1;BMP ADC001A6 1 15 18 20 20 0 0 20 20 100 0 1 1 1 255 85 256 256 256 100 1;BMP 25601C4D 1 15 48 20 20 0 0 20 20 100 0 1 1 1 255 85 256 256 256 100 1;BMP 5B52A409 1 15 78 20 20 0 0 20 20 100 0 1 1 1 255 85 256 256 256 100 1;BMP 398888BA 1 15 108 20 20 0 0 20 20 100 0 1 1 1 255 85 256 256 256 100 1;BMP DC2A4BA4 1 15 138 20 20 0 0 20 20 100 0 1 1 1 255 85 256 256 256 100 1;BMP 2F235A10 1 15 168 20 20 0 0 20 20 100 0 1 1 1 255 85 256 256 256 100 1;FILL 11 18 2 20 FFFFDBFF;
VDM1 74 028D BMP 1116AD8D 0 0 0 400 285 32 32 312 220 100 0 1 0 0 255 85 256 256 255 160 1;BMP ADC001A6 1 15 18 20 20 0 0 20 20 100 0 1 1 1 255 85 256 256 256 100 1;BMP 25601C4D 1 15 48 20 20 0 0 20 20 100 0 1 1 1 255 85 256 256 256 100 1;BMP 5B52A409 1 15 78 20 20 0 0 20 20 100 0 1 1 1 255 85 256 256 256 100 1;BMP 398888BA 1 15 108 20 20 0 0 20 20 100 0 1 1 1 255 85 256 256 256 100 1;BMP DC2A4BA4 1 15 138 20 20 0 0 20 20 100 0 1 1 1 255 85 256 256 256 100 1;BMP 2F235A10 1 15 168 20 20 0 0 20 20 100 0 1 1 1 255 85 256 256 256 100 1;FILL 11 18 2 20 FFFFDBFF;
VDM1 74 028D BMP 1116AD8D 0 0 0 400 285 32 32 312 220 100 0 1 0 0 255 85 256 256 255 160 1;BMP ADC001A6 1 15 18 20 20 0 0 20 20 100 0 1 1 1 255 85 256 256 256 100 1;BMP 25601C4D 1 15 48 20 20 0 0 20 20 100 0 1 1 1 255 85 256 256 256 100 1;BMP 5B52A409 1 15 78 20 20 0 0 20 20 100 0 1 1 1 255 85 256 256 256 100 1;BMP 398888BA 1 15 108 20 20 0 0 20 20 100 0 1 1 1 255 85 256 256 256 100 1;BMP DC2A4BA4 1 15 138 20 20 0 0 20 20 100 0 1 1 1 255 85 256 256 256 100 1;BMP 2F235A10 1 15 168 20 20 0 0 20 20 100 0 1 1 1 255 85 256 256 256 100 1;FILL 11 18 2 20 FFFFDBFF;
VDM1 74 028D BMP 1116AD8D 0 0 0 400 285 32 32 312 220 100 0 1 0 0 255 85 256 256 255 160 1;BMP ADC001A6 1 15 18 20 20 0 0 20 20 100 0 1 1 1 255 85 256 256 256 100 1;BMP 25601C4D 1 15 48 20 20 0 0 20 20 100 0 1 1 1 255 85 256 256 256 100 1;BMP 5B52A409 1 15 78 20 20 0 0 20 20 100 0 1 1 1 255 85 256 256 256 100 1;BMP 398888BA 1 15 108 20 20 0 0 20 20 100 0 1 1 1 255 85 256 256 256 100 1;BMP DC2A4BA4 1 15 138 20 20 0 0 20 20 100 0 1 1 1 255 85 256 256 256 100 1;BMP 2F235A10 1 15 168 20 20 0 0 20 20 100 0 1 1 1 255 85 256 256 256 100 1;FILL 11 18 2 20 FFFFDBFF;
VDM CONTROLLER 1
Auto-reconnect failed
Hard-resetting BLE client: auto reconnect failed
Next reconnect attempt in 2087 ms
VDM CONTROLLER 1
attemptReconnectIfNeeded: reinitializing BLE client before reconnect
VDM CONTROLLER 1
VDM CONTROLLER 1
VDM CONTROLLER 1
Auto-reconnect failed
Hard-resetting BLE client: auto reconnect failed
Next reconnect attempt in 2096 ms
VDM CONTROLLER 1
attemptReconnectIfNeeded: reinitializing BLE client before reconnect
VDM1 1 77E7 H 376 288;P 0 FF000000FF080808FF101010FF191919FF212121FF292929FF313131FF3A3A3A;P 8 FF424242FF4A4A4AFF525252FF5A5A5AFF636363FF6B6B6BFF737373FF7B7B7B;P 16 FF848484FF8C8C8CFF949494FF9C9C9CFFA5A5A5FFADADADFFB5B5B5FFBDBDBD;P 24 FFC5C5C5FFCECECEFFD6D6D6FFDEDEDEFFE6E6E6FFEFEFEFFFF7F7F7FFFFFFFF;P 32 FF000000FF550000FFAA0000FFFF0000FF002400FF552400FFAA2400FFFF2400;P 40 FF004900FF554900FFAA4900FFFF4900FF006D00FF556D00FFAA6D00FFFF6D00;P 48 FF009200FF559200FFAA9200FFFF9200FF00B600FF55B600FFAAB600FFFFB600;
VDM1 2 5278 P 56 FF00DB00FF55DB00FFAADB00FFFFDB00FF00FF00FF55FF00FFAAFF00FFFFFF00;P 64 FF00002BFF55002BFFAA002BFFFF002BFF00242BFF55242BFFAA242BFFFF242B;P 72 FF00492BFF55492BFFAA492BFFFF492BFF006D2BFF556D2BFFAA6D2BFFFF6D2B;P 80 FF00922BFF55922BFFAA922BFFFF922BFF00B62BFF55B62BFFAAB62BFFFFB62B;P 88 FF00DB2BFF55DB2BFFAADB2BFFFFDB2BFF00FF2BFF55FF2BFFAAFF2BFFFFFF2B;P 96 FF000055FF550055FFAA0055FFFF0055FF002455FF552455FFAA2455FFFF2455;P 104 FF004955FF554955FFAA4955FFFF4955FF006D55FF556D55FFAA6D55FFFF6D55;
VDM1 3 BF38 P 112 FF009255FF559255FFAA9255FFFF9255FF00B655FF55B655FFAAB655FFFFB655;P 120 FF00DB55FF55DB55FFAADB55FFFFDB55FF00FF55FF55FF55FFAAFF55FFFFFF55;P 128 FF000080FF550080FFAA0080FFFF0080FF002480FF552480FFAA2480FFFF2480;P 136 FF004980FF554980FFAA4980FFFF4980FF006D80FF556D80FFAA6D80FFFF6D80;P 144 FF009280FF559280FFAA9280FFFF9280FF00B680FF55B680FFAAB680FFFFB680;P 152 FF00DB80FF55DB80FFAADB80FFFFDB80FF00FF80FF55FF80FFAAFF80FFFFFF80;P 160 FF0000AAFF5500AAFFAA00AAFFFF00AAFF0024AAFF5524AAFFAA24AAFFFF24AA;
VDM1 4 076C P 168 FF0049AAFF5549AAFFAA49AAFFFF49AAFF006DAAFF556DAAFFAA6DAAFFFF6DAA;P 176 FF0092AAFF5592AAFFAA92AAFFFF92AAFF00B6AAFF55B6AAFFAAB6AAFFFFB6AA;P 184 FF00DBAAFF55DBAAFFAADBAAFFFFDBAAFF00FFAAFF55FFAAFFAAFFAAFFFFFFAA;P 192 FF0000D5FF5500D5FFAA00D5FFFF00D5FF0024D5FF5524D5FFAA24D5FFFF24D5;P 200 FF0049D5FF5549D5FFAA49D5FFFF49D5FF006DD5FF556DD5FFAA6DD5FFFF6DD5;P 208 FF0092D5FF5592D5FFAA92D5FFFF92D5FF00B6D5FF55B6D5FFAAB6D5FFFFB6D5;P 216 FF00DBD5FF55DBD5FFAADBD5FFFFDBD5FF00FFD5FF55FFD5FFAAFFD5FFFFFFD5;
VDM1 5 4BCD P 224 FF0000FFFF5500FFFFAA00FFFFFF00FFFF0024FFFF5524FFFFAA24FFFFFF24FF;P 232 FF0049FFFF5549FFFFAA49FFFFFF49FFFF006DFFFF556DFFFFAA6DFFFFFF6DFF;P 240 FF0092FFFF5592FFFFAA92FFFFFF92FFFF00B6FFFF55B6FFFFAAB6FFFFFFB6FF;P 248 FF00DBFFFF55DBFFFFAADBFFFFFFDBFFFF00FFFFFF55FFFFFFAAFFFFFFFFFFFF;LUT 3 0 000000010101020203030304040505060607070809090A0A0B0C0C0D0D0E0F0F10111112131314151616171818191A1B;LUT 3 48 1C1C1D1E1F1F2021222323242526272828292A2B2C2D2D2E2F30313233343535363738393A3B3C3D3E3F404141424344;
VDM1 6 6ABF LUT 3 96 45464748494A4B4C4D4E4F505152535455565758595A5B5C5D5E5F6062636465666768696A6B6C6D6E6F707273747576;LUT 3 144 7778797A7B7D7E7F8081828384868788898A8B8C8E8F9091929395969798999A9C9D9E9FA0A1A3A4A5A6A7A9AAABACAD;LUT 3 192 AFB0B1B2B4B5B6B7B8BABBBCBDBFC0C1C2C4C5C6C7C9CACBCCCECFD0D1D3D4D5D7D8D9DADCDDDEE0E1E2E3E5E6E7E9EA;LUT 3 240 EBEDEEEFF0F2F3F4F6F7F8FAFBFCFEFF;LUT 4 0 0000000101010102020303030404050505060607070809090A0A0A0B0C0C0D0D0E0F0F10101111121313141516161617;
VDM1 7 B74C LUT 4 48 1818191A1B1C1C1D1D1E1F1F202122232324242526272828292A2B2C2C2D2D2E2F3031323334343535363738393A3B3C;LUT 4 96 3C3D3E3F4041414243444445464748494A4B4C4D4D4E4F50515253545556565758595A5B5C5D5E5F5F60626364656667;LUT 4 144 6869696A6B6C6D6E6F707273737475767778797A7B7D7D7E7F808182838486878788898A8B8C8E8F9091919293959697;LUT 4 192 98999A9C9C9D9E9FA0A1A3A4A5A6A6A7A9AAABACADAFB0B1B1B2B4B5B6B7B8BABBBCBCBDBFC0C1C2C4C5C6C7C7C9CACB;LUT 4 240 CCCECFD0D1D3D3D4D5D7D8D9DADCDDDE;
VDM1 8 76F1 LUT 5 0 000000010101020203030304040505060607070809090A0A0B0C0C0D0D0E0F0F10111112131314151616171818191A1B;LUT 5 48 1C1C1D1E1F1F2021222323242526272828292A2B2C2D2D2E2F30313233343535363738393A3B3C3D3E3F404141424344;LUT 5 96 45464748494A4B4C4D4E4F505152535455565758595A5B5C5D5E5F6062636465666768696A6B6C6D6E6F707273747576;LUT 5 144 7778797A7B7D7E7F8081828384868788898A8B8C8E8F9091929395969798999A9C9D9E9FA0A1A3A4A5A6A7A9AAABACAD;LUT 5 192 AFB0B1B2B4B5B6B7B8BABBBCBDBFC0C1C2C4C5C6C7C9CACBCCCECFD0D1D3D4D5D7D8D9DADCDDDEE0E1E2E3E5E6E7E9EA;
VDM1 9 4E38 LUT 5 240 EBEDEEEFF0F2F3F4F6F7F8FAFBFCFEFF;
VDM1 10 5B50 ASSET 841FC541 270054;
VDM1 11 1C47 ASSETREF 1116AD8D 841FC541;
VDM1 12 BAD9 LUT 1 0 000102030405060708090A0B0C0D0E0F101112131415161718191A1B1C1D1E1F202122232425262728292A2B2C2D2E2F;LUT 1 48 303132333435363738393A3B3C3D3E3F404142434445464748494A4B4C4D4E4F505152535455565758595A5B5C5D5E5F;LUT 1 96 606162636465666768696A6B6C6D6E6F707172737475767778797A7B7C7D7E7F808182838485868788898A8B8C8D8E8F;LUT 1 144 909192939495969798999A9B9C9D9E9FA0A1A2A3A4A5A6A7A8A9AAABACADAEAFB0B1B2B3B4B5B6B7B8B9BABBBCBDBEBF;LUT 1 192 C0C1C2C3C4C5C6C7C8C9CACBCCCDCECFD0D1D2D3D4D5D6D7D8D9DADBDCDDDEDFE0E1E2E3E4E5E6E7E8E9EAEBECEDEEEF;
VDM1 13 D145 LUT 1 240 F0F1F2F3F4F5F6F7F8F9FAFBFCFDFEFF;BMP 1116AD8D 0 0 0 400 285 0 0 376 285 100 0 1 0 0 255 85 256 256 255 160 1;
VDM1 14 A6FB ASSET 66E24A7E 1254;
VDM1 15 AE99 ASSETREF ADC001A6 66E24A7E;
VDM1 16 59F0 BMP ADC001A6 1 15 18 20 20 0 0 20 20 100 0 1 1 1 255 85 256 256 256 100 1;
VDM1 17 0C86 ASSET C3B22125 1254;
VDM1 18 395E ASSETREF 25601C4D C3B22125;
VDM1 19 A0C5 BMP 25601C4D 1 15 48 20 20 0 0 20 20 100 0 1 1 1 255 85 256 256 256 100 1;
VDM1 20 051A ASSET BDB6F0B3 1254;
VDM1 21 08FF ASSETREF 5B52A409 BDB6F0B3;
VDM1 22 2CAB BMP 5B52A409 1 15 78 20 20 0 0 20 20 100 0 1 1 1 255 85 256 256 256 100 1;
VDM1 23 BAA2 ASSET AC91A138 1254;
VDM1 24 0D08 ASSETREF 398888BA AC91A138;
VDM1 25 3FE7 BMP 398888BA 1 15 108 20 20 0 0 20 20 100 0 1 1 1 255 85 256 256 256 100 1;
VDM1 26 7276 ASSET A43C4F92 1254;
VDM1 27 522B ASSETREF DC2A4BA4 A43C4F92;
VDM1 28 1128 BMP DC2A4BA4 1 15 138 20 20 0 0 20 20 100 0 1 1 1 255 85 256 256 256 100 1;
VDM1 29 20C2 ASSET A8144283 1254;
VDM1 30 586B ASSETREF 2F235A10 A8144283;
VDM1 31 D9AA BMP 2F235A10 1 15 168 20 20 0 0 20 20 100 0 1 1 1 255 85 256 256 256 100 1;FILL 11 18 2 20 FFFFDBFF;FILL 37 18 2 20 FFFFDBFF;CIRCLE 310 23 5 0 FFFFDBFF;CIRCLE 310 47 5 0 FFFFDBFF;CIRCLE 310 71 5 1 FFFFDBFF;CIRCLE 310 95 5 1 FFFFDBFF;GLYPH 320 18 6 8 FFFFDBFF FFAA92AA 72 02493C924000;GLYPH 326 18 6 8 FFFFDBFF FFAA92AA 101 00062CC1C000;GLYPH 332 18 6 8 FFFFDBFF FFAA92AA 97 00062491E000;GLYPH 338 18 6 8 FFFFDBFF FFAA92AA 112 000E24938820;GLYPH 344 18 6 8 FFFFDBFF FFAA92AA 82 038938924000;GLYPH 350 18 6 8 FFFFDBFF FFAA92AA 65 01893C924000;
VDM1 32 4957 GLYPH 356 18 6 8 FFFFDBFF FFAA92AA 77 022DAA8A2000;GLYPH 320 26 6 8 FFFFDBFF FFAA92AA 53 01C418118000;GLYPH 326 26 6 8 FFFFDBFF FFAA92AA 51 018108118000;GLYPH 332 26 6 8 FFFFDBFF FFAA92AA 46 000000008000;GLYPH 338 26 6 8 FFFFDBFF FFAA92AA 49 00860821C000;GLYPH 344 26 6 8 FFFFDBFF FFAA92AA 48 008514508000;GLYPH 350 26 6 8 FFFFDBFF FFAA92AA 75 024938924000;GLYPH 356 26 6 8 FFFFDBFF FFAA92AA 66 038938938000;GLYPH 320 42 6 8 FFFFDBFF FFAA92AA 84 03E208208000;GLYPH 326 42 6 8 FFFFDBFF FFAA92AA 111 000624918000;
VDM1 33 C6CF GLYPH 332 42 6 8 FFFFDBFF FFAA92AA 116 010E10408000;GLYPH 338 42 6 8 FFFFDBFF FFAA92AA 97 00062491E000;GLYPH 344 42 6 8 FFFFDBFF FFAA92AA 108 010410408000;GLYPH 350 42 6 8 FFFFDBFF FFAA92AA 32 000000000000;GLYPH 356 42 6 8 FFFFDBFF FFAA92AA 83 01C818138000;GLYPH 362 42 6 8 FFFFDBFF FFAA92AA 68 038924938000;GLYPH 320 50 6 8 FFFFDBFF FFAA92AA 50 01810841C000;GLYPH 326 50 6 8 FFFFDBFF FFAA92AA 56 008508508000;GLYPH 332 50 6 8 FFFFDBFF FFAA92AA 46 000000008000;GLYPH 338 50 6 8 FFFFDBFF FFAA92AA 57 00850C118000;
VDM1 34 190D GLYPH 344 50 6 8 FFFFDBFF FFAA92AA 54 00C418508000;GLYPH 350 50 6 8 FFFFDBFF FFAA92AA 71 01C82C89C000;GLYPH 356 50 6 8 FFFFDBFF FFAA92AA 66 038938938000;GLYPH 320 66 6 8 FFFFDBFF FFAA92AA 70 03C838820000;GLYPH 326 66 6 8 FFFFDBFF FFAA92AA 114 000310410000;GLYPH 332 66 6 8 FFFFDBFF FFAA92AA 101 00062CC1C000;GLYPH 338 66 6 8 FFFFDBFF FFAA92AA 101 00062CC1C000;GLYPH 344 66 6 8 FFFFDBFF FFAA92AA 32 000000000000;GLYPH 350 66 6 8 FFFFDBFF FFAA92AA 83 01C818138000;GLYPH 356 66 6 8 FFFFDBFF FFAA92AA 68 038924938000;
VDM CONTROLLER 1
VDM1 35 E7C9 GLYPH 320 74 6 8 FFFFDBFF FFAA92AA 50 01810841C000;GLYPH 326 74 6 8 FFFFDBFF FFAA92AA 56 008508508000;GLYPH 332 74 6 8 FFFFDBFF FFAA92AA 46 000000008000;GLYPH 338 74 6 8 FFFFDBFF FFAA92AA 48 008514508000;GLYPH 344 74 6 8 FFFFDBFF FFAA92AA 57 00850C118000;GLYPH 350 74 6 8 FFFFDBFF FFAA92AA 71 01C82C89C000;GLYPH 356 74 6 8 FFFFDBFF FFAA92AA 66 038938938000;GLYPH 320 90 6 8 FFFFDBFF FFAA92AA 72 02493C924000;GLYPH 326 90 6 8 FFFFDBFF FFAA92AA 101 00062CC1C000;GLYPH 332 90 6 8 FFFFDBFF FFAA92AA 97 00062491E000;
VDM1 36 E63C GLYPH 338 90 6 8 FFFFDBFF FFAA92AA 112 000E24938820;GLYPH 344 90 6 8 FFFFDBFF FFAA92AA 82 038938924000;GLYPH 350 90 6 8 FFFFDBFF FFAA92AA 79 018924918000;GLYPH 356 90 6 8 FFFFDBFF FFAA92AA 77 022DAA8A2000;GLYPH 320 98 6 8 FFFFDBFF FFAA92AA 52 010828F08000;GLYPH 326 98 6 8 FFFFDBFF FFAA92AA 46 000000008000;GLYPH 332 98 6 8 FFFFDBFF FFAA92AA 48 008514508000;GLYPH 338 98 6 8 FFFFDBFF FFAA92AA 48 008514508000;GLYPH 344 98 6 8 FFFFDBFF FFAA92AA 77 022DAA8A2000;GLYPH 350 98 6 8 FFFFDBFF FFAA92AA 66 038938938000;
VDM1 37 D463 GLYPH 330 113 6 8 FFFFDBFF FFAA92AA 82 038938924000;GLYPH 336 113 6 8 FFFFDBFF FFAA92AA 65 01893C924000;GLYPH 342 113 6 8 FFFFDBFF FFAA92AA 77 022DAA8A2000;GLYPH 330 121 6 8 FFFFDBFF FFAA92AA 85 024924918000;GLYPH 336 121 6 8 FFFFDBFF FFAA92AA 83 01C818138000;GLYPH 342 121 6 8 FFFFDBFF FFAA92AA 65 01893C924000;GLYPH 348 121 6 8 FFFFDBFF FFAA92AA 71 01C82C89C000;GLYPH 354 121 6 8 FFFFDBFF FFAA92AA 69 03C83083C000;CIRCLE 315 120 10 0 FFFFDBFF;LINE 315 120 325 120 FFFFDBFF;LINE 315 120 324 120 FFFFDBFF;LINE 315 120 324 121 FFFFDBFF;
VDM1 38 FC9C LINE 315 120 324 122 FFFFDBFF;LINE 315 120 324 122 FFFFDBFF;LINE 315 120 324 123 FFFFDBFF;LINE 315 120 324 124 FFFFDBFF;LINE 315 120 323 124 FFFFDBFF;LINE 315 120 323 125 FFFFDBFF;LINE 315 120 323 125 FFFFDBFF;LINE 315 120 322 126 FFFFDBFF;LINE 315 120 322 126 FFFFDBFF;LINE 315 120 321 127 FFFFDBFF;LINE 315 120 321 127 FFFFDBFF;LINE 315 120 320 128 FFFFDBFF;LINE 315 120 320 128 FFFFDBFF;LINE 315 120 319 128 FFFFDBFF;LINE 315 120 318 129 FFFFDBFF;LINE 315 120 318 129 FFFFDBFF;LINE 315 120 317 129 FFFFDBFF;LINE 315 120 316 129 FFFFDBFF;
VDM1 39 5F0F LINE 315 120 316 129 FFFFDBFF;LINE 315 120 315 129 FFFFDBFF;LINE 315 120 314 129 FFFFDBFF;LINE 315 120 313 129 FFFFDBFF;LINE 315 120 313 129 FFFFDBFF;LINE 315 120 312 129 FFFFDBFF;LINE 315 120 311 129 FFFFDBFF;LINE 315 120 311 129 FFFFDBFF;LINE 315 120 310 128 FFFFDBFF;LINE 315 120 310 128 FFFFDBFF;LINE 315 120 309 128 FFFFDBFF;LINE 315 120 308 127 FFFFDBFF;LINE 315 120 308 127 FFFFDBFF;LINE 315 120 307 126 FFFFDBFF;LINE 315 120 307 126 FFFFDBFF;LINE 315 120 306 125 FFFFDBFF;LINE 315 120 306 125 FFFFDBFF;LINE 315 120 306 124 FFFFDBFF;
VDM1 40 F19F LINE 315 120 305 124 FFFFDBFF;LINE 315 120 305 123 FFFFDBFF;LINE 315 120 305 122 FFFFDBFF;LINE 315 120 305 122 FFFFDBFF;LINE 315 120 305 121 FFFFDBFF;LINE 315 120 305 120 FFFFDBFF;LINE 315 120 305 120 FFFFDBFF;LINE 315 120 305 119 FFFFDBFF;LINE 315 120 305 118 FFFFDBFF;LINE 315 120 305 117 FFFFDBFF;LINE 315 120 305 117 FFFFDBFF;LINE 315 120 305 116 FFFFDBFF;LINE 315 120 305 115 FFFFDBFF;LINE 315 120 306 115 FFFFDBFF;LINE 315 120 306 114 FFFFDBFF;LINE 315 120 306 114 FFFFDBFF;LINE 315 120 307 113 FFFFDBFF;LINE 315 120 307 113 FFFFDBFF;
VDM1 41 8844 LINE 315 120 308 112 FFFFDBFF;LINE 315 120 308 112 FFFFDBFF;LINE 315 120 309 111 FFFFDBFF;LINE 315 120 310 111 FFFFDBFF;LINE 315 120 310 111 FFFFDBFF;LINE 315 120 311 110 FFFFDBFF;LINE 315 120 311 110 FFFFDBFF;LINE 315 120 312 110 FFFFDBFF;LINE 315 120 313 110 FFFFDBFF;LINE 315 120 313 110 FFFFDBFF;LINE 315 120 314 110 FFFFDBFF;LINE 315 120 315 110 FFFFDBFF;LINE 315 120 316 110 FFFFDBFF;LINE 315 120 316 110 FFFFDBFF;LINE 315 120 317 110 FFFFDBFF;LINE 315 120 318 110 FFFFDBFF;LINE 315 120 318 110 FFFFDBFF;LINE 315 120 319 111 FFFFDBFF;
VDM1 42 14BD LINE 315 120 320 111 FFFFDBFF;CIRCLE 315 120 5 1 FF55492B;CIRCLE 315 148 10 1 FFFFDBFF;LINE 310 143 312 143 FF55492B;LINE 312 143 320 153 FF55492B;LINE 320 153 323 153 FF55492B;LINE 315 148 310 153 FF55492B;LINE 310 142 312 142 FF55492B;LINE 313 142 321 153 FF55492B;LINE 321 153 323 153 FF55492B;LINE 314 147 310 153 FF55492B;GLYPH 330 141 6 8 FFFFDBFF FFAA92AA 67 01C82081C000;GLYPH 336 141 6 8 FFFFDBFF FFAA92AA 79 018924918000;GLYPH 342 141 6 8 FFFFDBFF FFAA92AA 82 038938924000;GLYPH 348 141 6 8 FFFFDBFF FFAA92AA 69 03C83083C000;
VDM1 43 4428 GLYPH 354 141 6 8 FFFFDBFF FFAA92AA 58 000008008000;GLYPH 330 149 6 8 FFFFDBFF FFAA92AA 76 02082083C000;GLYPH 336 149 6 8 FFFFDBFF FFAA92AA 65 01893C924000;GLYPH 342 149 6 8 FFFFDBFF FFAA92AA 77 022DAA8A2000;GLYPH 348 149 6 8 FFFFDBFF FFAA92AA 66 038938938000;GLYPH 354 149 6 8 FFFFDBFF FFAA92AA 68 038924938000;GLYPH 360 149 6 8 FFFFDBFF FFAA92AA 65 01893C924000;FILL 0 270 376 15 FFFFB6D5;GLYPH 310 272 8 8 FF55492B FFFFB6D5 48 003C666666663C00;GLYPH 318 272 8 8 FF55492B FFFFB6D5 48 003C666666663C00;GLYPH 326 272 8 8 FF55492B FFFFB6D5 58 0000181800181800;
VDM1 44 F222 GLYPH 334 272 8 8 FF55492B FFFFB6D5 48 003C666666663C00;GLYPH 342 272 8 8 FF55492B FFFFB6D5 48 003C666666663C00;GLYPH 350 272 8 8 FF55492B FFFFB6D5 58 0000181800181800;GLYPH 358 272 8 8 FF55492B FFFFB6D5 48 003C666666663C00;GLYPH 366 272 8 8 FF55492B FFFFB6D5 48 003C666666663C00;GLYPH 245 273 6 8 FF55492B FFFFB6D5 50 01810841C000;GLYPH 251 273 6 8 FF55492B FFFFB6D5 48 008514508000;GLYPH 257 273 6 8 FF55492B FFFFB6D5 48 008514508000;GLYPH 263 273 6 8 FF55492B FFFFB6D5 48 008514508000;GLYPH 269 273 6 8 FF55492B FFFFB6D5 45 00001C000000;
VDM1 45 A59F GLYPH 275 273 6 8 FF55492B FFFFB6D5 48 008514508000;GLYPH 281 273 6 8 FF55492B FFFFB6D5 49 00860821C000;GLYPH 287 273 6 8 FF55492B FFFFB6D5 45 00001C000000;GLYPH 293 273 6 8 FF55492B FFFFB6D5 48 008514508000;GLYPH 299 273 6 8 FF55492B FFFFB6D5 49 00860821C000;FILL 10 23 356 238 FF000000;FILL 11 24 354 18 FF552400;FILL 11 41 354 1 FFAAB600;RECT 10 23 356 238 FFFFB6AA;FILL 15 27 11 11 FF0024AA;RECT 15 27 11 11 FFFFDBFF;LINE 18 30 22 34 FFFFDBFF;LINE 22 30 18 34 FFFFDBFF;GLYPH 33 29 8 8 FFFFDBFF FF552400 85 00464646464E3C00;
VDM1 46 87FE GLYPH 41 29 8 8 FFFFDBFF FF552400 116 007E181818181800;GLYPH 49 29 8 8 FFFFDBFF FF552400 105 003C181818183C00;GLYPH 57 29 8 8 FFFFDBFF FF552400 108 0060606060607E00;GLYPH 65 29 8 8 FFFFDBFF FF552400 105 003C181818183C00;GLYPH 73 29 8 8 FFFFDBFF FF552400 116 007E181818181800;GLYPH 81 29 8 8 FFFFDBFF FF552400 105 003C181818183C00;GLYPH 89 29 8 8 FFFFDBFF FF552400 101 007E607C60607E00;GLYPH 97 29 8 8 FFFFDBFF FF552400 115 003C603C0E4E3C00;FILL 11 42 354 218 FF080808;FILL 20 52 62 34 FF554900;RECT 20 52 62 34 FFAAB62B;
VDM1 47 6DC9 ASSET DD2E1E6C 1254;
VDM1 48 C1BC ASSETREF 0A874432 DD2E1E6C;
VDM1 49 FCFA LUT 2 0 000000000000000000000000000000000000010101010101010101010202020202020303030303040404040405050506;LUT 2 48 06060607070708080809090A0A0A0B0B0C0C0D0D0D0E0E0F0F101011121213131414151616171818191A1A1B1C1C1D1E;LUT 2 96 1F2020212223242425262728292A2B2C2C2D2E2F3031323335363738393A3B3C3D3E4041424344464748494B4C4D4F50;LUT 2 144 5153545557585A5B5D5E606163646667696A6C6E6F7172747677797B7D7E8082848587898B8D8F91929496989A9C9EA0;LUT 2 192 A2A4A6A8AAADAFB1B3B5B7B9BCBEC0C2C5C7C9CBCED0D2D5D7DADCDEE1E3E6E8EBEDF0F2F5F8FAFDFFFFFFFFFFFFFFFF;
VDM1 50 7EB4 LUT 2 240 FFFFFFFFFFFFFFFFFFFFFFFFFFFFFFFF;BMP 0A874432 2 41 57 20 20 0 0 20 20 100 0 1 1 1 255 85 256 256 256 100 1;GLYPH 22 77 6 8 FFFFDBFF FF554900 67 01C82081C000;GLYPH 28 77 6 8 FFFFDBFF FF554900 76 02082083C000;GLYPH 34 77 6 8 FFFFDBFF FF554900 105 010010408000;GLYPH 40 77 6 8 FFFFDBFF FF554900 110 000A34924000;GLYPH 46 77 6 8 FFFFDBFF FF554900 101 00062CC1C000;GLYPH 52 77 6 8 FFFFDBFF FF554900 67 01C82081C000;GLYPH 58 77 6 8 FFFFDBFF FF554900 111 000624918000;GLYPH 64 77 6 8 FFFFDBFF FF554900 115 000318118000;FILL 87 52 62 34 FF000000;
VDM1 51 CA2D RECT 87 52 62 34 FF554955;
VDM1 52 CFC5 ASSET DAA25AEB 1254;
VDM1 53 ED83 ASSETREF 96CBAC94 DAA25AEB;
VDM1 54 4FD5 BMP 96CBAC94 2 108 57 20 20 0 0 20 20 100 0 1 1 1 255 85 256 256 256 100 1;GLYPH 89 77 6 8 FFFFDBFF FF000000 67 01C82081C000;GLYPH 95 77 6 8 FFFFDBFF FF000000 105 010010408000;GLYPH 101 77 6 8 FFFFDBFF FF000000 116 010E10408000;GLYPH 107 77 6 8 FFFFDBFF FF000000 66 038938938000;GLYPH 113 77 6 8 FFFFDBFF FF000000 114 000310410000;GLYPH 119 77 6 8 FFFFDBFF FF000000 111 000624918000;GLYPH 125 77 6 8 FFFFDBFF FF000000 119 0008A2A94000;GLYPH 131 77 6 8 FFFFDBFF FF000000 115 000318118000;GLYPH 137 77 6 8 FFFFDBFF FF000000 101 00062CC1C000;
VDM1 55 ABD6 GLYPH 143 77 6 8 FFFFDBFF FF000000 114 000310410000;FILL 154 52 62 34 FF000000;RECT 154 52 62 34 FF554955;
VDM1 56 D683 ASSET 73D30AD1 1254;
VDM1 57 E5CD ASSETREF 90167006 73D30AD1;
VDM1 58 A9E7 BMP 90167006 2 175 57 20 20 0 0 20 20 100 0 1 1 1 255 85 256 256 256 100 1;GLYPH 156 77 6 8 FFFFDBFF FF000000 67 01C82081C000;GLYPH 162 77 6 8 FFFFDBFF FF000000 73 01C20821C000;GLYPH 168 77 6 8 FFFFDBFF FF000000 109 000D2AAA2000;GLYPH 174 77 6 8 FFFFDBFF FF000000 97 00062491E000;GLYPH 180 77 6 8 FFFFDBFF FF000000 103 00062491C118;GLYPH 186 77 6 8 FFFFDBFF FF000000 101 00062CC1C000;FILL 221 52 62 34 FF000000;RECT 221 52 62 34 FF554955;
VDM1 59 19A8 ASSET 8D7156C5 1254;
VDM1 60 31D4 ASSETREF C859A156 8D7156C5;
VDM1 61 1FF0 BMP C859A156 2 242 57 20 20 0 0 20 20 100 0 1 1 1 255 85 256 256 256 100 1;GLYPH 223 77 6 8 FFFFDBFF FF000000 67 01C82081C000;GLYPH 229 77 6 8 FFFFDBFF FF000000 99 000620818000;GLYPH 235 77 6 8 FFFFDBFF FF000000 97 00062491E000;GLYPH 241 77 6 8 FFFFDBFF FF000000 108 010410408000;GLYPH 247 77 6 8 FFFFDBFF FF000000 99 000620818000;FILL 288 52 62 34 FF000000;RECT 288 52 62 34 FF554955;
VDM1 62 2624 ASSET F7008663 1254;
VDM1 63 B2DE ASSETREF 5A58A6AD F7008663;
VDM1 64 F0EE BMP 5A58A6AD 2 309 57 20 20 0 0 20 20 100 0 1 1 1 255 85 256 256 256 100 1;GLYPH 290 77 6 8 FFFFDBFF FF000000 67 01C82081C000;GLYPH 296 77 6 8 FFFFDBFF FF000000 105 010010408000;GLYPH 302 77 6 8 FFFFDBFF FF000000 116 010E10408000;GLYPH 308 77 6 8 FFFFDBFF FF000000 51 018108118000;GLYPH 314 77 6 8 FFFFDBFF FF000000 68 038924938000;FILL 20 91 62 34 FF000000;RECT 20 91 62 34 FF554955;
VDM1 65 B5F3 ASSET 8D80235D 1254;
VDM1 66 65CD ASSETREF D3DCF40F 8D80235D;
VDM1 67 FD7F BMP D3DCF40F 2 41 96 20 20 0 0 20 20 100 0 1 1 1 255 85 256 256 256 100 1;GLYPH 22 116 6 8 FFFFDBFF FF000000 67 01C82081C000;GLYPH 28 116 6 8 FFFFDBFF FF000000 83 01C818138000;GLYPH 34 116 6 8 FFFFDBFF FF000000 110 000A34924000;GLYPH 40 116 6 8 FFFFDBFF FF000000 97 00062491E000;GLYPH 46 116 6 8 FFFFDBFF FF000000 107 020B30A24000;GLYPH 52 116 6 8 FFFFDBFF FF000000 101 00062CC1C000;FILL 87 91 62 34 FF000000;RECT 87 91 62 34 FF554955;
VDM1 68 EC93 ASSET 8CA6BDA4 1254;
VDM1 69 9813 ASSETREF E8E6097F 8CA6BDA4;
VDM1 70 136C BMP E8E6097F 2 108 96 20 20 0 0 20 20 100 0 1 1 1 255 85 256 256 256 100 1;GLYPH 89 116 6 8 FFFFDBFF FF000000 67 01C82081C000;GLYPH 95 116 6 8 FFFFDBFF FF000000 80 038938820000;GLYPH 101 116 6 8 FFFFDBFF FF000000 114 000310410000;GLYPH 107 116 6 8 FFFFDBFF FF000000 111 000624918000;GLYPH 113 116 6 8 FFFFDBFF FF000000 103 00062491C118;FILL 154 91 62 34 FF000000;RECT 154 91 62 34 FF554955;
VDM1 71 05A3 ASSET 43E65C43 1254;
VDM CONTROLLER 1
VDM1 72 61D4 ASSETREF 70A01D79 43E65C43;
VDM1 73 DE64 BMP 70A01D79 2 175 96 20 20 0 0 20 20 100 0 1 1 1 255 85 256 256 256 100 1;GLYPH 156 116 6 8 FFFFDBFF FF000000 67 01C82081C000;GLYPH 162 116 6 8 FFFFDBFF FF000000 68 038924938000;GLYPH 168 116 6 8 FFFFDBFF FF000000 114 000310410000;GLYPH 174 116 6 8 FFFFDBFF FF000000 97 00062491E000;GLYPH 180 116 6 8 FFFFDBFF FF000000 119 0008A2A94000;FILL 221 91 62 34 FF000000;RECT 221 91 62 34 FF554955;
VDM1 74 3B95 ASSET 775D32FE 1254;
VDM1 75 76D8 ASSETREF 520551BB 775D32FE;
VDM1 76 22F2 BMP 520551BB 2 242 96 20 20 0 0 20 20 100 0 1 1 1 255 85 256 256 256 100 1;GLYPH 223 116 6 8 FFFFDBFF FF000000 67 01C82081C000;GLYPH 229 116 6 8 FFFFDBFF FF000000 85 024924918000;GLYPH 235 116 6 8 FFFFDBFF FF000000 116 010E10408000;GLYPH 241 116 6 8 FFFFDBFF FF000000 105 010010408000;GLYPH 247 116 6 8 FFFFDBFF FF000000 108 010410408000;GLYPH 253 116 6 8 FFFFDBFF FF000000 105 010010408000;GLYPH 259 116 6 8 FFFFDBFF FF000000 116 010E10408000;GLYPH 265 116 6 8 FFFFDBFF FF000000 121 00092491C118;FILL 288 91 62 34 FF000000;RECT 288 91 62 34 FF554955;
VDM1 77 A6D5 ASSET 1867A4D1 1254;
VDM1 78 B420 ASSETREF ADA9AFBE 1867A4D1;
VDM1 79 AA45 BMP ADA9AFBE 2 309 96 20 20 0 0 20 20 100 0 1 1 1 255 85 256 256 256 100 1;GLYPH 290 116 6 8 FFFFDBFF FF000000 67 01C82081C000;GLYPH 296 116 6 8 FFFFDBFF FF000000 72 02493C924000;GLYPH 302 116 6 8 FFFFDBFF FF000000 116 010E10408000;GLYPH 308 116 6 8 FFFFDBFF FF000000 109 000D2AAA2000;GLYPH 314 116 6 8 FFFFDBFF FF000000 108 010410408000;FILL 20 130 62 34 FF000000;RECT 20 130 62 34 FF554955;
VDM1 80 82D1 ASSET 587A0F4D 1254;
VDM1 81 A0E7 ASSETREF E3FA6AE4 587A0F4D;
VDM1 82 BE46 BMP E3FA6AE4 2 41 135 20 20 0 0 20 20 100 0 1 1 1 255 85 256 256 256 100 1;GLYPH 22 155 6 8 FFFFDBFF FF000000 67 01C82081C000;GLYPH 28 155 6 8 FFFFDBFF FF000000 82 038938924000;GLYPH 34 155 6 8 FFFFDBFF FF000000 71 01C82C89C000;GLYPH 40 155 6 8 FFFFDBFF FF000000 66 038938938000;FILL 87 130 62 34 FF000000;RECT 87 130 62 34 FF554955;
VDM1 83 1495 ASSET 5B58DEEC 1254;
VDM1 84 16CA ASSETREF B0E49BEA 5B58DEEC;
VDM1 85 A2AC BMP B0E49BEA 2 108 135 20 20 0 0 20 20 100 0 1 1 1 255 85 256 256 256 100 1;GLYPH 89 155 6 8 FFFFDBFF FF000000 67 01C82081C000;GLYPH 95 155 6 8 FFFFDBFF FF000000 84 03E208208000;GLYPH 101 155 6 8 FFFFDBFF FF000000 111 000624918000;GLYPH 107 155 6 8 FFFFDBFF FF000000 110 000A34924000;GLYPH 113 155 6 8 FFFFDBFF FF000000 101 00062CC1C000;GLYPH 119 155 6 8 FFFFDBFF FF000000 115 000318118000;FILL 17 246 342 11 FF080808;GLYPH 20 248 6 8 FF556D55 FF080808 49 00860821C000;GLYPH 26 248 6 8 FF556D55 FF080808 50 01810841C000;
VDM1 86 FC71 GLYPH 32 248 6 8 FF556D55 FF080808 32 000000000000;GLYPH 38 248 6 8 FF556D55 FF080808 102 000310418410;GLYPH 44 248 6 8 FF556D55 FF080808 108 010410408000;GLYPH 50 248 6 8 FF556D55 FF080808 97 00062491E000;GLYPH 56 248 6 8 FF556D55 FF080808 115 000318118000;GLYPH 62 248 6 8 FF556D55 FF080808 104 020A34924000;GLYPH 68 248 6 8 FF556D55 FF080808 97 00062491E000;GLYPH 74 248 6 8 FF556D55 FF080808 98 020E24918000;GLYPH 80 248 6 8 FF556D55 FF080808 108 010410408000;GLYPH 86 248 6 8 FF556D55 FF080808 101 00062CC1C000;
VDM1 87 DE9E GLYPH 92 248 6 8 FF556D55 FF080808 32 000000000000;GLYPH 98 248 6 8 FF556D55 FF080808 97 00062491E000;GLYPH 104 248 6 8 FF556D55 FF080808 112 000E24938820;GLYPH 110 248 6 8 FF556D55 FF080808 112 000E24938820;GLYPH 116 248 6 8 FF556D55 FF080808 108 010410408000;GLYPH 122 248 6 8 FF556D55 FF080808 105 010010408000;GLYPH 128 248 6 8 FF556D55 FF080808 99 000620818000;GLYPH 134 248 6 8 FF556D55 FF080808 97 00062491E000;GLYPH 140 248 6 8 FF556D55 FF080808 116 010E10408000;GLYPH 146 248 6 8 FF556D55 FF080808 105 010010408000;
VDM1 88 79EA GLYPH 152 248 6 8 FF556D55 FF080808 111 000624918000;GLYPH 158 248 6 8 FF556D55 FF080808 110 000A34924000;GLYPH 164 248 6 8 FF556D55 FF080808 115 000318118000;E;
