esptool v5.1.0
Serial port COM4:
Connecting....
Connected to ESP32 on COM4:
Chip type:          ESP32-D0WD-V3 (revision v3.1)
Features:           Wi-Fi, BT, Dual Core + LP Core, 240MHz, Vref calibration in eFuse, Coding Scheme None
Crystal frequency:  40MHz
MAC:                88:13:bf:24:fa:c0

Uploading stub flasher...
Running stub flasher...
Stub flasher running.

Configuring flash size...

Reading from 0x00011000 [                              ]   0.3% 4096/1310720 bytes... 

Reading from 0x00012000 [                              ]   0.6% 8192/1310720 bytes... 

Reading from 0x00013000 [                              ]   0.9% 12288/1310720 bytes... 

Reading from 0x00014000 [                              ]   1.2% 16384/1310720 bytes... 

Reading from 0x00015000 [                              ]   1.6% 20480/1310720 bytes... 

Reading from 0x00016000 [                              ]   1.9% 24576/1310720 bytes... 

Reading from 0x00017000 [                              ]   2.2% 28672/1310720 bytes... 

Reading from 0x00018000 [                              ]   2.5% 32768/1310720 bytes... 

Reading from 0x00019000 [                              ]   2.8% 36864/1310720 bytes... 

Reading from 0x0001a000 [                              ]   3.1% 40960/1310720 bytes... 

Reading from 0x0001b000 [>                             ]   3.4% 45056/1310720 bytes... 

Reading from 0x0001c000 [>                             ]   3.8% 49152/1310720 bytes... 

Reading from 0x0001d000 [>                             ]   4.1% 53248/1310720 bytes... 

Reading from 0x0001e000 [>                             ]   4.4% 57344/1310720 bytes... 

Reading from 0x0001f000 [>                             ]   4.7% 61440/1310720 bytes... 

Reading from 0x00020000 [>                             ]   5.0% 65536/1310720 bytes... 

Reading from 0x00021000 [>                             ]   5.3% 69632/1310720 bytes... 

Reading from 0x00022000 [>                             ]   5.6% 73728/1310720 bytes... 

Reading from 0x00023000 [>                             ]   5.9% 77824/1310720 bytes... 

Reading from 0x00024000 [>                             ]   6.2% 81920/1310720 bytes... 

Reading from 0x00025000 [>                             ]   6.6% 86016/1310720 bytes... 

Reading from 0x00026000 [=>                            ]   6.9% 90112/1310720 bytes... 

Reading from 0x00027000 [=>                            ]   7.2% 94208/1310720 bytes... 

Reading from 0x00028000 [=>                            ]   7.5% 98304/1310720 bytes... 

Reading from 0x00029000 [=>                            ]   7.8% 102400/1310720 bytes... 

Reading from 0x0002a000 [=>                            ]   8.1% 106496/1310720 bytes... 

Reading from 0x0002b000 [=>                            ]   8.4% 110592/1310720 bytes... 

Reading from 0x0002c000 [=>                            ]   8.8% 114688/1310720 bytes... 

Reading from 0x0002d000 [=>                            ]   9.1% 118784/1310720 bytes... 

Reading from 0x0002e000 [=>                            ]   9.4% 122880/1310720 bytes... 

Reading from 0x0002f000 [=>                            ]   9.7% 126976/1310720 bytes... 

Reading from 0x00030000 [==>                           ]  10.0% 131072/1310720 bytes... 

Reading from 0x00031000 [==>                           ]  10.3% 135168/1310720 bytes... 

Reading from 0x00032000 [==>                           ]  10.6% 139264/1310720 bytes... 

Reading from 0x00033000 [==>                           ]  10.9% 143360/1310720 bytes... 

Reading from 0x00034000 [==>                           ]  11.2% 147456/1310720 bytes... 

Reading from 0x00035000 [==>                           ]  11.6% 151552/1310720 bytes... 

Reading from 0x00036000 [==>                           ]  11.9% 155648/1310720 bytes... 

Reading from 0x00037000 [==>                           ]  12.2% 159744/1310720 bytes... 

Reading from 0x00038000 [==>                           ]  12.5% 163840/1310720 bytes... 

Reading from 0x00039000 [==>                           ]  12.8% 167936/1310720 bytes... 

Reading from 0x0003a000 [==>                           ]  13.1% 172032/1310720 bytes... 

Hard resetting via RTS pin...

A fatal error occurred: Corrupt data, expected 0x1000 bytes but received 0x10 bytes.
