esptool v5.1.0
Serial port COM3:
Connecting.....
Connected to ESP32 on COM3:
Chip type:          ESP32-D0WD-V3 (revision v3.1)
Features:           Wi-Fi, BT, Dual Core + LP Core, 240MHz, Vref calibration in eFuse, Coding Scheme None
Crystal frequency:  40MHz
MAC:                ac:15:18:d4:f0:a0

Uploading stub flasher...
Running stub flasher...
Stub flasher running.

Configuring flash size...

Reading from 0x00011000 [                              ]   0.6% 4096/655360 bytes... 

Reading from 0x00012000 [                              ]   1.2% 8192/655360 bytes... 

Reading from 0x00013000 [                              ]   1.9% 12288/655360 bytes... 

Reading from 0x00014000 [                              ]   2.5% 16384/655360 bytes... 

Reading from 0x00015000 [                              ]   3.1% 20480/655360 bytes... 

Reading from 0x00016000 [>                             ]   3.8% 24576/655360 bytes... 

Reading from 0x00017000 [>                             ]   4.4% 28672/655360 bytes... 

Reading from 0x00018000 [>                             ]   5.0% 32768/655360 bytes... 

Reading from 0x00019000 [>                             ]   5.6% 36864/655360 bytes... 

Reading from 0x0001a000 [>                             ]   6.2% 40960/655360 bytes... 

Reading from 0x0001b000 [=>                            ]   6.9% 45056/655360 bytes... 

Reading from 0x0001c000 [=>                            ]   7.5% 49152/655360 bytes... 

Reading from 0x0001d000 [=>                            ]   8.1% 53248/655360 bytes... 

Reading from 0x0001e000 [=>                            ]   8.8% 57344/655360 bytes... 

Reading from 0x0001f000 [=>                            ]   9.4% 61440/655360 bytes... 

Reading from 0x00020000 [==>                           ]  10.0% 65536/655360 bytes... 

Reading from 0x00021000 [==>                           ]  10.6% 69632/655360 bytes... 

Reading from 0x00022000 [==>                           ]  11.2% 73728/655360 bytes... 

Reading from 0x00023000 [==>                           ]  11.9% 77824/655360 bytes... 

Reading from 0x00024000 [==>                           ]  12.5% 81920/655360 bytes... 

Reading from 0x00025000 [==>                           ]  13.1% 86016/655360 bytes... 

Reading from 0x00026000 [===>                          ]  13.8% 90112/655360 bytes... 

Reading from 0x00027000 [===>                          ]  14.4% 94208/655360 bytes... 

Reading from 0x00028000 [===>                          ]  15.0% 98304/655360 bytes... 

Reading from 0x00029000 [===>                          ]  15.6% 102400/655360 bytes... 

Reading from 0x0002a000 [===>                          ]  16.2% 106496/655360 bytes... 

Reading from 0x0002b000 [====>                         ]  16.9% 110592/655360 bytes... 

Reading from 0x0002c000 [====>                         ]  17.5% 114688/655360 bytes... 

Reading from 0x0002d000 [====>                         ]  18.1% 118784/655360 bytes... 

Reading from 0x0002e000 [====>                         ]  18.8% 122880/655360 bytes... 

Reading from 0x0002f000 [====>                         ]  19.4% 126976/655360 bytes... 

Reading from 0x00030000 [=====>                        ]  20.0% 131072/655360 bytes... 

Reading from 0x00031000 [=====>                        ]  20.6% 135168/655360 bytes... 

Reading from 0x00032000 [=====>                        ]  21.2% 139264/655360 bytes... 

Reading from 0x00033000 [=====>                        ]  21.9% 143360/655360 bytes... 

Reading from 0x00034000 [=====>                        ]  22.5% 147456/655360 bytes... 

Reading from 0x00035000 [=====>                        ]  23.1% 151552/655360 bytes... 

Reading from 0x00036000 [======>                       ]  23.8% 155648/655360 bytes... 

Reading from 0x00037000 [======>                       ]  24.4% 159744/655360 bytes... 

Reading from 0x00038000 [======>                       ]  25.0% 163840/655360 bytes... 

Reading from 0x00039000 [======>                       ]  25.6% 167936/655360 bytes... 

Reading from 0x0003a000 [======>                       ]  26.2% 172032/655360 bytes... 

Reading from 0x0003b000 [=======>                      ]  26.9% 176128/655360 bytes... 

Reading from 0x0003c000 [=======>                      ]  27.5% 180224/655360 bytes... 

Reading from 0x0003d000 [=======>                      ]  28.1% 184320/655360 bytes... 

Reading from 0x0003e000 [=======>                      ]  28.7% 188416/655360 bytes... 

Reading from 0x0003f000 [=======>                      ]  29.4% 192512/655360 bytes... 

Reading from 0x00040000 [========>                     ]  30.0% 196608/655360 bytes... 

Reading from 0x00041000 [========>                     ]  30.6% 200704/655360 bytes... 

Reading from 0x00042000 [========>                     ]  31.2% 204800/655360 bytes... 

Reading from 0x00043000 [========>                     ]  31.9% 208896/655360 bytes... 

Reading from 0x00044000 [========>                     ]  32.5% 212992/655360 bytes... 

Reading from 0x00045000 [========>                     ]  33.1% 217088/655360 bytes... 

Reading from 0x00046000 [=========>                    ]  33.8% 221184/655360 bytes... 

Reading from 0x00047000 [=========>                    ]  34.4% 225280/655360 bytes... 

Reading from 0x00048000 [=========>                    ]  35.0% 229376/655360 bytes... 

Reading from 0x00049000 [=========>                    ]  35.6% 233472/655360 bytes... 

Reading from 0x0004a000 [=========>                    ]  36.2% 237568/655360 bytes... 

Reading from 0x0004b000 [==========>                   ]  36.9% 241664/655360 bytes... 

Reading from 0x0004c000 [==========>                   ]  37.5% 245760/655360 bytes... 

Reading from 0x0004d000 [==========>                   ]  38.1% 249856/655360 bytes... 

Reading from 0x0004e000 [==========>                   ]  38.8% 253952/655360 bytes... 

Reading from 0x0004f000 [==========>                   ]  39.4% 258048/655360 bytes... 

Reading from 0x00050000 [===========>                  ]  40.0% 262144/655360 bytes... 

Reading from 0x00051000 [===========>                  ]  40.6% 266240/655360 bytes... 

Reading from 0x00052000 [===========>                  ]  41.2% 270336/655360 bytes... 

Reading from 0x00053000 [===========>                  ]  41.9% 274432/655360 bytes... 

Reading from 0x00054000 [===========>                  ]  42.5% 278528/655360 bytes... 

Reading from 0x00055000 [===========>                  ]  43.1% 282624/655360 bytes... 

Reading from 0x00056000 [============>                 ]  43.8% 286720/655360 bytes... 

Reading from 0x00057000 [============>                 ]  44.4% 290816/655360 bytes... 

Reading from 0x00058000 [============>                 ]  45.0% 294912/655360 bytes... 

Reading from 0x00059000 [============>                 ]  45.6% 299008/655360 bytes... 

Reading from 0x0005a000 [============>                 ]  46.2% 303104/655360 bytes... 

Reading from 0x0005b000 [=============>                ]  46.9% 307200/655360 bytes... 

Reading from 0x0005c000 [=============>                ]  47.5% 311296/655360 bytes... 

Reading from 0x0005d000 [=============>                ]  48.1% 315392/655360 bytes... 

Reading from 0x0005e000 [=============>                ]  48.8% 319488/655360 bytes... 

Reading from 0x0005f000 [=============>                ]  49.4% 323584/655360 bytes... 

Reading from 0x00060000 [==============>               ]  50.0% 327680/655360 bytes... 

Reading from 0x00061000 [==============>               ]  50.6% 331776/655360 bytes... 

Reading from 0x00062000 [==============>               ]  51.2% 335872/655360 bytes... 

Reading from 0x00063000 [==============>               ]  51.9% 339968/655360 bytes... 

Reading from 0x00064000 [==============>               ]  52.5% 344064/655360 bytes... 

Reading from 0x00065000 [==============>               ]  53.1% 348160/655360 bytes... 

Reading from 0x00066000 [===============>              ]  53.8% 352256/655360 bytes... 

Reading from 0x00067000 [===============>              ]  54.4% 356352/655360 bytes... 

Reading from 0x00068000 [===============>              ]  55.0% 360448/655360 bytes... 

Reading from 0x00069000 [===============>              ]  55.6% 364544/655360 bytes... 

Reading from 0x0006a000 [===============>              ]  56.2% 368640/655360 bytes... 

Reading from 0x0006b000 [================>             ]  56.9% 372736/655360 bytes... 

Reading from 0x0006c000 [================>             ]  57.5% 376832/655360 bytes... 

Reading from 0x0006d000 [================>             ]  58.1% 380928/655360 bytes... 

Reading from 0x0006e000 [================>             ]  58.8% 385024/655360 bytes... 

Reading from 0x0006f000 [================>             ]  59.4% 389120/655360 bytes... 

Reading from 0x00070000 [=================>            ]  60.0% 393216/655360 bytes... 

Reading from 0x00071000 [=================>            ]  60.6% 397312/655360 bytes... 

Reading from 0x00072000 [=================>            ]  61.3% 401408/655360 bytes... 

Reading from 0x00073000 [=================>            ]  61.9% 405504/655360 bytes... 

Reading from 0x00074000 [=================>            ]  62.5% 409600/655360 bytes... 

Reading from 0x00075000 [=================>            ]  63.1% 413696/655360 bytes... 

Reading from 0x00076000 [==================>           ]  63.7% 417792/655360 bytes... 

Reading from 0x00077000 [==================>           ]  64.4% 421888/655360 bytes... 

Reading from 0x00078000 [==================>           ]  65.0% 425984/655360 bytes... 

Reading from 0x00079000 [==================>           ]  65.6% 430080/655360 bytes... 

Reading from 0x0007a000 [==================>           ]  66.2% 434176/655360 bytes... 

Reading from 0x0007b000 [===================>          ]  66.9% 438272/655360 bytes... 

Reading from 0x0007c000 [===================>          ]  67.5% 442368/655360 bytes... 

Reading from 0x0007d000 [===================>          ]  68.1% 446464/655360 bytes... 

Reading from 0x0007e000 [===================>          ]  68.8% 450560/655360 bytes... 

Reading from 0x0007f000 [===================>          ]  69.4% 454656/655360 bytes... 

Reading from 0x00080000 [====================>         ]  70.0% 458752/655360 bytes... 

Reading from 0x00081000 [====================>         ]  70.6% 462848/655360 bytes... 

Reading from 0x00082000 [====================>         ]  71.2% 466944/655360 bytes... 

Reading from 0x00083000 [====================>         ]  71.9% 471040/655360 bytes... 

Reading from 0x00084000 [====================>         ]  72.5% 475136/655360 bytes... 

Reading from 0x00085000 [====================>         ]  73.1% 479232/655360 bytes... 

Reading from 0x00086000 [=====================>        ]  73.8% 483328/655360 bytes... 

Reading from 0x00087000 [=====================>        ]  74.4% 487424/655360 bytes... 

Reading from 0x00088000 [=====================>        ]  75.0% 491520/655360 bytes... 

Reading from 0x00089000 [=====================>        ]  75.6% 495616/655360 bytes... 

Reading from 0x0008a000 [=====================>        ]  76.2% 499712/655360 bytes... 

Reading from 0x0008b000 [======================>       ]  76.9% 503808/655360 bytes... 

Reading from 0x0008c000 [======================>       ]  77.5% 507904/655360 bytes... 

Reading from 0x0008d000 [======================>       ]  78.1% 512000/655360 bytes... 

Reading from 0x0008e000 [======================>       ]  78.8% 516096/655360 bytes... 

Reading from 0x0008f000 [======================>       ]  79.4% 520192/655360 bytes... 

Reading from 0x00090000 [=======================>      ]  80.0% 524288/655360 bytes... 

Reading from 0x00091000 [=======================>      ]  80.6% 528384/655360 bytes... 

Reading from 0x00092000 [=======================>      ]  81.2% 532480/655360 bytes... 

Reading from 0x00093000 [=======================>      ]  81.9% 536576/655360 bytes... 

Reading from 0x00094000 [=======================>      ]  82.5% 540672/655360 bytes... 

Reading from 0x00095000 [=======================>      ]  83.1% 544768/655360 bytes... 

Reading from 0x00096000 [========================>     ]  83.8% 548864/655360 bytes... 

Reading from 0x00097000 [========================>     ]  84.4% 552960/655360 bytes... 

Reading from 0x00098000 [========================>     ]  85.0% 557056/655360 bytes... 

Reading from 0x00099000 [========================>     ]  85.6% 561152/655360 bytes... 

Reading from 0x0009a000 [========================>     ]  86.2% 565248/655360 bytes... 

Reading from 0x0009b000 [=========================>    ]  86.9% 569344/655360 bytes... 

Reading from 0x0009c000 [=========================>    ]  87.5% 573440/655360 bytes... 

Reading from 0x0009d000 [=========================>    ]  88.1% 577536/655360 bytes... 

Reading from 0x0009e000 [=========================>    ]  88.8% 581632/655360 bytes... 

Reading from 0x0009f000 [=========================>    ]  89.4% 585728/655360 bytes... 

Reading from 0x000a0000 [==========================>   ]  90.0% 589824/655360 bytes... 

Reading from 0x000a1000 [==========================>   ]  90.6% 593920/655360 bytes... 

Reading from 0x000a2000 [==========================>   ]  91.2% 598016/655360 bytes... 

Reading from 0x000a3000 [==========================>   ]  91.9% 602112/655360 bytes... 

Reading from 0x000a4000 [==========================>   ]  92.5% 606208/655360 bytes... 

Reading from 0x000a5000 [==========================>   ]  93.1% 610304/655360 bytes... 

Reading from 0x000a6000 [===========================>  ]  93.8% 614400/655360 bytes... 

Reading from 0x000a7000 [===========================>  ]  94.4% 618496/655360 bytes... 

Reading from 0x000a8000 [===========================>  ]  95.0% 622592/655360 bytes... 

Reading from 0x000a9000 [===========================>  ]  95.6% 626688/655360 bytes... 

Reading from 0x000aa000 [===========================>  ]  96.2% 630784/655360 bytes... 

Reading from 0x000ab000 [============================> ]  96.9% 634880/655360 bytes... 

Reading from 0x000ac000 [============================> ]  97.5% 638976/655360 bytes... 

Reading from 0x000ad000 [============================> ]  98.1% 643072/655360 bytes... 

Reading from 0x000ae000 [============================> ]  98.8% 647168/655360 bytes... 

Reading from 0x000af000 [============================> ]  99.4% 651264/655360 bytes... 

Reading from 0x000b0000 [==============================] 100.0% 655360/655360 bytes... 
Read 655360 bytes from 0x00010000 in 59.8 seconds (87.6 kbit/s) to 'Recovery/SerialDisplay/20260912/kernel-active-app-before.bin'.

Hard resetting via RTS pin...
