ets Jul 29 2019 12:21:46



rst:0x1 (POWERON_RESET),boot:0x13 (SPI_FAST_FLASH_BOOT)

configsip: 0, SPIWP:0xee

clk_drv:0x00,q_drv:0x00,d_drv:0x00,cs0_drv:0x00,hd_drv:0x00,wp_drv:0x00

mode:DIO, clock div:1

load:0x3fff0030,len:4876

ho 0 tail 12 room 4

load:0x40078000,len:16560

load:0x40080400,len:3500

entry 0x400805b4

EUREKA

62193139712

Loaded systemConfiguration.conf from SPIFFS

SD kernel is current (611072 bytes).
WallpaperToggle=true
TooltipsToggle=true
VerboseUART=false
DisplayColour=true
WifiCoreToggle=true
TelemetryData=false
FastBoot=false
AudioDriver=false
InvertColors=false
WallpaperColor=true
WallpaperPath=/UserData/Wallpapers/Default.bmp
IconBlackAlphaThreshold=100
IconWhiteAlphaThreshold=256boolRes: false



Instruction consumed.

Files in /apps/:

[APP] CLineCos.bin

[APP] CitBrowser.bin

[APP] CImage.bin

[APP] Ccalc.bin

[APP] Cit3D.bin

[APP] CSnake.bin

[APP] CProg.bin

[APP] CDraw.bin

[APP] CUtility.bin

[APP] CHtml.bin

[APP] CRGB.bin

[APP] CTones.bin


Stored App Filenames: 12

[WALLPAPER] /UserData/Wallpapers/DefaultWallpaper.bmp

[WALLPAPER] /UserData/Wallpapers/Default.bmp

[WALLPAPER] /UserData/Wallpapers/Wallpaper.bmp

Stored Wallpapers: 3

File explorer tree cache is current. Reusing SPIFFS cache.

Stored Root Filenames: 11

Looking for appIcons

App File Count: 12

Wallpaper in SPIFFS is up-to-date. Skipping copy.

SPIFFS icon up-to-date, skipping copy: \xdc8\xfb?
Icon in SPIFFS: /icons/Utilities.bmp (20x20 bpp=24 offset=54)
SPIFFS icon up-to-date, skipping copy: \xdc8\xfb?
Icon in SPIFFS: /icons/Files.bmp (20x20 bpp=24 offset=54)
SPIFFS icon up-to-date, skipping copy: \xdc8\xfb?
Icon in SPIFFS: /icons/Restart.bmp (20x20 bpp=24 offset=54)
SPIFFS icon up-to-date, skipping copy: \xdc8\xfb?
Icon in SPIFFS: /icons/Configure.bmp (20x20 bpp=24 offset=54)
SPIFFS icon up-to-date, skipping copy: \xdc8\xfb?
Icon in SPIFFS: /icons/Programmer.bmp (20x20 bpp=24 offset=54)
SPIFFS icon up-to-date, skipping copy: \xdc8\xfb?
Icon in SPIFFS: /icons/Terminal.bmp (20x20 bpp=24 offset=54)
SD dismounted before video init.

DMA heap before video init: free=232220 largest=110580
I2S TX

DMA heap after video init: free=3956 largest=692
Loaded cached filename index: apps=12 files=11
Rendering wallpaper from SPIFFS...

FreeHeap before open: 63232
Wallpaper BMP: 400x225 (topDown=0), offset=54, bpp=24
Using static wallpaper rowBuf: 1200 bytes
FreeHeap after rowBuf alloc: 62776
Wallpaper rendered (hybrid fast) in 640 ms. FreeHeap after: 63232
Wallpaper raw cache write skipped; calibrated BMP renderer remains active.

Reading DiskBarn, seeking SDF

62193139712

Stage 2 Log: DEF Drivers init

Wallpaper region 20x20 @ 15,18 rendered in 74 ms (19 rows).
Wallpaper region 20x20 @ 15,48 rendered in 64 ms (20 rows).
Wallpaper region 20x20 @ 15,78 rendered in 64 ms (20 rows).
Wallpaper region 20x20 @ 15,138 rendered in 89 ms (20 rows).
Wallpaper region 20x20 @ 15,168 rendered in 87 ms (20 rows).
UI Loaded properly


