esptool v5.1.0
Serial port COM3:
Connecting.........
Connected to ESP32 on COM3:
Chip type:          ESP32-D0WD-V3 (revision v3.1)
Features:           Wi-Fi, BT, Dual Core + LP Core, 240MHz, Vref calibration in eFuse, Coding Scheme None
Crystal frequency:  40MHz
MAC:                ac:15:18:d4:f0:a0

Changing baud rate to 460800...
Changed.

Enabling default SPI flash mode...
Configuring flash size...
Flash will be erased from 0x00010000 to 0x000a3fff...
Erasing flash...
Took 1.83s to erase flash block.

Writing at 0x00010000 [                              ]   0.0% 0/605728 bytes... 

Writing at 0x00010400 [                              ]   0.2% 1024/605728 bytes... 

Writing at 0x00010800 [                              ]   0.3% 2048/605728 bytes... 

Writing at 0x00010c00 [                              ]   0.5% 3072/605728 bytes... 

Writing at 0x00011000 [                              ]   0.7% 4096/605728 bytes... 

Writing at 0x00011400 [                              ]   0.8% 5120/605728 bytes... 

Writing at 0x00011800 [                              ]   1.0% 6144/605728 bytes... 

Writing at 0x00011c00 [                              ]   1.2% 7168/605728 bytes... 

Writing at 0x00012000 [                              ]   1.4% 8192/605728 bytes... 

Writing at 0x00012400 [                              ]   1.5% 9216/605728 bytes... 

Writing at 0x00012800 [                              ]   1.7% 10240/605728 bytes... 

Writing at 0x00012c00 [                              ]   1.9% 11264/605728 bytes... 

Writing at 0x00013000 [                              ]   2.0% 12288/605728 bytes... 

Writing at 0x00013400 [                              ]   2.2% 13312/605728 bytes... 

Writing at 0x00013800 [                              ]   2.4% 14336/605728 bytes... 

Writing at 0x00013c00 [                              ]   2.5% 15360/605728 bytes... 

Writing at 0x00014000 [                              ]   2.7% 16384/605728 bytes... 

Writing at 0x00014400 [                              ]   2.9% 17408/605728 bytes... 

Writing at 0x00014800 [                              ]   3.0% 18432/605728 bytes... 

Writing at 0x00014c00 [                              ]   3.2% 19456/605728 bytes... 

Writing at 0x00015000 [>                             ]   3.4% 20480/605728 bytes... 

Writing at 0x00015400 [>                             ]   3.6% 21504/605728 bytes... 

Writing at 0x00015800 [>                             ]   3.7% 22528/605728 bytes... 

Writing at 0x00015c00 [>                             ]   3.9% 23552/605728 bytes... 

Writing at 0x00016000 [>                             ]   4.1% 24576/605728 bytes... 

Writing at 0x00016400 [>                             ]   4.2% 25600/605728 bytes... 

Writing at 0x00016800 [>                             ]   4.4% 26624/605728 bytes... 

Writing at 0x00016c00 [>                             ]   4.6% 27648/605728 bytes... 

Writing at 0x00017000 [>                             ]   4.7% 28672/605728 bytes... 

Writing at 0x00017400 [>                             ]   4.9% 29696/605728 bytes... 

Writing at 0x00017800 [>                             ]   5.1% 30720/605728 bytes... 

Writing at 0x00017c00 [>                             ]   5.2% 31744/605728 bytes... 

Writing at 0x00018000 [>                             ]   5.4% 32768/605728 bytes... 

Writing at 0x00018400 [>                             ]   5.6% 33792/605728 bytes... 

Writing at 0x00018800 [>                             ]   5.7% 34816/605728 bytes... 

Writing at 0x00018c00 [>                             ]   5.9% 35840/605728 bytes... 

Writing at 0x00019000 [>                             ]   6.1% 36864/605728 bytes... 

Writing at 0x00019400 [>                             ]   6.3% 37888/605728 bytes... 

Writing at 0x00019800 [>                             ]   6.4% 38912/605728 bytes... 

Writing at 0x00019c00 [>                             ]   6.6% 39936/605728 bytes... 

Writing at 0x0001a000 [=>                            ]   6.8% 40960/605728 bytes... 

Writing at 0x0001a400 [=>                            ]   6.9% 41984/605728 bytes... 

Writing at 0x0001a800 [=>                            ]   7.1% 43008/605728 bytes... 

Writing at 0x0001ac00 [=>                            ]   7.3% 44032/605728 bytes... 

Writing at 0x0001b000 [=>                            ]   7.4% 45056/605728 bytes... 

Writing at 0x0001b400 [=>                            ]   7.6% 46080/605728 bytes... 

Writing at 0x0001b800 [=>                            ]   7.8% 47104/605728 bytes... 

Writing at 0x0001bc00 [=>                            ]   7.9% 48128/605728 bytes... 

Writing at 0x0001c000 [=>                            ]   8.1% 49152/605728 bytes... 

Writing at 0x0001c400 [=>                            ]   8.3% 50176/605728 bytes... 

Writing at 0x0001c800 [=>                            ]   8.5% 51200/605728 bytes... 

Writing at 0x0001cc00 [=>                            ]   8.6% 52224/605728 bytes... 

Writing at 0x0001d000 [=>                            ]   8.8% 53248/605728 bytes... 

Writing at 0x0001d400 [=>                            ]   9.0% 54272/605728 bytes... 

Writing at 0x0001d800 [=>                            ]   9.1% 55296/605728 bytes... 

Writing at 0x0001dc00 [=>                            ]   9.3% 56320/605728 bytes... 

Writing at 0x0001e000 [=>                            ]   9.5% 57344/605728 bytes... 

Writing at 0x0001e400 [=>                            ]   9.6% 58368/605728 bytes... 

Writing at 0x0001e800 [=>                            ]   9.8% 59392/605728 bytes... 

Writing at 0x0001ec00 [=>                            ]  10.0% 60416/605728 bytes... 

Writing at 0x0001f000 [==>                           ]  10.1% 61440/605728 bytes... 

Writing at 0x0001f400 [==>                           ]  10.3% 62464/605728 bytes... 

Writing at 0x0001f800 [==>                           ]  10.5% 63488/605728 bytes... 

Writing at 0x0001fc00 [==>                           ]  10.7% 64512/605728 bytes... 

Writing at 0x00020000 [==>                           ]  10.8% 65536/605728 bytes... 

Writing at 0x00020400 [==>                           ]  11.0% 66560/605728 bytes... 

Writing at 0x00020800 [==>                           ]  11.2% 67584/605728 bytes... 

Writing at 0x00020c00 [==>                           ]  11.3% 68608/605728 bytes... 

Writing at 0x00021000 [==>                           ]  11.5% 69632/605728 bytes... 

Writing at 0x00021400 [==>                           ]  11.7% 70656/605728 bytes... 

Writing at 0x00021800 [==>                           ]  11.8% 71680/605728 bytes... 

Writing at 0x00021c00 [==>                           ]  12.0% 72704/605728 bytes... 

Writing at 0x00022000 [==>                           ]  12.2% 73728/605728 bytes... 

Writing at 0x00022400 [==>                           ]  12.3% 74752/605728 bytes... 

Writing at 0x00022800 [==>                           ]  12.5% 75776/605728 bytes... 

Writing at 0x00022c00 [==>                           ]  12.7% 76800/605728 bytes... 

Writing at 0x00023000 [==>                           ]  12.8% 77824/605728 bytes... 

Writing at 0x00023400 [==>                           ]  13.0% 78848/605728 bytes... 

Writing at 0x00023800 [==>                           ]  13.2% 79872/605728 bytes... 

Writing at 0x00023c00 [===>                          ]  13.4% 80896/605728 bytes... 

Writing at 0x00024000 [===>                          ]  13.5% 81920/605728 bytes... 

Writing at 0x00024400 [===>                          ]  13.7% 82944/605728 bytes... 

Writing at 0x00024800 [===>                          ]  13.9% 83968/605728 bytes... 

Writing at 0x00024c00 [===>                          ]  14.0% 84992/605728 bytes... 

Writing at 0x00025000 [===>                          ]  14.2% 86016/605728 bytes... 

Writing at 0x00025400 [===>                          ]  14.4% 87040/605728 bytes... 

Writing at 0x00025800 [===>                          ]  14.5% 88064/605728 bytes... 

Writing at 0x00025c00 [===>                          ]  14.7% 89088/605728 bytes... 

Writing at 0x00026000 [===>                          ]  14.9% 90112/605728 bytes... 

Writing at 0x00026400 [===>                          ]  15.0% 91136/605728 bytes... 

Writing at 0x00026800 [===>                          ]  15.2% 92160/605728 bytes... 

Writing at 0x00026c00 [===>                          ]  15.4% 93184/605728 bytes... 

Writing at 0x00027000 [===>                          ]  15.6% 94208/605728 bytes... 

Writing at 0x00027400 [===>                          ]  15.7% 95232/605728 bytes... 

Writing at 0x00027800 [===>                          ]  15.9% 96256/605728 bytes... 

Writing at 0x00027c00 [===>                          ]  16.1% 97280/605728 bytes... 

Writing at 0x00028000 [===>                          ]  16.2% 98304/605728 bytes... 

Writing at 0x00028400 [===>                          ]  16.4% 99328/605728 bytes... 

Writing at 0x00028800 [===>                          ]  16.6% 100352/605728 bytes... 

Writing at 0x00028c00 [====>                         ]  16.7% 101376/605728 bytes... 

Writing at 0x00029000 [====>                         ]  16.9% 102400/605728 bytes... 

Writing at 0x00029400 [====>                         ]  17.1% 103424/605728 bytes... 

Writing at 0x00029800 [====>                         ]  17.2% 104448/605728 bytes... 

Writing at 0x00029c00 [====>                         ]  17.4% 105472/605728 bytes... 

Writing at 0x0002a000 [====>                         ]  17.6% 106496/605728 bytes... 

Writing at 0x0002a400 [====>                         ]  17.8% 107520/605728 bytes... 

Writing at 0x0002a800 [====>                         ]  17.9% 108544/605728 bytes... 

Writing at 0x0002ac00 [====>                         ]  18.1% 109568/605728 bytes... 

Writing at 0x0002b000 [====>                         ]  18.3% 110592/605728 bytes... 

Writing at 0x0002b400 [====>                         ]  18.4% 111616/605728 bytes... 

Writing at 0x0002b800 [====>                         ]  18.6% 112640/605728 bytes... 

Writing at 0x0002bc00 [====>                         ]  18.8% 113664/605728 bytes... 

Writing at 0x0002c000 [====>                         ]  18.9% 114688/605728 bytes... 

Writing at 0x0002c400 [====>                         ]  19.1% 115712/605728 bytes... 

Writing at 0x0002c800 [====>                         ]  19.3% 116736/605728 bytes... 

Writing at 0x0002cc00 [====>                         ]  19.4% 117760/605728 bytes... 

Writing at 0x0002d000 [====>                         ]  19.6% 118784/605728 bytes... 

Writing at 0x0002d400 [====>                         ]  19.8% 119808/605728 bytes... 

Writing at 0x0002d800 [====>                         ]  19.9% 120832/605728 bytes... 

Writing at 0x0002dc00 [=====>                        ]  20.1% 121856/605728 bytes... 

Writing at 0x0002e000 [=====>                        ]  20.3% 122880/605728 bytes... 

Writing at 0x0002e400 [=====>                        ]  20.5% 123904/605728 bytes... 

Writing at 0x0002e800 [=====>                        ]  20.6% 124928/605728 bytes... 

Writing at 0x0002ec00 [=====>                        ]  20.8% 125952/605728 bytes... 

Writing at 0x0002f000 [=====>                        ]  21.0% 126976/605728 bytes... 

Writing at 0x0002f400 [=====>                        ]  21.1% 128000/605728 bytes... 

Writing at 0x0002f800 [=====>                        ]  21.3% 129024/605728 bytes... 

Writing at 0x0002fc00 [=====>                        ]  21.5% 130048/605728 bytes... 

Writing at 0x00030000 [=====>                        ]  21.6% 131072/605728 bytes... 

Writing at 0x00030400 [=====>                        ]  21.8% 132096/605728 bytes... 

Writing at 0x00030800 [=====>                        ]  22.0% 133120/605728 bytes... 

Writing at 0x00030c00 [=====>                        ]  22.1% 134144/605728 bytes... 

Writing at 0x00031000 [=====>                        ]  22.3% 135168/605728 bytes... 

Writing at 0x00031400 [=====>                        ]  22.5% 136192/605728 bytes... 

Writing at 0x00031800 [=====>                        ]  22.7% 137216/605728 bytes... 

Writing at 0x00031c00 [=====>                        ]  22.8% 138240/605728 bytes... 

Writing at 0x00032000 [=====>                        ]  23.0% 139264/605728 bytes... 

Writing at 0x00032400 [=====>                        ]  23.2% 140288/605728 bytes... 

Writing at 0x00032800 [=====>                        ]  23.3% 141312/605728 bytes... 

Writing at 0x00032c00 [======>                       ]  23.5% 142336/605728 bytes... 

Writing at 0x00033000 [======>                       ]  23.7% 143360/605728 bytes... 

Writing at 0x00033400 [======>                       ]  23.8% 144384/605728 bytes... 

Writing at 0x00033800 [======>                       ]  24.0% 145408/605728 bytes... 

Writing at 0x00033c00 [======>                       ]  24.2% 146432/605728 bytes... 

Writing at 0x00034000 [======>                       ]  24.3% 147456/605728 bytes... 

Writing at 0x00034400 [======>                       ]  24.5% 148480/605728 bytes... 

Writing at 0x00034800 [======>                       ]  24.7% 149504/605728 bytes... 

Writing at 0x00034c00 [======>                       ]  24.9% 150528/605728 bytes... 

Writing at 0x00035000 [======>                       ]  25.0% 151552/605728 bytes... 

Writing at 0x00035400 [======>                       ]  25.2% 152576/605728 bytes... 

Writing at 0x00035800 [======>                       ]  25.4% 153600/605728 bytes... 

Writing at 0x00035c00 [======>                       ]  25.5% 154624/605728 bytes... 

Writing at 0x00036000 [======>                       ]  25.7% 155648/605728 bytes... 

Writing at 0x00036400 [======>                       ]  25.9% 156672/605728 bytes... 

Writing at 0x00036800 [======>                       ]  26.0% 157696/605728 bytes... 

Writing at 0x00036c00 [======>                       ]  26.2% 158720/605728 bytes... 

Writing at 0x00037000 [======>                       ]  26.4% 159744/605728 bytes... 

Writing at 0x00037400 [======>                       ]  26.5% 160768/605728 bytes... 

Writing at 0x00037800 [=======>                      ]  26.7% 161792/605728 bytes... 

Writing at 0x00037c00 [=======>                      ]  26.9% 162816/605728 bytes... 

Writing at 0x00038000 [=======>                      ]  27.0% 163840/605728 bytes... 

Writing at 0x00038400 [=======>                      ]  27.2% 164864/605728 bytes... 

Writing at 0x00038800 [=======>                      ]  27.4% 165888/605728 bytes... 

Writing at 0x00038c00 [=======>                      ]  27.6% 166912/605728 bytes... 

Writing at 0x00039000 [=======>                      ]  27.7% 167936/605728 bytes... 

Writing at 0x00039400 [=======>                      ]  27.9% 168960/605728 bytes... 

Writing at 0x00039800 [=======>                      ]  28.1% 169984/605728 bytes... 

Writing at 0x00039c00 [=======>                      ]  28.2% 171008/605728 bytes... 

Writing at 0x0003a000 [=======>                      ]  28.4% 172032/605728 bytes... 

Writing at 0x0003a400 [=======>                      ]  28.6% 173056/605728 bytes... 

Writing at 0x0003a800 [=======>                      ]  28.7% 174080/605728 bytes... 

Writing at 0x0003ac00 [=======>                      ]  28.9% 175104/605728 bytes... 

Writing at 0x0003b000 [=======>                      ]  29.1% 176128/605728 bytes... 

Writing at 0x0003b400 [=======>                      ]  29.2% 177152/605728 bytes... 

Writing at 0x0003b800 [=======>                      ]  29.4% 178176/605728 bytes... 

Writing at 0x0003bc00 [=======>                      ]  29.6% 179200/605728 bytes... 

Writing at 0x0003c000 [=======>                      ]  29.8% 180224/605728 bytes... 

Writing at 0x0003c400 [=======>                      ]  29.9% 181248/605728 bytes... 

Writing at 0x0003c800 [========>                     ]  30.1% 182272/605728 bytes... 

Writing at 0x0003cc00 [========>                     ]  30.3% 183296/605728 bytes... 

Writing at 0x0003d000 [========>                     ]  30.4% 184320/605728 bytes... 

Writing at 0x0003d400 [========>                     ]  30.6% 185344/605728 bytes... 

Writing at 0x0003d800 [========>                     ]  30.8% 186368/605728 bytes... 

Writing at 0x0003dc00 [========>                     ]  30.9% 187392/605728 bytes... 

Writing at 0x0003e000 [========>                     ]  31.1% 188416/605728 bytes... 

Writing at 0x0003e400 [========>                     ]  31.3% 189440/605728 bytes... 

Writing at 0x0003e800 [========>                     ]  31.4% 190464/605728 bytes... 

Writing at 0x0003ec00 [========>                     ]  31.6% 191488/605728 bytes... 

Writing at 0x0003f000 [========>                     ]  31.8% 192512/605728 bytes... 

Writing at 0x0003f400 [========>                     ]  32.0% 193536/605728 bytes... 

Writing at 0x0003f800 [========>                     ]  32.1% 194560/605728 bytes... 

Writing at 0x0003fc00 [========>                     ]  32.3% 195584/605728 bytes... 

Writing at 0x00040000 [========>                     ]  32.5% 196608/605728 bytes... 

Writing at 0x00040400 [========>                     ]  32.6% 197632/605728 bytes... 

Writing at 0x00040800 [========>                     ]  32.8% 198656/605728 bytes... 

Writing at 0x00040c00 [========>                     ]  33.0% 199680/605728 bytes... 

Writing at 0x00041000 [========>                     ]  33.1% 200704/605728 bytes... 

Writing at 0x00041400 [========>                     ]  33.3% 201728/605728 bytes... 

Writing at 0x00041800 [=========>                    ]  33.5% 202752/605728 bytes... 

Writing at 0x00041c00 [=========>                    ]  33.6% 203776/605728 bytes... 

Writing at 0x00042000 [=========>                    ]  33.8% 204800/605728 bytes... 

Writing at 0x00042400 [=========>                    ]  34.0% 205824/605728 bytes... 

Writing at 0x00042800 [=========>                    ]  34.1% 206848/605728 bytes... 

Writing at 0x00042c00 [=========>                    ]  34.3% 207872/605728 bytes... 

Writing at 0x00043000 [=========>                    ]  34.5% 208896/605728 bytes... 

Writing at 0x00043400 [=========>                    ]  34.7% 209920/605728 bytes... 

Writing at 0x00043800 [=========>                    ]  34.8% 210944/605728 bytes... 

Writing at 0x00043c00 [=========>                    ]  35.0% 211968/605728 bytes... 

Writing at 0x00044000 [=========>                    ]  35.2% 212992/605728 bytes... 

Writing at 0x00044400 [=========>                    ]  35.3% 214016/605728 bytes... 

Writing at 0x00044800 [=========>                    ]  35.5% 215040/605728 bytes... 

Writing at 0x00044c00 [=========>                    ]  35.7% 216064/605728 bytes... 

Writing at 0x00045000 [=========>                    ]  35.8% 217088/605728 bytes... 

Writing at 0x00045400 [=========>                    ]  36.0% 218112/605728 bytes... 

Writing at 0x00045800 [=========>                    ]  36.2% 219136/605728 bytes... 

Writing at 0x00045c00 [=========>                    ]  36.3% 220160/605728 bytes... 

Writing at 0x00046000 [=========>                    ]  36.5% 221184/605728 bytes... 

Writing at 0x00046400 [==========>                   ]  36.7% 222208/605728 bytes... 

Writing at 0x00046800 [==========>                   ]  36.9% 223232/605728 bytes... 

Writing at 0x00046c00 [==========>                   ]  37.0% 224256/605728 bytes... 

Writing at 0x00047000 [==========>                   ]  37.2% 225280/605728 bytes... 

Writing at 0x00047400 [==========>                   ]  37.4% 226304/605728 bytes... 

Writing at 0x00047800 [==========>                   ]  37.5% 227328/605728 bytes... 

Writing at 0x00047c00 [==========>                   ]  37.7% 228352/605728 bytes... 

Writing at 0x00048000 [==========>                   ]  37.9% 229376/605728 bytes... 

Writing at 0x00048400 [==========>                   ]  38.0% 230400/605728 bytes... 

Writing at 0x00048800 [==========>                   ]  38.2% 231424/605728 bytes... 

Writing at 0x00048c00 [==========>                   ]  38.4% 232448/605728 bytes... 

Writing at 0x00049000 [==========>                   ]  38.5% 233472/605728 bytes... 

Writing at 0x00049400 [==========>                   ]  38.7% 234496/605728 bytes... 

Writing at 0x00049800 [==========>                   ]  38.9% 235520/605728 bytes... 

Writing at 0x00049c00 [==========>                   ]  39.1% 236544/605728 bytes... 

Writing at 0x0004a000 [==========>                   ]  39.2% 237568/605728 bytes... 

Writing at 0x0004a400 [==========>                   ]  39.4% 238592/605728 bytes... 

Writing at 0x0004a800 [==========>                   ]  39.6% 239616/605728 bytes... 

Writing at 0x0004ac00 [==========>                   ]  39.7% 240640/605728 bytes... 

Writing at 0x0004b000 [==========>                   ]  39.9% 241664/605728 bytes... 

Writing at 0x0004b400 [===========>                  ]  40.1% 242688/605728 bytes... 

Writing at 0x0004b800 [===========>                  ]  40.2% 243712/605728 bytes... 

Writing at 0x0004bc00 [===========>                  ]  40.4% 244736/605728 bytes... 

Writing at 0x0004c000 [===========>                  ]  40.6% 245760/605728 bytes... 

Writing at 0x0004c400 [===========>                  ]  40.7% 246784/605728 bytes... 

Writing at 0x0004c800 [===========>                  ]  40.9% 247808/605728 bytes... 

Writing at 0x0004cc00 [===========>                  ]  41.1% 248832/605728 bytes... 

Writing at 0x0004d000 [===========>                  ]  41.2% 249856/605728 bytes... 

Writing at 0x0004d400 [===========>                  ]  41.4% 250880/605728 bytes... 

Writing at 0x0004d800 [===========>                  ]  41.6% 251904/605728 bytes... 

Writing at 0x0004dc00 [===========>                  ]  41.8% 252928/605728 bytes... 

Writing at 0x0004e000 [===========>                  ]  41.9% 253952/605728 bytes... 

Writing at 0x0004e400 [===========>                  ]  42.1% 254976/605728 bytes... 

Writing at 0x0004e800 [===========>                  ]  42.3% 256000/605728 bytes... 

Writing at 0x0004ec00 [===========>                  ]  42.4% 257024/605728 bytes... 

Writing at 0x0004f000 [===========>                  ]  42.6% 258048/605728 bytes... 

Writing at 0x0004f400 [===========>                  ]  42.8% 259072/605728 bytes... 

Writing at 0x0004f800 [===========>                  ]  42.9% 260096/605728 bytes... 

Writing at 0x0004fc00 [===========>                  ]  43.1% 261120/605728 bytes... 

Writing at 0x00050000 [===========>                  ]  43.3% 262144/605728 bytes... 

Writing at 0x00050400 [============>                 ]  43.4% 263168/605728 bytes... 

Writing at 0x00050800 [============>                 ]  43.6% 264192/605728 bytes... 

Writing at 0x00050c00 [============>                 ]  43.8% 265216/605728 bytes... 

Writing at 0x00051000 [============>                 ]  44.0% 266240/605728 bytes... 

Writing at 0x00051400 [============>                 ]  44.1% 267264/605728 bytes... 

Writing at 0x00051800 [============>                 ]  44.3% 268288/605728 bytes... 

Writing at 0x00051c00 [============>                 ]  44.5% 269312/605728 bytes... 

Writing at 0x00052000 [============>                 ]  44.6% 270336/605728 bytes... 

Writing at 0x00052400 [============>                 ]  44.8% 271360/605728 bytes... 

Writing at 0x00052800 [============>                 ]  45.0% 272384/605728 bytes... 

Writing at 0x00052c00 [============>                 ]  45.1% 273408/605728 bytes... 

Writing at 0x00053000 [============>                 ]  45.3% 274432/605728 bytes... 

Writing at 0x00053400 [============>                 ]  45.5% 275456/605728 bytes... 

Writing at 0x00053800 [============>                 ]  45.6% 276480/605728 bytes... 

Writing at 0x00053c00 [============>                 ]  45.8% 277504/605728 bytes... 

Writing at 0x00054000 [============>                 ]  46.0% 278528/605728 bytes... 

Writing at 0x00054400 [============>                 ]  46.2% 279552/605728 bytes... 

Writing at 0x00054800 [============>                 ]  46.3% 280576/605728 bytes... 

Writing at 0x00054c00 [============>                 ]  46.5% 281600/605728 bytes... 

Writing at 0x00055000 [============>                 ]  46.7% 282624/605728 bytes... 

Writing at 0x00055400 [=============>                ]  46.8% 283648/605728 bytes... 

Writing at 0x00055800 [=============>                ]  47.0% 284672/605728 bytes... 

Writing at 0x00055c00 [=============>                ]  47.2% 285696/605728 bytes... 

Writing at 0x00056000 [=============>                ]  47.3% 286720/605728 bytes... 

Writing at 0x00056400 [=============>                ]  47.5% 287744/605728 bytes... 

Writing at 0x00056800 [=============>                ]  47.7% 288768/605728 bytes... 

Writing at 0x00056c00 [=============>                ]  47.8% 289792/605728 bytes... 

Writing at 0x00057000 [=============>                ]  48.0% 290816/605728 bytes... 

Writing at 0x00057400 [=============>                ]  48.2% 291840/605728 bytes... 

Writing at 0x00057800 [=============>                ]  48.3% 292864/605728 bytes... 

Writing at 0x00057c00 [=============>                ]  48.5% 293888/605728 bytes... 

Writing at 0x00058000 [=============>                ]  48.7% 294912/605728 bytes... 

Writing at 0x00058400 [=============>                ]  48.9% 295936/605728 bytes... 

Writing at 0x00058800 [=============>                ]  49.0% 296960/605728 bytes... 

Writing at 0x00058c00 [=============>                ]  49.2% 297984/605728 bytes... 

Writing at 0x00059000 [=============>                ]  49.4% 299008/605728 bytes... 

Writing at 0x00059400 [=============>                ]  49.5% 300032/605728 bytes... 

Writing at 0x00059800 [=============>                ]  49.7% 301056/605728 bytes... 

Writing at 0x00059c00 [=============>                ]  49.9% 302080/605728 bytes... 

Writing at 0x0005a000 [==============>               ]  50.0% 303104/605728 bytes... 

Writing at 0x0005a400 [==============>               ]  50.2% 304128/605728 bytes... 

Writing at 0x0005a800 [==============>               ]  50.4% 305152/605728 bytes... 

Writing at 0x0005ac00 [==============>               ]  50.5% 306176/605728 bytes... 

Writing at 0x0005b000 [==============>               ]  50.7% 307200/605728 bytes... 

Writing at 0x0005b400 [==============>               ]  50.9% 308224/605728 bytes... 

Writing at 0x0005b800 [==============>               ]  51.1% 309248/605728 bytes... 

Writing at 0x0005bc00 [==============>               ]  51.2% 310272/605728 bytes... 

Writing at 0x0005c000 [==============>               ]  51.4% 311296/605728 bytes... 

Writing at 0x0005c400 [==============>               ]  51.6% 312320/605728 bytes... 

Writing at 0x0005c800 [==============>               ]  51.7% 313344/605728 bytes... 

Writing at 0x0005cc00 [==============>               ]  51.9% 314368/605728 bytes... 

Writing at 0x0005d000 [==============>               ]  52.1% 315392/605728 bytes... 

Writing at 0x0005d400 [==============>               ]  52.2% 316416/605728 bytes... 

Writing at 0x0005d800 [==============>               ]  52.4% 317440/605728 bytes... 

Writing at 0x0005dc00 [==============>               ]  52.6% 318464/605728 bytes... 

Writing at 0x0005e000 [==============>               ]  52.7% 319488/605728 bytes... 

Writing at 0x0005e400 [==============>               ]  52.9% 320512/605728 bytes... 

Writing at 0x0005e800 [==============>               ]  53.1% 321536/605728 bytes... 

Writing at 0x0005ec00 [==============>               ]  53.3% 322560/605728 bytes... 

Writing at 0x0005f000 [===============>              ]  53.4% 323584/605728 bytes... 

Writing at 0x0005f400 [===============>              ]  53.6% 324608/605728 bytes... 

Writing at 0x0005f800 [===============>              ]  53.8% 325632/605728 bytes... 

Writing at 0x0005fc00 [===============>              ]  53.9% 326656/605728 bytes... 

Writing at 0x00060000 [===============>              ]  54.1% 327680/605728 bytes... 

Writing at 0x00060400 [===============>              ]  54.3% 328704/605728 bytes... 

Writing at 0x00060800 [===============>              ]  54.4% 329728/605728 bytes... 

Writing at 0x00060c00 [===============>              ]  54.6% 330752/605728 bytes... 

Writing at 0x00061000 [===============>              ]  54.8% 331776/605728 bytes... 

Writing at 0x00061400 [===============>              ]  54.9% 332800/605728 bytes... 

Writing at 0x00061800 [===============>              ]  55.1% 333824/605728 bytes... 

Writing at 0x00061c00 [===============>              ]  55.3% 334848/605728 bytes... 

Writing at 0x00062000 [===============>              ]  55.4% 335872/605728 bytes... 

Writing at 0x00062400 [===============>              ]  55.6% 336896/605728 bytes... 

Writing at 0x00062800 [===============>              ]  55.8% 337920/605728 bytes... 

Writing at 0x00062c00 [===============>              ]  56.0% 338944/605728 bytes... 

Writing at 0x00063000 [===============>              ]  56.1% 339968/605728 bytes... 

Writing at 0x00063400 [===============>              ]  56.3% 340992/605728 bytes... 

Writing at 0x00063800 [===============>              ]  56.5% 342016/605728 bytes... 

Writing at 0x00063c00 [===============>              ]  56.6% 343040/605728 bytes... 

Writing at 0x00064000 [================>             ]  56.8% 344064/605728 bytes... 

Writing at 0x00064400 [================>             ]  57.0% 345088/605728 bytes... 

Writing at 0x00064800 [================>             ]  57.1% 346112/605728 bytes... 

Writing at 0x00064c00 [================>             ]  57.3% 347136/605728 bytes... 

Writing at 0x00065000 [================>             ]  57.5% 348160/605728 bytes... 

Writing at 0x00065400 [================>             ]  57.6% 349184/605728 bytes... 

Writing at 0x00065800 [================>             ]  57.8% 350208/605728 bytes... 

Writing at 0x00065c00 [================>             ]  58.0% 351232/605728 bytes... 

Writing at 0x00066000 [================>             ]  58.2% 352256/605728 bytes... 

Writing at 0x00066400 [================>             ]  58.3% 353280/605728 bytes... 

Writing at 0x00066800 [================>             ]  58.5% 354304/605728 bytes... 

Writing at 0x00066c00 [================>             ]  58.7% 355328/605728 bytes... 

Writing at 0x00067000 [================>             ]  58.8% 356352/605728 bytes... 

Writing at 0x00067400 [================>             ]  59.0% 357376/605728 bytes... 

Writing at 0x00067800 [================>             ]  59.2% 358400/605728 bytes... 

Writing at 0x00067c00 [================>             ]  59.3% 359424/605728 bytes... 

Writing at 0x00068000 [================>             ]  59.5% 360448/605728 bytes... 

Writing at 0x00068400 [================>             ]  59.7% 361472/605728 bytes... 

Writing at 0x00068800 [================>             ]  59.8% 362496/605728 bytes... 

Writing at 0x00068c00 [=================>            ]  60.0% 363520/605728 bytes... 

Writing at 0x00069000 [=================>            ]  60.2% 364544/605728 bytes... 

Writing at 0x00069400 [=================>            ]  60.4% 365568/605728 bytes... 

Writing at 0x00069800 [=================>            ]  60.5% 366592/605728 bytes... 

Writing at 0x00069c00 [=================>            ]  60.7% 367616/605728 bytes... 

Writing at 0x0006a000 [=================>            ]  60.9% 368640/605728 bytes... 

Writing at 0x0006a400 [=================>            ]  61.0% 369664/605728 bytes... 

Writing at 0x0006a800 [=================>            ]  61.2% 370688/605728 bytes... 

Writing at 0x0006ac00 [=================>            ]  61.4% 371712/605728 bytes... 

Writing at 0x0006b000 [=================>            ]  61.5% 372736/605728 bytes... 

Writing at 0x0006b400 [=================>            ]  61.7% 373760/605728 bytes... 

Writing at 0x0006b800 [=================>            ]  61.9% 374784/605728 bytes... 

Writing at 0x0006bc00 [=================>            ]  62.0% 375808/605728 bytes... 

Writing at 0x0006c000 [=================>            ]  62.2% 376832/605728 bytes... 

Writing at 0x0006c400 [=================>            ]  62.4% 377856/605728 bytes... 

Writing at 0x0006c800 [=================>            ]  62.5% 378880/605728 bytes... 

Writing at 0x0006cc00 [=================>            ]  62.7% 379904/605728 bytes... 

Writing at 0x0006d000 [=================>            ]  62.9% 380928/605728 bytes... 

Writing at 0x0006d400 [=================>            ]  63.1% 381952/605728 bytes... 

Writing at 0x0006d800 [=================>            ]  63.2% 382976/605728 bytes... 

Writing at 0x0006dc00 [==================>           ]  63.4% 384000/605728 bytes... 

Writing at 0x0006e000 [==================>           ]  63.6% 385024/605728 bytes... 

Writing at 0x0006e400 [==================>           ]  63.7% 386048/605728 bytes... 

Writing at 0x0006e800 [==================>           ]  63.9% 387072/605728 bytes... 

Writing at 0x0006ec00 [==================>           ]  64.1% 388096/605728 bytes... 

Writing at 0x0006f000 [==================>           ]  64.2% 389120/605728 bytes... 

Writing at 0x0006f400 [==================>           ]  64.4% 390144/605728 bytes... 

Writing at 0x0006f800 [==================>           ]  64.6% 391168/605728 bytes... 

Writing at 0x0006fc00 [==================>           ]  64.7% 392192/605728 bytes... 

Writing at 0x00070000 [==================>           ]  64.9% 393216/605728 bytes... 

Writing at 0x00070400 [==================>           ]  65.1% 394240/605728 bytes... 

Writing at 0x00070800 [==================>           ]  65.3% 395264/605728 bytes... 

Writing at 0x00070c00 [==================>           ]  65.4% 396288/605728 bytes... 

Writing at 0x00071000 [==================>           ]  65.6% 397312/605728 bytes... 

Writing at 0x00071400 [==================>           ]  65.8% 398336/605728 bytes... 

Writing at 0x00071800 [==================>           ]  65.9% 399360/605728 bytes... 

Writing at 0x00071c00 [==================>           ]  66.1% 400384/605728 bytes... 

Writing at 0x00072000 [==================>           ]  66.3% 401408/605728 bytes... 

Writing at 0x00072400 [==================>           ]  66.4% 402432/605728 bytes... 

Writing at 0x00072800 [==================>           ]  66.6% 403456/605728 bytes... 

Writing at 0x00072c00 [===================>          ]  66.8% 404480/605728 bytes... 

Writing at 0x00073000 [===================>          ]  66.9% 405504/605728 bytes... 

Writing at 0x00073400 [===================>          ]  67.1% 406528/605728 bytes... 

Writing at 0x00073800 [===================>          ]  67.3% 407552/605728 bytes... 

Writing at 0x00073c00 [===================>          ]  67.5% 408576/605728 bytes... 

Writing at 0x00074000 [===================>          ]  67.6% 409600/605728 bytes... 

Writing at 0x00074400 [===================>          ]  67.8% 410624/605728 bytes... 

Writing at 0x00074800 [===================>          ]  68.0% 411648/605728 bytes... 

Writing at 0x00074c00 [===================>          ]  68.1% 412672/605728 bytes... 

Writing at 0x00075000 [===================>          ]  68.3% 413696/605728 bytes... 

Writing at 0x00075400 [===================>          ]  68.5% 414720/605728 bytes... 

Writing at 0x00075800 [===================>          ]  68.6% 415744/605728 bytes... 

Writing at 0x00075c00 [===================>          ]  68.8% 416768/605728 bytes... 

Writing at 0x00076000 [===================>          ]  69.0% 417792/605728 bytes... 

Writing at 0x00076400 [===================>          ]  69.1% 418816/605728 bytes... 

Writing at 0x00076800 [===================>          ]  69.3% 419840/605728 bytes... 

Writing at 0x00076c00 [===================>          ]  69.5% 420864/605728 bytes... 

Writing at 0x00077000 [===================>          ]  69.6% 421888/605728 bytes... 

Writing at 0x00077400 [===================>          ]  69.8% 422912/605728 bytes... 

Writing at 0x00077800 [===================>          ]  70.0% 423936/605728 bytes... 

Writing at 0x00077c00 [====================>         ]  70.2% 424960/605728 bytes... 

Writing at 0x00078000 [====================>         ]  70.3% 425984/605728 bytes... 

Writing at 0x00078400 [====================>         ]  70.5% 427008/605728 bytes... 

Writing at 0x00078800 [====================>         ]  70.7% 428032/605728 bytes... 

Writing at 0x00078c00 [====================>         ]  70.8% 429056/605728 bytes... 

Writing at 0x00079000 [====================>         ]  71.0% 430080/605728 bytes... 

Writing at 0x00079400 [====================>         ]  71.2% 431104/605728 bytes... 

Writing at 0x00079800 [====================>         ]  71.3% 432128/605728 bytes... 

Writing at 0x00079c00 [====================>         ]  71.5% 433152/605728 bytes... 

Writing at 0x0007a000 [====================>         ]  71.7% 434176/605728 bytes... 

Writing at 0x0007a400 [====================>         ]  71.8% 435200/605728 bytes... 

Writing at 0x0007a800 [====================>         ]  72.0% 436224/605728 bytes... 

Writing at 0x0007ac00 [====================>         ]  72.2% 437248/605728 bytes... 

Writing at 0x0007b000 [====================>         ]  72.4% 438272/605728 bytes... 

Writing at 0x0007b400 [====================>         ]  72.5% 439296/605728 bytes... 

Writing at 0x0007b800 [====================>         ]  72.7% 440320/605728 bytes... 

Writing at 0x0007bc00 [====================>         ]  72.9% 441344/605728 bytes... 

Writing at 0x0007c000 [====================>         ]  73.0% 442368/605728 bytes... 

Writing at 0x0007c400 [====================>         ]  73.2% 443392/605728 bytes... 

Writing at 0x0007c800 [=====================>        ]  73.4% 444416/605728 bytes... 

Writing at 0x0007cc00 [=====================>        ]  73.5% 445440/605728 bytes... 

Writing at 0x0007d000 [=====================>        ]  73.7% 446464/605728 bytes... 

Writing at 0x0007d400 [=====================>        ]  73.9% 447488/605728 bytes... 

Writing at 0x0007d800 [=====================>        ]  74.0% 448512/605728 bytes... 

Writing at 0x0007dc00 [=====================>        ]  74.2% 449536/605728 bytes... 

Writing at 0x0007e000 [=====================>        ]  74.4% 450560/605728 bytes... 

Writing at 0x0007e400 [=====================>        ]  74.6% 451584/605728 bytes... 

Writing at 0x0007e800 [=====================>        ]  74.7% 452608/605728 bytes... 

Writing at 0x0007ec00 [=====================>        ]  74.9% 453632/605728 bytes... 

Writing at 0x0007f000 [=====================>        ]  75.1% 454656/605728 bytes... 

Writing at 0x0007f400 [=====================>        ]  75.2% 455680/605728 bytes... 

Writing at 0x0007f800 [=====================>        ]  75.4% 456704/605728 bytes... 

Writing at 0x0007fc00 [=====================>        ]  75.6% 457728/605728 bytes... 

Writing at 0x00080000 [=====================>        ]  75.7% 458752/605728 bytes... 

Writing at 0x00080400 [=====================>        ]  75.9% 459776/605728 bytes... 

Writing at 0x00080800 [=====================>        ]  76.1% 460800/605728 bytes... 

Writing at 0x00080c00 [=====================>        ]  76.2% 461824/605728 bytes... 

Writing at 0x00081000 [=====================>        ]  76.4% 462848/605728 bytes... 

Writing at 0x00081400 [=====================>        ]  76.6% 463872/605728 bytes... 

Writing at 0x00081800 [======================>       ]  76.7% 464896/605728 bytes... 

Writing at 0x00081c00 [======================>       ]  76.9% 465920/605728 bytes... 

Writing at 0x00082000 [======================>       ]  77.1% 466944/605728 bytes... 

Writing at 0x00082400 [======================>       ]  77.3% 467968/605728 bytes... 

Writing at 0x00082800 [======================>       ]  77.4% 468992/605728 bytes... 

Writing at 0x00082c00 [======================>       ]  77.6% 470016/605728 bytes... 

Writing at 0x00083000 [======================>       ]  77.8% 471040/605728 bytes... 

Writing at 0x00083400 [======================>       ]  77.9% 472064/605728 bytes... 

Writing at 0x00083800 [======================>       ]  78.1% 473088/605728 bytes... 

Writing at 0x00083c00 [======================>       ]  78.3% 474112/605728 bytes... 

Writing at 0x00084000 [======================>       ]  78.4% 475136/605728 bytes... 

Writing at 0x00084400 [======================>       ]  78.6% 476160/605728 bytes... 

Writing at 0x00084800 [======================>       ]  78.8% 477184/605728 bytes... 

Writing at 0x00084c00 [======================>       ]  78.9% 478208/605728 bytes... 

Writing at 0x00085000 [======================>       ]  79.1% 479232/605728 bytes... 

Writing at 0x00085400 [======================>       ]  79.3% 480256/605728 bytes... 

Writing at 0x00085800 [======================>       ]  79.5% 481280/605728 bytes... 

Writing at 0x00085c00 [======================>       ]  79.6% 482304/605728 bytes... 

Writing at 0x00086000 [======================>       ]  79.8% 483328/605728 bytes... 

Writing at 0x00086400 [======================>       ]  80.0% 484352/605728 bytes... 

Writing at 0x00086800 [=======================>      ]  80.1% 485376/605728 bytes... 

Writing at 0x00086c00 [=======================>      ]  80.3% 486400/605728 bytes... 

Writing at 0x00087000 [=======================>      ]  80.5% 487424/605728 bytes... 

Writing at 0x00087400 [=======================>      ]  80.6% 488448/605728 bytes... 

Writing at 0x00087800 [=======================>      ]  80.8% 489472/605728 bytes... 

Writing at 0x00087c00 [=======================>      ]  81.0% 490496/605728 bytes... 

Writing at 0x00088000 [=======================>      ]  81.1% 491520/605728 bytes... 

Writing at 0x00088400 [=======================>      ]  81.3% 492544/605728 bytes... 

Writing at 0x00088800 [=======================>      ]  81.5% 493568/605728 bytes... 

Writing at 0x00088c00 [=======================>      ]  81.7% 494592/605728 bytes... 

Writing at 0x00089000 [=======================>      ]  81.8% 495616/605728 bytes... 

Writing at 0x00089400 [=======================>      ]  82.0% 496640/605728 bytes... 

Writing at 0x00089800 [=======================>      ]  82.2% 497664/605728 bytes... 

Writing at 0x00089c00 [=======================>      ]  82.3% 498688/605728 bytes... 

Writing at 0x0008a000 [=======================>      ]  82.5% 499712/605728 bytes... 

Writing at 0x0008a400 [=======================>      ]  82.7% 500736/605728 bytes... 

Writing at 0x0008a800 [=======================>      ]  82.8% 501760/605728 bytes... 

Writing at 0x0008ac00 [=======================>      ]  83.0% 502784/605728 bytes... 

Writing at 0x0008b000 [=======================>      ]  83.2% 503808/605728 bytes... 

Writing at 0x0008b400 [========================>     ]  83.3% 504832/605728 bytes... 

Writing at 0x0008b800 [========================>     ]  83.5% 505856/605728 bytes... 

Writing at 0x0008bc00 [========================>     ]  83.7% 506880/605728 bytes... 

Writing at 0x0008c000 [========================>     ]  83.9% 507904/605728 bytes... 

Writing at 0x0008c400 [========================>     ]  84.0% 508928/605728 bytes... 

Writing at 0x0008c800 [========================>     ]  84.2% 509952/605728 bytes... 

Writing at 0x0008cc00 [========================>     ]  84.4% 510976/605728 bytes... 

Writing at 0x0008d000 [========================>     ]  84.5% 512000/605728 bytes... 

Writing at 0x0008d400 [========================>     ]  84.7% 513024/605728 bytes... 

Writing at 0x0008d800 [========================>     ]  84.9% 514048/605728 bytes... 

Writing at 0x0008dc00 [========================>     ]  85.0% 515072/605728 bytes... 

Writing at 0x0008e000 [========================>     ]  85.2% 516096/605728 bytes... 

Writing at 0x0008e400 [========================>     ]  85.4% 517120/605728 bytes... 

Writing at 0x0008e800 [========================>     ]  85.5% 518144/605728 bytes... 

Writing at 0x0008ec00 [========================>     ]  85.7% 519168/605728 bytes... 

Writing at 0x0008f000 [========================>     ]  85.9% 520192/605728 bytes... 

Writing at 0x0008f400 [========================>     ]  86.0% 521216/605728 bytes... 

Writing at 0x0008f800 [========================>     ]  86.2% 522240/605728 bytes... 

Writing at 0x0008fc00 [========================>     ]  86.4% 523264/605728 bytes... 

Writing at 0x00090000 [========================>     ]  86.6% 524288/605728 bytes... 

Writing at 0x00090400 [=========================>    ]  86.7% 525312/605728 bytes... 

Writing at 0x00090800 [=========================>    ]  86.9% 526336/605728 bytes... 

Writing at 0x00090c00 [=========================>    ]  87.1% 527360/605728 bytes... 

Writing at 0x00091000 [=========================>    ]  87.2% 528384/605728 bytes... 

Writing at 0x00091400 [=========================>    ]  87.4% 529408/605728 bytes... 

Writing at 0x00091800 [=========================>    ]  87.6% 530432/605728 bytes... 

Writing at 0x00091c00 [=========================>    ]  87.7% 531456/605728 bytes... 

Writing at 0x00092000 [=========================>    ]  87.9% 532480/605728 bytes... 

Writing at 0x00092400 [=========================>    ]  88.1% 533504/605728 bytes... 

Writing at 0x00092800 [=========================>    ]  88.2% 534528/605728 bytes... 

Writing at 0x00092c00 [=========================>    ]  88.4% 535552/605728 bytes... 

Writing at 0x00093000 [=========================>    ]  88.6% 536576/605728 bytes... 

Writing at 0x00093400 [=========================>    ]  88.8% 537600/605728 bytes... 

Writing at 0x00093800 [=========================>    ]  88.9% 538624/605728 bytes... 

Writing at 0x00093c00 [=========================>    ]  89.1% 539648/605728 bytes... 

Writing at 0x00094000 [=========================>    ]  89.3% 540672/605728 bytes... 

Writing at 0x00094400 [=========================>    ]  89.4% 541696/605728 bytes... 

Writing at 0x00094800 [=========================>    ]  89.6% 542720/605728 bytes... 

Writing at 0x00094c00 [=========================>    ]  89.8% 543744/605728 bytes... 

Writing at 0x00095000 [=========================>    ]  89.9% 544768/605728 bytes... 

Writing at 0x00095400 [==========================>   ]  90.1% 545792/605728 bytes... 

Writing at 0x00095800 [==========================>   ]  90.3% 546816/605728 bytes... 

Writing at 0x00095c00 [==========================>   ]  90.4% 547840/605728 bytes... 

Writing at 0x00096000 [==========================>   ]  90.6% 548864/605728 bytes... 

Writing at 0x00096400 [==========================>   ]  90.8% 549888/605728 bytes... 

Writing at 0x00096800 [==========================>   ]  91.0% 550912/605728 bytes... 

Writing at 0x00096c00 [==========================>   ]  91.1% 551936/605728 bytes... 

Writing at 0x00097000 [==========================>   ]  91.3% 552960/605728 bytes... 

Writing at 0x00097400 [==========================>   ]  91.5% 553984/605728 bytes... 

Writing at 0x00097800 [==========================>   ]  91.6% 555008/605728 bytes... 

Writing at 0x00097c00 [==========================>   ]  91.8% 556032/605728 bytes... 

Writing at 0x00098000 [==========================>   ]  92.0% 557056/605728 bytes... 

Writing at 0x00098400 [==========================>   ]  92.1% 558080/605728 bytes... 

Writing at 0x00098800 [==========================>   ]  92.3% 559104/605728 bytes... 

Writing at 0x00098c00 [==========================>   ]  92.5% 560128/605728 bytes... 

Writing at 0x00099000 [==========================>   ]  92.6% 561152/605728 bytes... 

Writing at 0x00099400 [==========================>   ]  92.8% 562176/605728 bytes... 

Writing at 0x00099800 [==========================>   ]  93.0% 563200/605728 bytes... 

Writing at 0x00099c00 [==========================>   ]  93.1% 564224/605728 bytes... 

Writing at 0x0009a000 [==========================>   ]  93.3% 565248/605728 bytes... 

Writing at 0x0009a400 [===========================>  ]  93.5% 566272/605728 bytes... 

Writing at 0x0009a800 [===========================>  ]  93.7% 567296/605728 bytes... 

Writing at 0x0009ac00 [===========================>  ]  93.8% 568320/605728 bytes... 

Writing at 0x0009b000 [===========================>  ]  94.0% 569344/605728 bytes... 

Writing at 0x0009b400 [===========================>  ]  94.2% 570368/605728 bytes... 

Writing at 0x0009b800 [===========================>  ]  94.3% 571392/605728 bytes... 

Writing at 0x0009bc00 [===========================>  ]  94.5% 572416/605728 bytes... 

Writing at 0x0009c000 [===========================>  ]  94.7% 573440/605728 bytes... 

Writing at 0x0009c400 [===========================>  ]  94.8% 574464/605728 bytes... 

Writing at 0x0009c800 [===========================>  ]  95.0% 575488/605728 bytes... 

Writing at 0x0009cc00 [===========================>  ]  95.2% 576512/605728 bytes... 

Writing at 0x0009d000 [===========================>  ]  95.3% 577536/605728 bytes... 

Writing at 0x0009d400 [===========================>  ]  95.5% 578560/605728 bytes... 

Writing at 0x0009d800 [===========================>  ]  95.7% 579584/605728 bytes... 

Writing at 0x0009dc00 [===========================>  ]  95.9% 580608/605728 bytes... 

Writing at 0x0009e000 [===========================>  ]  96.0% 581632/605728 bytes... 

Writing at 0x0009e400 [===========================>  ]  96.2% 582656/605728 bytes... 

Writing at 0x0009e800 [===========================>  ]  96.4% 583680/605728 bytes... 

Writing at 0x0009ec00 [===========================>  ]  96.5% 584704/605728 bytes... 

Writing at 0x0009f000 [============================> ]  96.7% 585728/605728 bytes... 

Writing at 0x0009f400 [============================> ]  96.9% 586752/605728 bytes... 

Writing at 0x0009f800 [============================> ]  97.0% 587776/605728 bytes... 

Writing at 0x0009fc00 [============================> ]  97.2% 588800/605728 bytes... 

Writing at 0x000a0000 [============================> ]  97.4% 589824/605728 bytes... 

Writing at 0x000a0400 [============================> ]  97.5% 590848/605728 bytes... 

Writing at 0x000a0800 [============================> ]  97.7% 591872/605728 bytes... 

Writing at 0x000a0c00 [============================> ]  97.9% 592896/605728 bytes... 

Writing at 0x000a1000 [============================> ]  98.1% 593920/605728 bytes... 

Writing at 0x000a1400 [============================> ]  98.2% 594944/605728 bytes... 

Writing at 0x000a1800 [============================> ]  98.4% 595968/605728 bytes... 

Writing at 0x000a1c00 [============================> ]  98.6% 596992/605728 bytes... 

Writing at 0x000a2000 [============================> ]  98.7% 598016/605728 bytes... 

Writing at 0x000a2400 [============================> ]  98.9% 599040/605728 bytes... 

Writing at 0x000a2800 [============================> ]  99.1% 600064/605728 bytes... 

Writing at 0x000a2c00 [============================> ]  99.2% 601088/605728 bytes... 

Writing at 0x000a3000 [============================> ]  99.4% 602112/605728 bytes... 

Writing at 0x000a3400 [============================> ]  99.6% 603136/605728 bytes... 

Writing at 0x000a3800 [============================> ]  99.7% 604160/605728 bytes... 

Writing at 0x000a3c00 [============================> ]  99.9% 605184/605728 bytes... 

Writing at 0x000a4000 [==============================] 100.0% 606208/605728 bytes... 
Wrote 606208 bytes at 0x00010000 in 21.3 seconds (227.4 kbit/s).
Hash of data verified.

Hard resetting via RTS pin...
