esptool v5.1.0
Serial port COM3:
Connecting.....
Connected to ESP32 on COM3:
Chip type:          ESP32-D0WD-V3 (revision v3.1)
Features:           Wi-Fi, BT, Dual Core + LP Core, 240MHz, Vref calibration in eFuse, Coding Scheme None
Crystal frequency:  40MHz
MAC:                ac:15:18:d4:f0:a0

Changing baud rate to 460800...
Changed.

Enabling default SPI flash mode...
Configuring flash size...
Flash will be erased from 0x00010000 to 0x000a5fff...
Erasing flash...
Took 1.85s to erase flash block.

Writing at 0x00010000 [                              ]   0.0% 0/611072 bytes... 

Writing at 0x00010400 [                              ]   0.2% 1024/611072 bytes... 

Writing at 0x00010800 [                              ]   0.3% 2048/611072 bytes... 

Writing at 0x00010c00 [                              ]   0.5% 3072/611072 bytes... 

Writing at 0x00011000 [                              ]   0.7% 4096/611072 bytes... 

Writing at 0x00011400 [                              ]   0.8% 5120/611072 bytes... 

Writing at 0x00011800 [                              ]   1.0% 6144/611072 bytes... 

Writing at 0x00011c00 [                              ]   1.2% 7168/611072 bytes... 

Writing at 0x00012000 [                              ]   1.3% 8192/611072 bytes... 

Writing at 0x00012400 [                              ]   1.5% 9216/611072 bytes... 

Writing at 0x00012800 [                              ]   1.7% 10240/611072 bytes... 

Writing at 0x00012c00 [                              ]   1.8% 11264/611072 bytes... 

Writing at 0x00013000 [                              ]   2.0% 12288/611072 bytes... 

Writing at 0x00013400 [                              ]   2.2% 13312/611072 bytes... 

Writing at 0x00013800 [                              ]   2.3% 14336/611072 bytes... 

Writing at 0x00013c00 [                              ]   2.5% 15360/611072 bytes... 

Writing at 0x00014000 [                              ]   2.7% 16384/611072 bytes... 

Writing at 0x00014400 [                              ]   2.8% 17408/611072 bytes... 

Writing at 0x00014800 [                              ]   3.0% 18432/611072 bytes... 

Writing at 0x00014c00 [                              ]   3.2% 19456/611072 bytes... 

Writing at 0x00015000 [>                             ]   3.4% 20480/611072 bytes... 

Writing at 0x00015400 [>                             ]   3.5% 21504/611072 bytes... 

Writing at 0x00015800 [>                             ]   3.7% 22528/611072 bytes... 

Writing at 0x00015c00 [>                             ]   3.9% 23552/611072 bytes... 

Writing at 0x00016000 [>                             ]   4.0% 24576/611072 bytes... 

Writing at 0x00016400 [>                             ]   4.2% 25600/611072 bytes... 

Writing at 0x00016800 [>                             ]   4.4% 26624/611072 bytes... 

Writing at 0x00016c00 [>                             ]   4.5% 27648/611072 bytes... 

Writing at 0x00017000 [>                             ]   4.7% 28672/611072 bytes... 

Writing at 0x00017400 [>                             ]   4.9% 29696/611072 bytes... 

Writing at 0x00017800 [>                             ]   5.0% 30720/611072 bytes... 

Writing at 0x00017c00 [>                             ]   5.2% 31744/611072 bytes... 

Writing at 0x00018000 [>                             ]   5.4% 32768/611072 bytes... 

Writing at 0x00018400 [>                             ]   5.5% 33792/611072 bytes... 

Writing at 0x00018800 [>                             ]   5.7% 34816/611072 bytes... 

Writing at 0x00018c00 [>                             ]   5.9% 35840/611072 bytes... 

Writing at 0x00019000 [>                             ]   6.0% 36864/611072 bytes... 

Writing at 0x00019400 [>                             ]   6.2% 37888/611072 bytes... 

Writing at 0x00019800 [>                             ]   6.4% 38912/611072 bytes... 

Writing at 0x00019c00 [>                             ]   6.5% 39936/611072 bytes... 

Writing at 0x0001a000 [=>                            ]   6.7% 40960/611072 bytes... 

Writing at 0x0001a400 [=>                            ]   6.9% 41984/611072 bytes... 

Writing at 0x0001a800 [=>                            ]   7.0% 43008/611072 bytes... 

Writing at 0x0001ac00 [=>                            ]   7.2% 44032/611072 bytes... 

Writing at 0x0001b000 [=>                            ]   7.4% 45056/611072 bytes... 

Writing at 0x0001b400 [=>                            ]   7.5% 46080/611072 bytes... 

Writing at 0x0001b800 [=>                            ]   7.7% 47104/611072 bytes... 

Writing at 0x0001bc00 [=>                            ]   7.9% 48128/611072 bytes... 

Writing at 0x0001c000 [=>                            ]   8.0% 49152/611072 bytes... 

Writing at 0x0001c400 [=>                            ]   8.2% 50176/611072 bytes... 

Writing at 0x0001c800 [=>                            ]   8.4% 51200/611072 bytes... 

Writing at 0x0001cc00 [=>                            ]   8.5% 52224/611072 bytes... 

Writing at 0x0001d000 [=>                            ]   8.7% 53248/611072 bytes... 

Writing at 0x0001d400 [=>                            ]   8.9% 54272/611072 bytes... 

Writing at 0x0001d800 [=>                            ]   9.0% 55296/611072 bytes... 

Writing at 0x0001dc00 [=>                            ]   9.2% 56320/611072 bytes... 

Writing at 0x0001e000 [=>                            ]   9.4% 57344/611072 bytes... 

Writing at 0x0001e400 [=>                            ]   9.6% 58368/611072 bytes... 

Writing at 0x0001e800 [=>                            ]   9.7% 59392/611072 bytes... 

Writing at 0x0001ec00 [=>                            ]   9.9% 60416/611072 bytes... 

Writing at 0x0001f000 [==>                           ]  10.1% 61440/611072 bytes... 

Writing at 0x0001f400 [==>                           ]  10.2% 62464/611072 bytes... 

Writing at 0x0001f800 [==>                           ]  10.4% 63488/611072 bytes... 

Writing at 0x0001fc00 [==>                           ]  10.6% 64512/611072 bytes... 

Writing at 0x00020000 [==>                           ]  10.7% 65536/611072 bytes... 

Writing at 0x00020400 [==>                           ]  10.9% 66560/611072 bytes... 

Writing at 0x00020800 [==>                           ]  11.1% 67584/611072 bytes... 

Writing at 0x00020c00 [==>                           ]  11.2% 68608/611072 bytes... 

Writing at 0x00021000 [==>                           ]  11.4% 69632/611072 bytes... 

Writing at 0x00021400 [==>                           ]  11.6% 70656/611072 bytes... 

Writing at 0x00021800 [==>                           ]  11.7% 71680/611072 bytes... 

Writing at 0x00021c00 [==>                           ]  11.9% 72704/611072 bytes... 

Writing at 0x00022000 [==>                           ]  12.1% 73728/611072 bytes... 

Writing at 0x00022400 [==>                           ]  12.2% 74752/611072 bytes... 

Writing at 0x00022800 [==>                           ]  12.4% 75776/611072 bytes... 

Writing at 0x00022c00 [==>                           ]  12.6% 76800/611072 bytes... 

Writing at 0x00023000 [==>                           ]  12.7% 77824/611072 bytes... 

Writing at 0x00023400 [==>                           ]  12.9% 78848/611072 bytes... 

Writing at 0x00023800 [==>                           ]  13.1% 79872/611072 bytes... 

Writing at 0x00023c00 [==>                           ]  13.2% 80896/611072 bytes... 

Writing at 0x00024000 [===>                          ]  13.4% 81920/611072 bytes... 

Writing at 0x00024400 [===>                          ]  13.6% 82944/611072 bytes... 

Writing at 0x00024800 [===>                          ]  13.7% 83968/611072 bytes... 

Writing at 0x00024c00 [===>                          ]  13.9% 84992/611072 bytes... 

Writing at 0x00025000 [===>                          ]  14.1% 86016/611072 bytes... 

Writing at 0x00025400 [===>                          ]  14.2% 87040/611072 bytes... 

Writing at 0x00025800 [===>                          ]  14.4% 88064/611072 bytes... 

Writing at 0x00025c00 [===>                          ]  14.6% 89088/611072 bytes... 

Writing at 0x00026000 [===>                          ]  14.7% 90112/611072 bytes... 

Writing at 0x00026400 [===>                          ]  14.9% 91136/611072 bytes... 

Writing at 0x00026800 [===>                          ]  15.1% 92160/611072 bytes... 

Writing at 0x00026c00 [===>                          ]  15.2% 93184/611072 bytes... 

Writing at 0x00027000 [===>                          ]  15.4% 94208/611072 bytes... 

Writing at 0x00027400 [===>                          ]  15.6% 95232/611072 bytes... 

Writing at 0x00027800 [===>                          ]  15.8% 96256/611072 bytes... 

Writing at 0x00027c00 [===>                          ]  15.9% 97280/611072 bytes... 

Writing at 0x00028000 [===>                          ]  16.1% 98304/611072 bytes... 

Writing at 0x00028400 [===>                          ]  16.3% 99328/611072 bytes... 

Writing at 0x00028800 [===>                          ]  16.4% 100352/611072 bytes... 

Writing at 0x00028c00 [===>                          ]  16.6% 101376/611072 bytes... 

Writing at 0x00029000 [====>                         ]  16.8% 102400/611072 bytes... 

Writing at 0x00029400 [====>                         ]  16.9% 103424/611072 bytes... 

Writing at 0x00029800 [====>                         ]  17.1% 104448/611072 bytes... 

Writing at 0x00029c00 [====>                         ]  17.3% 105472/611072 bytes... 

Writing at 0x0002a000 [====>                         ]  17.4% 106496/611072 bytes... 

Writing at 0x0002a400 [====>                         ]  17.6% 107520/611072 bytes... 

Writing at 0x0002a800 [====>                         ]  17.8% 108544/611072 bytes... 

Writing at 0x0002ac00 [====>                         ]  17.9% 109568/611072 bytes... 

Writing at 0x0002b000 [====>                         ]  18.1% 110592/611072 bytes... 

Writing at 0x0002b400 [====>                         ]  18.3% 111616/611072 bytes... 

Writing at 0x0002b800 [====>                         ]  18.4% 112640/611072 bytes... 

Writing at 0x0002bc00 [====>                         ]  18.6% 113664/611072 bytes... 

Writing at 0x0002c000 [====>                         ]  18.8% 114688/611072 bytes... 

Writing at 0x0002c400 [====>                         ]  18.9% 115712/611072 bytes... 

Writing at 0x0002c800 [====>                         ]  19.1% 116736/611072 bytes... 

Writing at 0x0002cc00 [====>                         ]  19.3% 117760/611072 bytes... 

Writing at 0x0002d000 [====>                         ]  19.4% 118784/611072 bytes... 

Writing at 0x0002d400 [====>                         ]  19.6% 119808/611072 bytes... 

Writing at 0x0002d800 [====>                         ]  19.8% 120832/611072 bytes... 

Writing at 0x0002dc00 [====>                         ]  19.9% 121856/611072 bytes... 

Writing at 0x0002e000 [=====>                        ]  20.1% 122880/611072 bytes... 

Writing at 0x0002e400 [=====>                        ]  20.3% 123904/611072 bytes... 

Writing at 0x0002e800 [=====>                        ]  20.4% 124928/611072 bytes... 

Writing at 0x0002ec00 [=====>                        ]  20.6% 125952/611072 bytes... 

Writing at 0x0002f000 [=====>                        ]  20.8% 126976/611072 bytes... 

Writing at 0x0002f400 [=====>                        ]  20.9% 128000/611072 bytes... 

Writing at 0x0002f800 [=====>                        ]  21.1% 129024/611072 bytes... 

Writing at 0x0002fc00 [=====>                        ]  21.3% 130048/611072 bytes... 

Writing at 0x00030000 [=====>                        ]  21.4% 131072/611072 bytes... 

Writing at 0x00030400 [=====>                        ]  21.6% 132096/611072 bytes... 

Writing at 0x00030800 [=====>                        ]  21.8% 133120/611072 bytes... 

Writing at 0x00030c00 [=====>                        ]  22.0% 134144/611072 bytes... 

Writing at 0x00031000 [=====>                        ]  22.1% 135168/611072 bytes... 

Writing at 0x00031400 [=====>                        ]  22.3% 136192/611072 bytes... 

Writing at 0x00031800 [=====>                        ]  22.5% 137216/611072 bytes... 

Writing at 0x00031c00 [=====>                        ]  22.6% 138240/611072 bytes... 

Writing at 0x00032000 [=====>                        ]  22.8% 139264/611072 bytes... 

Writing at 0x00032400 [=====>                        ]  23.0% 140288/611072 bytes... 

Writing at 0x00032800 [=====>                        ]  23.1% 141312/611072 bytes... 

Writing at 0x00032c00 [=====>                        ]  23.3% 142336/611072 bytes... 

Writing at 0x00033000 [======>                       ]  23.5% 143360/611072 bytes... 

Writing at 0x00033400 [======>                       ]  23.6% 144384/611072 bytes... 

Writing at 0x00033800 [======>                       ]  23.8% 145408/611072 bytes... 

Writing at 0x00033c00 [======>                       ]  24.0% 146432/611072 bytes... 

Writing at 0x00034000 [======>                       ]  24.1% 147456/611072 bytes... 

Writing at 0x00034400 [======>                       ]  24.3% 148480/611072 bytes... 

Writing at 0x00034800 [======>                       ]  24.5% 149504/611072 bytes... 

Writing at 0x00034c00 [======>                       ]  24.6% 150528/611072 bytes... 

Writing at 0x00035000 [======>                       ]  24.8% 151552/611072 bytes... 

Writing at 0x00035400 [======>                       ]  25.0% 152576/611072 bytes... 

Writing at 0x00035800 [======>                       ]  25.1% 153600/611072 bytes... 

Writing at 0x00035c00 [======>                       ]  25.3% 154624/611072 bytes... 

Writing at 0x00036000 [======>                       ]  25.5% 155648/611072 bytes... 

Writing at 0x00036400 [======>                       ]  25.6% 156672/611072 bytes... 

Writing at 0x00036800 [======>                       ]  25.8% 157696/611072 bytes... 

Writing at 0x00036c00 [======>                       ]  26.0% 158720/611072 bytes... 

Writing at 0x00037000 [======>                       ]  26.1% 159744/611072 bytes... 

Writing at 0x00037400 [======>                       ]  26.3% 160768/611072 bytes... 

Writing at 0x00037800 [======>                       ]  26.5% 161792/611072 bytes... 

Writing at 0x00037c00 [======>                       ]  26.6% 162816/611072 bytes... 

Writing at 0x00038000 [=======>                      ]  26.8% 163840/611072 bytes... 

Writing at 0x00038400 [=======>                      ]  27.0% 164864/611072 bytes... 

Writing at 0x00038800 [=======>                      ]  27.1% 165888/611072 bytes... 

Writing at 0x00038c00 [=======>                      ]  27.3% 166912/611072 bytes... 

Writing at 0x00039000 [=======>                      ]  27.5% 167936/611072 bytes... 

Writing at 0x00039400 [=======>                      ]  27.6% 168960/611072 bytes... 

Writing at 0x00039800 [=======>                      ]  27.8% 169984/611072 bytes... 

Writing at 0x00039c00 [=======>                      ]  28.0% 171008/611072 bytes... 

Writing at 0x0003a000 [=======>                      ]  28.2% 172032/611072 bytes... 

Writing at 0x0003a400 [=======>                      ]  28.3% 173056/611072 bytes... 

Writing at 0x0003a800 [=======>                      ]  28.5% 174080/611072 bytes... 

Writing at 0x0003ac00 [=======>                      ]  28.7% 175104/611072 bytes... 

Writing at 0x0003b000 [=======>                      ]  28.8% 176128/611072 bytes... 

Writing at 0x0003b400 [=======>                      ]  29.0% 177152/611072 bytes... 

Writing at 0x0003b800 [=======>                      ]  29.2% 178176/611072 bytes... 

Writing at 0x0003bc00 [=======>                      ]  29.3% 179200/611072 bytes... 

Writing at 0x0003c000 [=======>                      ]  29.5% 180224/611072 bytes... 

Writing at 0x0003c400 [=======>                      ]  29.7% 181248/611072 bytes... 

Writing at 0x0003c800 [=======>                      ]  29.8% 182272/611072 bytes... 

Writing at 0x0003cc00 [=======>                      ]  30.0% 183296/611072 bytes... 

Writing at 0x0003d000 [========>                     ]  30.2% 184320/611072 bytes... 

Writing at 0x0003d400 [========>                     ]  30.3% 185344/611072 bytes... 

Writing at 0x0003d800 [========>                     ]  30.5% 186368/611072 bytes... 

Writing at 0x0003dc00 [========>                     ]  30.7% 187392/611072 bytes... 

Writing at 0x0003e000 [========>                     ]  30.8% 188416/611072 bytes... 

Writing at 0x0003e400 [========>                     ]  31.0% 189440/611072 bytes... 

Writing at 0x0003e800 [========>                     ]  31.2% 190464/611072 bytes... 

Writing at 0x0003ec00 [========>                     ]  31.3% 191488/611072 bytes... 

Writing at 0x0003f000 [========>                     ]  31.5% 192512/611072 bytes... 

Writing at 0x0003f400 [========>                     ]  31.7% 193536/611072 bytes... 

Writing at 0x0003f800 [========>                     ]  31.8% 194560/611072 bytes... 

Writing at 0x0003fc00 [========>                     ]  32.0% 195584/611072 bytes... 

Writing at 0x00040000 [========>                     ]  32.2% 196608/611072 bytes... 

Writing at 0x00040400 [========>                     ]  32.3% 197632/611072 bytes... 

Writing at 0x00040800 [========>                     ]  32.5% 198656/611072 bytes... 

Writing at 0x00040c00 [========>                     ]  32.7% 199680/611072 bytes... 

Writing at 0x00041000 [========>                     ]  32.8% 200704/611072 bytes... 

Writing at 0x00041400 [========>                     ]  33.0% 201728/611072 bytes... 

Writing at 0x00041800 [========>                     ]  33.2% 202752/611072 bytes... 

Writing at 0x00041c00 [=========>                    ]  33.3% 203776/611072 bytes... 

Writing at 0x00042000 [=========>                    ]  33.5% 204800/611072 bytes... 

Writing at 0x00042400 [=========>                    ]  33.7% 205824/611072 bytes... 

Writing at 0x00042800 [=========>                    ]  33.9% 206848/611072 bytes... 

Writing at 0x00042c00 [=========>                    ]  34.0% 207872/611072 bytes... 

Writing at 0x00043000 [=========>                    ]  34.2% 208896/611072 bytes... 

Writing at 0x00043400 [=========>                    ]  34.4% 209920/611072 bytes... 

Writing at 0x00043800 [=========>                    ]  34.5% 210944/611072 bytes... 

Writing at 0x00043c00 [=========>                    ]  34.7% 211968/611072 bytes... 

Writing at 0x00044000 [=========>                    ]  34.9% 212992/611072 bytes... 

Writing at 0x00044400 [=========>                    ]  35.0% 214016/611072 bytes... 

Writing at 0x00044800 [=========>                    ]  35.2% 215040/611072 bytes... 

Writing at 0x00044c00 [=========>                    ]  35.4% 216064/611072 bytes... 

Writing at 0x00045000 [=========>                    ]  35.5% 217088/611072 bytes... 

Writing at 0x00045400 [=========>                    ]  35.7% 218112/611072 bytes... 

Writing at 0x00045800 [=========>                    ]  35.9% 219136/611072 bytes... 

Writing at 0x00045c00 [=========>                    ]  36.0% 220160/611072 bytes... 

Writing at 0x00046000 [=========>                    ]  36.2% 221184/611072 bytes... 

Writing at 0x00046400 [=========>                    ]  36.4% 222208/611072 bytes... 

Writing at 0x00046800 [=========>                    ]  36.5% 223232/611072 bytes... 

Writing at 0x00046c00 [==========>                   ]  36.7% 224256/611072 bytes... 

Writing at 0x00047000 [==========>                   ]  36.9% 225280/611072 bytes... 

Writing at 0x00047400 [==========>                   ]  37.0% 226304/611072 bytes... 

Writing at 0x00047800 [==========>                   ]  37.2% 227328/611072 bytes... 

Writing at 0x00047c00 [==========>                   ]  37.4% 228352/611072 bytes... 

Writing at 0x00048000 [==========>                   ]  37.5% 229376/611072 bytes... 

Writing at 0x00048400 [==========>                   ]  37.7% 230400/611072 bytes... 

Writing at 0x00048800 [==========>                   ]  37.9% 231424/611072 bytes... 

Writing at 0x00048c00 [==========>                   ]  38.0% 232448/611072 bytes... 

Writing at 0x00049000 [==========>                   ]  38.2% 233472/611072 bytes... 

Writing at 0x00049400 [==========>                   ]  38.4% 234496/611072 bytes... 

Writing at 0x00049800 [==========>                   ]  38.5% 235520/611072 bytes... 

Writing at 0x00049c00 [==========>                   ]  38.7% 236544/611072 bytes... 

Writing at 0x0004a000 [==========>                   ]  38.9% 237568/611072 bytes... 

Writing at 0x0004a400 [==========>                   ]  39.0% 238592/611072 bytes... 

Writing at 0x0004a800 [==========>                   ]  39.2% 239616/611072 bytes... 

Writing at 0x0004ac00 [==========>                   ]  39.4% 240640/611072 bytes... 

Writing at 0x0004b000 [==========>                   ]  39.5% 241664/611072 bytes... 

Writing at 0x0004b400 [==========>                   ]  39.7% 242688/611072 bytes... 

Writing at 0x0004b800 [==========>                   ]  39.9% 243712/611072 bytes... 

Writing at 0x0004bc00 [===========>                  ]  40.1% 244736/611072 bytes... 

Writing at 0x0004c000 [===========>                  ]  40.2% 245760/611072 bytes... 

Writing at 0x0004c400 [===========>                  ]  40.4% 246784/611072 bytes... 

Writing at 0x0004c800 [===========>                  ]  40.6% 247808/611072 bytes... 

Writing at 0x0004cc00 [===========>                  ]  40.7% 248832/611072 bytes... 

Writing at 0x0004d000 [===========>                  ]  40.9% 249856/611072 bytes... 

Writing at 0x0004d400 [===========>                  ]  41.1% 250880/611072 bytes... 

Writing at 0x0004d800 [===========>                  ]  41.2% 251904/611072 bytes... 

Writing at 0x0004dc00 [===========>                  ]  41.4% 252928/611072 bytes... 

Writing at 0x0004e000 [===========>                  ]  41.6% 253952/611072 bytes... 

Writing at 0x0004e400 [===========>                  ]  41.7% 254976/611072 bytes... 

Writing at 0x0004e800 [===========>                  ]  41.9% 256000/611072 bytes... 

Writing at 0x0004ec00 [===========>                  ]  42.1% 257024/611072 bytes... 

Writing at 0x0004f000 [===========>                  ]  42.2% 258048/611072 bytes... 

Writing at 0x0004f400 [===========>                  ]  42.4% 259072/611072 bytes... 

Writing at 0x0004f800 [===========>                  ]  42.6% 260096/611072 bytes... 

Writing at 0x0004fc00 [===========>                  ]  42.7% 261120/611072 bytes... 

Writing at 0x00050000 [===========>                  ]  42.9% 262144/611072 bytes... 

Writing at 0x00050400 [===========>                  ]  43.1% 263168/611072 bytes... 

Writing at 0x00050800 [===========>                  ]  43.2% 264192/611072 bytes... 

Writing at 0x00050c00 [============>                 ]  43.4% 265216/611072 bytes... 

Writing at 0x00051000 [============>                 ]  43.6% 266240/611072 bytes... 

Writing at 0x00051400 [============>                 ]  43.7% 267264/611072 bytes... 

Writing at 0x00051800 [============>                 ]  43.9% 268288/611072 bytes... 

Writing at 0x00051c00 [============>                 ]  44.1% 269312/611072 bytes... 

Writing at 0x00052000 [============>                 ]  44.2% 270336/611072 bytes... 

Writing at 0x00052400 [============>                 ]  44.4% 271360/611072 bytes... 

Writing at 0x00052800 [============>                 ]  44.6% 272384/611072 bytes... 

Writing at 0x00052c00 [============>                 ]  44.7% 273408/611072 bytes... 

Writing at 0x00053000 [============>                 ]  44.9% 274432/611072 bytes... 

Writing at 0x00053400 [============>                 ]  45.1% 275456/611072 bytes... 

Writing at 0x00053800 [============>                 ]  45.2% 276480/611072 bytes... 

Writing at 0x00053c00 [============>                 ]  45.4% 277504/611072 bytes... 

Writing at 0x00054000 [============>                 ]  45.6% 278528/611072 bytes... 

Writing at 0x00054400 [============>                 ]  45.7% 279552/611072 bytes... 

Writing at 0x00054800 [============>                 ]  45.9% 280576/611072 bytes... 

Writing at 0x00054c00 [============>                 ]  46.1% 281600/611072 bytes... 

Writing at 0x00055000 [============>                 ]  46.3% 282624/611072 bytes... 

Writing at 0x00055400 [============>                 ]  46.4% 283648/611072 bytes... 

Writing at 0x00055800 [============>                 ]  46.6% 284672/611072 bytes... 

Writing at 0x00055c00 [=============>                ]  46.8% 285696/611072 bytes... 

Writing at 0x00056000 [=============>                ]  46.9% 286720/611072 bytes... 

Writing at 0x00056400 [=============>                ]  47.1% 287744/611072 bytes... 

Writing at 0x00056800 [=============>                ]  47.3% 288768/611072 bytes... 

Writing at 0x00056c00 [=============>                ]  47.4% 289792/611072 bytes... 

Writing at 0x00057000 [=============>                ]  47.6% 290816/611072 bytes... 

Writing at 0x00057400 [=============>                ]  47.8% 291840/611072 bytes... 

Writing at 0x00057800 [=============>                ]  47.9% 292864/611072 bytes... 

Writing at 0x00057c00 [=============>                ]  48.1% 293888/611072 bytes... 

Writing at 0x00058000 [=============>                ]  48.3% 294912/611072 bytes... 

Writing at 0x00058400 [=============>                ]  48.4% 295936/611072 bytes... 

Writing at 0x00058800 [=============>                ]  48.6% 296960/611072 bytes... 

Writing at 0x00058c00 [=============>                ]  48.8% 297984/611072 bytes... 

Writing at 0x00059000 [=============>                ]  48.9% 299008/611072 bytes... 

Writing at 0x00059400 [=============>                ]  49.1% 300032/611072 bytes... 

Writing at 0x00059800 [=============>                ]  49.3% 301056/611072 bytes... 

Writing at 0x00059c00 [=============>                ]  49.4% 302080/611072 bytes... 

Writing at 0x0005a000 [=============>                ]  49.6% 303104/611072 bytes... 

Writing at 0x0005a400 [=============>                ]  49.8% 304128/611072 bytes... 

Writing at 0x0005a800 [=============>                ]  49.9% 305152/611072 bytes... 

Writing at 0x0005ac00 [==============>               ]  50.1% 306176/611072 bytes... 

Writing at 0x0005b000 [==============>               ]  50.3% 307200/611072 bytes... 

Writing at 0x0005b400 [==============>               ]  50.4% 308224/611072 bytes... 

Writing at 0x0005b800 [==============>               ]  50.6% 309248/611072 bytes... 

Writing at 0x0005bc00 [==============>               ]  50.8% 310272/611072 bytes... 

Writing at 0x0005c000 [==============>               ]  50.9% 311296/611072 bytes... 

Writing at 0x0005c400 [==============>               ]  51.1% 312320/611072 bytes... 

Writing at 0x0005c800 [==============>               ]  51.3% 313344/611072 bytes... 

Writing at 0x0005cc00 [==============>               ]  51.4% 314368/611072 bytes... 

Writing at 0x0005d000 [==============>               ]  51.6% 315392/611072 bytes... 

Writing at 0x0005d400 [==============>               ]  51.8% 316416/611072 bytes... 

Writing at 0x0005d800 [==============>               ]  51.9% 317440/611072 bytes... 

Writing at 0x0005dc00 [==============>               ]  52.1% 318464/611072 bytes... 

Writing at 0x0005e000 [==============>               ]  52.3% 319488/611072 bytes... 

Writing at 0x0005e400 [==============>               ]  52.5% 320512/611072 bytes... 

Writing at 0x0005e800 [==============>               ]  52.6% 321536/611072 bytes... 

Writing at 0x0005ec00 [==============>               ]  52.8% 322560/611072 bytes... 

Writing at 0x0005f000 [==============>               ]  53.0% 323584/611072 bytes... 

Writing at 0x0005f400 [==============>               ]  53.1% 324608/611072 bytes... 

Writing at 0x0005f800 [==============>               ]  53.3% 325632/611072 bytes... 

Writing at 0x0005fc00 [===============>              ]  53.5% 326656/611072 bytes... 

Writing at 0x00060000 [===============>              ]  53.6% 327680/611072 bytes... 

Writing at 0x00060400 [===============>              ]  53.8% 328704/611072 bytes... 

Writing at 0x00060800 [===============>              ]  54.0% 329728/611072 bytes... 

Writing at 0x00060c00 [===============>              ]  54.1% 330752/611072 bytes... 

Writing at 0x00061000 [===============>              ]  54.3% 331776/611072 bytes... 

Writing at 0x00061400 [===============>              ]  54.5% 332800/611072 bytes... 

Writing at 0x00061800 [===============>              ]  54.6% 333824/611072 bytes... 

Writing at 0x00061c00 [===============>              ]  54.8% 334848/611072 bytes... 

Writing at 0x00062000 [===============>              ]  55.0% 335872/611072 bytes... 

Writing at 0x00062400 [===============>              ]  55.1% 336896/611072 bytes... 

Writing at 0x00062800 [===============>              ]  55.3% 337920/611072 bytes... 

Writing at 0x00062c00 [===============>              ]  55.5% 338944/611072 bytes... 

Writing at 0x00063000 [===============>              ]  55.6% 339968/611072 bytes... 

Writing at 0x00063400 [===============>              ]  55.8% 340992/611072 bytes... 

Writing at 0x00063800 [===============>              ]  56.0% 342016/611072 bytes... 

Writing at 0x00063c00 [===============>              ]  56.1% 343040/611072 bytes... 

Writing at 0x00064000 [===============>              ]  56.3% 344064/611072 bytes... 

Writing at 0x00064400 [===============>              ]  56.5% 345088/611072 bytes... 

Writing at 0x00064800 [===============>              ]  56.6% 346112/611072 bytes... 

Writing at 0x00064c00 [================>             ]  56.8% 347136/611072 bytes... 

Writing at 0x00065000 [================>             ]  57.0% 348160/611072 bytes... 

Writing at 0x00065400 [================>             ]  57.1% 349184/611072 bytes... 

Writing at 0x00065800 [================>             ]  57.3% 350208/611072 bytes... 

Writing at 0x00065c00 [================>             ]  57.5% 351232/611072 bytes... 

Writing at 0x00066000 [================>             ]  57.6% 352256/611072 bytes... 

Writing at 0x00066400 [================>             ]  57.8% 353280/611072 bytes... 

Writing at 0x00066800 [================>             ]  58.0% 354304/611072 bytes... 

Writing at 0x00066c00 [================>             ]  58.1% 355328/611072 bytes... 

Writing at 0x00067000 [================>             ]  58.3% 356352/611072 bytes... 

Writing at 0x00067400 [================>             ]  58.5% 357376/611072 bytes... 

Writing at 0x00067800 [================>             ]  58.7% 358400/611072 bytes... 

Writing at 0x00067c00 [================>             ]  58.8% 359424/611072 bytes... 

Writing at 0x00068000 [================>             ]  59.0% 360448/611072 bytes... 

Writing at 0x00068400 [================>             ]  59.2% 361472/611072 bytes... 

Writing at 0x00068800 [================>             ]  59.3% 362496/611072 bytes... 

Writing at 0x00068c00 [================>             ]  59.5% 363520/611072 bytes... 

Writing at 0x00069000 [================>             ]  59.7% 364544/611072 bytes... 

Writing at 0x00069400 [================>             ]  59.8% 365568/611072 bytes... 

Writing at 0x00069800 [================>             ]  60.0% 366592/611072 bytes... 

Writing at 0x00069c00 [=================>            ]  60.2% 367616/611072 bytes... 

Writing at 0x0006a000 [=================>            ]  60.3% 368640/611072 bytes... 

Writing at 0x0006a400 [=================>            ]  60.5% 369664/611072 bytes... 

Writing at 0x0006a800 [=================>            ]  60.7% 370688/611072 bytes... 

Writing at 0x0006ac00 [=================>            ]  60.8% 371712/611072 bytes... 

Writing at 0x0006b000 [=================>            ]  61.0% 372736/611072 bytes... 

Writing at 0x0006b400 [=================>            ]  61.2% 373760/611072 bytes... 

Writing at 0x0006b800 [=================>            ]  61.3% 374784/611072 bytes... 

Writing at 0x0006bc00 [=================>            ]  61.5% 375808/611072 bytes... 

Writing at 0x0006c000 [=================>            ]  61.7% 376832/611072 bytes... 

Writing at 0x0006c400 [=================>            ]  61.8% 377856/611072 bytes... 

Writing at 0x0006c800 [=================>            ]  62.0% 378880/611072 bytes... 

Writing at 0x0006cc00 [=================>            ]  62.2% 379904/611072 bytes... 

Writing at 0x0006d000 [=================>            ]  62.3% 380928/611072 bytes... 

Writing at 0x0006d400 [=================>            ]  62.5% 381952/611072 bytes... 

Writing at 0x0006d800 [=================>            ]  62.7% 382976/611072 bytes... 

Writing at 0x0006dc00 [=================>            ]  62.8% 384000/611072 bytes... 

Writing at 0x0006e000 [=================>            ]  63.0% 385024/611072 bytes... 

Writing at 0x0006e400 [=================>            ]  63.2% 386048/611072 bytes... 

Writing at 0x0006e800 [==================>           ]  63.3% 387072/611072 bytes... 

Writing at 0x0006ec00 [==================>           ]  63.5% 388096/611072 bytes... 

Writing at 0x0006f000 [==================>           ]  63.7% 389120/611072 bytes... 

Writing at 0x0006f400 [==================>           ]  63.8% 390144/611072 bytes... 

Writing at 0x0006f800 [==================>           ]  64.0% 391168/611072 bytes... 

Writing at 0x0006fc00 [==================>           ]  64.2% 392192/611072 bytes... 

Writing at 0x00070000 [==================>           ]  64.3% 393216/611072 bytes... 

Writing at 0x00070400 [==================>           ]  64.5% 394240/611072 bytes... 

Writing at 0x00070800 [==================>           ]  64.7% 395264/611072 bytes... 

Writing at 0x00070c00 [==================>           ]  64.9% 396288/611072 bytes... 

Writing at 0x00071000 [==================>           ]  65.0% 397312/611072 bytes... 

Writing at 0x00071400 [==================>           ]  65.2% 398336/611072 bytes... 

Writing at 0x00071800 [==================>           ]  65.4% 399360/611072 bytes... 

Writing at 0x00071c00 [==================>           ]  65.5% 400384/611072 bytes... 

Writing at 0x00072000 [==================>           ]  65.7% 401408/611072 bytes... 

Writing at 0x00072400 [==================>           ]  65.9% 402432/611072 bytes... 

Writing at 0x00072800 [==================>           ]  66.0% 403456/611072 bytes... 

Writing at 0x00072c00 [==================>           ]  66.2% 404480/611072 bytes... 

Writing at 0x00073000 [==================>           ]  66.4% 405504/611072 bytes... 

Writing at 0x00073400 [==================>           ]  66.5% 406528/611072 bytes... 

Writing at 0x00073800 [===================>          ]  66.7% 407552/611072 bytes... 

Writing at 0x00073c00 [===================>          ]  66.9% 408576/611072 bytes... 

Writing at 0x00074000 [===================>          ]  67.0% 409600/611072 bytes... 

Writing at 0x00074400 [===================>          ]  67.2% 410624/611072 bytes... 

Writing at 0x00074800 [===================>          ]  67.4% 411648/611072 bytes... 

Writing at 0x00074c00 [===================>          ]  67.5% 412672/611072 bytes... 

Writing at 0x00075000 [===================>          ]  67.7% 413696/611072 bytes... 

Writing at 0x00075400 [===================>          ]  67.9% 414720/611072 bytes... 

Writing at 0x00075800 [===================>          ]  68.0% 415744/611072 bytes... 

Writing at 0x00075c00 [===================>          ]  68.2% 416768/611072 bytes... 

Writing at 0x00076000 [===================>          ]  68.4% 417792/611072 bytes... 

Writing at 0x00076400 [===================>          ]  68.5% 418816/611072 bytes... 

Writing at 0x00076800 [===================>          ]  68.7% 419840/611072 bytes... 

Writing at 0x00076c00 [===================>          ]  68.9% 420864/611072 bytes... 

Writing at 0x00077000 [===================>          ]  69.0% 421888/611072 bytes... 

Writing at 0x00077400 [===================>          ]  69.2% 422912/611072 bytes... 

Writing at 0x00077800 [===================>          ]  69.4% 423936/611072 bytes... 

Writing at 0x00077c00 [===================>          ]  69.5% 424960/611072 bytes... 

Writing at 0x00078000 [===================>          ]  69.7% 425984/611072 bytes... 

Writing at 0x00078400 [===================>          ]  69.9% 427008/611072 bytes... 

Writing at 0x00078800 [====================>         ]  70.0% 428032/611072 bytes... 

Writing at 0x00078c00 [====================>         ]  70.2% 429056/611072 bytes... 

Writing at 0x00079000 [====================>         ]  70.4% 430080/611072 bytes... 

Writing at 0x00079400 [====================>         ]  70.5% 431104/611072 bytes... 

Writing at 0x00079800 [====================>         ]  70.7% 432128/611072 bytes... 

Writing at 0x00079c00 [====================>         ]  70.9% 433152/611072 bytes... 

Writing at 0x0007a000 [====================>         ]  71.1% 434176/611072 bytes... 

Writing at 0x0007a400 [====================>         ]  71.2% 435200/611072 bytes... 

Writing at 0x0007a800 [====================>         ]  71.4% 436224/611072 bytes... 

Writing at 0x0007ac00 [====================>         ]  71.6% 437248/611072 bytes... 

Writing at 0x0007b000 [====================>         ]  71.7% 438272/611072 bytes... 

Writing at 0x0007b400 [====================>         ]  71.9% 439296/611072 bytes... 

Writing at 0x0007b800 [====================>         ]  72.1% 440320/611072 bytes... 

Writing at 0x0007bc00 [====================>         ]  72.2% 441344/611072 bytes... 

Writing at 0x0007c000 [====================>         ]  72.4% 442368/611072 bytes... 

Writing at 0x0007c400 [====================>         ]  72.6% 443392/611072 bytes... 

Writing at 0x0007c800 [====================>         ]  72.7% 444416/611072 bytes... 

Writing at 0x0007cc00 [====================>         ]  72.9% 445440/611072 bytes... 

Writing at 0x0007d000 [====================>         ]  73.1% 446464/611072 bytes... 

Writing at 0x0007d400 [====================>         ]  73.2% 447488/611072 bytes... 

Writing at 0x0007d800 [=====================>        ]  73.4% 448512/611072 bytes... 

Writing at 0x0007dc00 [=====================>        ]  73.6% 449536/611072 bytes... 

Writing at 0x0007e000 [=====================>        ]  73.7% 450560/611072 bytes... 

Writing at 0x0007e400 [=====================>        ]  73.9% 451584/611072 bytes... 

Writing at 0x0007e800 [=====================>        ]  74.1% 452608/611072 bytes... 

Writing at 0x0007ec00 [=====================>        ]  74.2% 453632/611072 bytes... 

Writing at 0x0007f000 [=====================>        ]  74.4% 454656/611072 bytes... 

Writing at 0x0007f400 [=====================>        ]  74.6% 455680/611072 bytes... 

Writing at 0x0007f800 [=====================>        ]  74.7% 456704/611072 bytes... 

Writing at 0x0007fc00 [=====================>        ]  74.9% 457728/611072 bytes... 

Writing at 0x00080000 [=====================>        ]  75.1% 458752/611072 bytes... 

Writing at 0x00080400 [=====================>        ]  75.2% 459776/611072 bytes... 

Writing at 0x00080800 [=====================>        ]  75.4% 460800/611072 bytes... 

Writing at 0x00080c00 [=====================>        ]  75.6% 461824/611072 bytes... 

Writing at 0x00081000 [=====================>        ]  75.7% 462848/611072 bytes... 

Writing at 0x00081400 [=====================>        ]  75.9% 463872/611072 bytes... 

Writing at 0x00081800 [=====================>        ]  76.1% 464896/611072 bytes... 

Writing at 0x00081c00 [=====================>        ]  76.2% 465920/611072 bytes... 

Writing at 0x00082000 [=====================>        ]  76.4% 466944/611072 bytes... 

Writing at 0x00082400 [=====================>        ]  76.6% 467968/611072 bytes... 

Writing at 0x00082800 [======================>       ]  76.7% 468992/611072 bytes... 

Writing at 0x00082c00 [======================>       ]  76.9% 470016/611072 bytes... 

Writing at 0x00083000 [======================>       ]  77.1% 471040/611072 bytes... 

Writing at 0x00083400 [======================>       ]  77.3% 472064/611072 bytes... 

Writing at 0x00083800 [======================>       ]  77.4% 473088/611072 bytes... 

Writing at 0x00083c00 [======================>       ]  77.6% 474112/611072 bytes... 

Writing at 0x00084000 [======================>       ]  77.8% 475136/611072 bytes... 

Writing at 0x00084400 [======================>       ]  77.9% 476160/611072 bytes... 

Writing at 0x00084800 [======================>       ]  78.1% 477184/611072 bytes... 

Writing at 0x00084c00 [======================>       ]  78.3% 478208/611072 bytes... 

Writing at 0x00085000 [======================>       ]  78.4% 479232/611072 bytes... 

Writing at 0x00085400 [======================>       ]  78.6% 480256/611072 bytes... 

Writing at 0x00085800 [======================>       ]  78.8% 481280/611072 bytes... 

Writing at 0x00085c00 [======================>       ]  78.9% 482304/611072 bytes... 

Writing at 0x00086000 [======================>       ]  79.1% 483328/611072 bytes... 

Writing at 0x00086400 [======================>       ]  79.3% 484352/611072 bytes... 

Writing at 0x00086800 [======================>       ]  79.4% 485376/611072 bytes... 

Writing at 0x00086c00 [======================>       ]  79.6% 486400/611072 bytes... 

Writing at 0x00087000 [======================>       ]  79.8% 487424/611072 bytes... 

Writing at 0x00087400 [======================>       ]  79.9% 488448/611072 bytes... 

Writing at 0x00087800 [=======================>      ]  80.1% 489472/611072 bytes... 

Writing at 0x00087c00 [=======================>      ]  80.3% 490496/611072 bytes... 

Writing at 0x00088000 [=======================>      ]  80.4% 491520/611072 bytes... 

Writing at 0x00088400 [=======================>      ]  80.6% 492544/611072 bytes... 

Writing at 0x00088800 [=======================>      ]  80.8% 493568/611072 bytes... 

Writing at 0x00088c00 [=======================>      ]  80.9% 494592/611072 bytes... 

Writing at 0x00089000 [=======================>      ]  81.1% 495616/611072 bytes... 

Writing at 0x00089400 [=======================>      ]  81.3% 496640/611072 bytes... 

Writing at 0x00089800 [=======================>      ]  81.4% 497664/611072 bytes... 

Writing at 0x00089c00 [=======================>      ]  81.6% 498688/611072 bytes... 

Writing at 0x0008a000 [=======================>      ]  81.8% 499712/611072 bytes... 

Writing at 0x0008a400 [=======================>      ]  81.9% 500736/611072 bytes... 

Writing at 0x0008a800 [=======================>      ]  82.1% 501760/611072 bytes... 

Writing at 0x0008ac00 [=======================>      ]  82.3% 502784/611072 bytes... 

Writing at 0x0008b000 [=======================>      ]  82.4% 503808/611072 bytes... 

Writing at 0x0008b400 [=======================>      ]  82.6% 504832/611072 bytes... 

Writing at 0x0008b800 [=======================>      ]  82.8% 505856/611072 bytes... 

Writing at 0x0008bc00 [=======================>      ]  82.9% 506880/611072 bytes... 

Writing at 0x0008c000 [=======================>      ]  83.1% 507904/611072 bytes... 

Writing at 0x0008c400 [=======================>      ]  83.3% 508928/611072 bytes... 

Writing at 0x0008c800 [========================>     ]  83.5% 509952/611072 bytes... 

Writing at 0x0008cc00 [========================>     ]  83.6% 510976/611072 bytes... 

Writing at 0x0008d000 [========================>     ]  83.8% 512000/611072 bytes... 

Writing at 0x0008d400 [========================>     ]  84.0% 513024/611072 bytes... 

Writing at 0x0008d800 [========================>     ]  84.1% 514048/611072 bytes... 

Writing at 0x0008dc00 [========================>     ]  84.3% 515072/611072 bytes... 

Writing at 0x0008e000 [========================>     ]  84.5% 516096/611072 bytes... 

Writing at 0x0008e400 [========================>     ]  84.6% 517120/611072 bytes... 

Writing at 0x0008e800 [========================>     ]  84.8% 518144/611072 bytes... 

Writing at 0x0008ec00 [========================>     ]  85.0% 519168/611072 bytes... 

Writing at 0x0008f000 [========================>     ]  85.1% 520192/611072 bytes... 

Writing at 0x0008f400 [========================>     ]  85.3% 521216/611072 bytes... 

Writing at 0x0008f800 [========================>     ]  85.5% 522240/611072 bytes... 

Writing at 0x0008fc00 [========================>     ]  85.6% 523264/611072 bytes... 

Writing at 0x00090000 [========================>     ]  85.8% 524288/611072 bytes... 

Writing at 0x00090400 [========================>     ]  86.0% 525312/611072 bytes... 

Writing at 0x00090800 [========================>     ]  86.1% 526336/611072 bytes... 

Writing at 0x00090c00 [========================>     ]  86.3% 527360/611072 bytes... 

Writing at 0x00091000 [========================>     ]  86.5% 528384/611072 bytes... 

Writing at 0x00091400 [========================>     ]  86.6% 529408/611072 bytes... 

Writing at 0x00091800 [=========================>    ]  86.8% 530432/611072 bytes... 

Writing at 0x00091c00 [=========================>    ]  87.0% 531456/611072 bytes... 

Writing at 0x00092000 [=========================>    ]  87.1% 532480/611072 bytes... 

Writing at 0x00092400 [=========================>    ]  87.3% 533504/611072 bytes... 

Writing at 0x00092800 [=========================>    ]  87.5% 534528/611072 bytes... 

Writing at 0x00092c00 [=========================>    ]  87.6% 535552/611072 bytes... 

Writing at 0x00093000 [=========================>    ]  87.8% 536576/611072 bytes... 

Writing at 0x00093400 [=========================>    ]  88.0% 537600/611072 bytes... 

Writing at 0x00093800 [=========================>    ]  88.1% 538624/611072 bytes... 

Writing at 0x00093c00 [=========================>    ]  88.3% 539648/611072 bytes... 

Writing at 0x00094000 [=========================>    ]  88.5% 540672/611072 bytes... 

Writing at 0x00094400 [=========================>    ]  88.6% 541696/611072 bytes... 

Writing at 0x00094800 [=========================>    ]  88.8% 542720/611072 bytes... 

Writing at 0x00094c00 [=========================>    ]  89.0% 543744/611072 bytes... 

Writing at 0x00095000 [=========================>    ]  89.1% 544768/611072 bytes... 

Writing at 0x00095400 [=========================>    ]  89.3% 545792/611072 bytes... 

Writing at 0x00095800 [=========================>    ]  89.5% 546816/611072 bytes... 

Writing at 0x00095c00 [=========================>    ]  89.7% 547840/611072 bytes... 

Writing at 0x00096000 [=========================>    ]  89.8% 548864/611072 bytes... 

Writing at 0x00096400 [=========================>    ]  90.0% 549888/611072 bytes... 

Writing at 0x00096800 [==========================>   ]  90.2% 550912/611072 bytes... 

Writing at 0x00096c00 [==========================>   ]  90.3% 551936/611072 bytes... 

Writing at 0x00097000 [==========================>   ]  90.5% 552960/611072 bytes... 

Writing at 0x00097400 [==========================>   ]  90.7% 553984/611072 bytes... 

Writing at 0x00097800 [==========================>   ]  90.8% 555008/611072 bytes... 

Writing at 0x00097c00 [==========================>   ]  91.0% 556032/611072 bytes... 

Writing at 0x00098000 [==========================>   ]  91.2% 557056/611072 bytes... 

Writing at 0x00098400 [==========================>   ]  91.3% 558080/611072 bytes... 

Writing at 0x00098800 [==========================>   ]  91.5% 559104/611072 bytes... 

Writing at 0x00098c00 [==========================>   ]  91.7% 560128/611072 bytes... 

Writing at 0x00099000 [==========================>   ]  91.8% 561152/611072 bytes... 

Writing at 0x00099400 [==========================>   ]  92.0% 562176/611072 bytes... 

Writing at 0x00099800 [==========================>   ]  92.2% 563200/611072 bytes... 

Writing at 0x00099c00 [==========================>   ]  92.3% 564224/611072 bytes... 

Writing at 0x0009a000 [==========================>   ]  92.5% 565248/611072 bytes... 

Writing at 0x0009a400 [==========================>   ]  92.7% 566272/611072 bytes... 

Writing at 0x0009a800 [==========================>   ]  92.8% 567296/611072 bytes... 

Writing at 0x0009ac00 [==========================>   ]  93.0% 568320/611072 bytes... 

Writing at 0x0009b000 [==========================>   ]  93.2% 569344/611072 bytes... 

Writing at 0x0009b400 [===========================>  ]  93.3% 570368/611072 bytes... 

Writing at 0x0009b800 [===========================>  ]  93.5% 571392/611072 bytes... 

Writing at 0x0009bc00 [===========================>  ]  93.7% 572416/611072 bytes... 

Writing at 0x0009c000 [===========================>  ]  93.8% 573440/611072 bytes... 

Writing at 0x0009c400 [===========================>  ]  94.0% 574464/611072 bytes... 

Writing at 0x0009c800 [===========================>  ]  94.2% 575488/611072 bytes... 

Writing at 0x0009cc00 [===========================>  ]  94.3% 576512/611072 bytes... 

Writing at 0x0009d000 [===========================>  ]  94.5% 577536/611072 bytes... 

Writing at 0x0009d400 [===========================>  ]  94.7% 578560/611072 bytes... 

Writing at 0x0009d800 [===========================>  ]  94.8% 579584/611072 bytes... 

Writing at 0x0009dc00 [===========================>  ]  95.0% 580608/611072 bytes... 

Writing at 0x0009e000 [===========================>  ]  95.2% 581632/611072 bytes... 

Writing at 0x0009e400 [===========================>  ]  95.3% 582656/611072 bytes... 

Writing at 0x0009e800 [===========================>  ]  95.5% 583680/611072 bytes... 

Writing at 0x0009ec00 [===========================>  ]  95.7% 584704/611072 bytes... 

Writing at 0x0009f000 [===========================>  ]  95.9% 585728/611072 bytes... 

Writing at 0x0009f400 [===========================>  ]  96.0% 586752/611072 bytes... 

Writing at 0x0009f800 [===========================>  ]  96.2% 587776/611072 bytes... 

Writing at 0x0009fc00 [===========================>  ]  96.4% 588800/611072 bytes... 

Writing at 0x000a0000 [===========================>  ]  96.5% 589824/611072 bytes... 

Writing at 0x000a0400 [============================> ]  96.7% 590848/611072 bytes... 

Writing at 0x000a0800 [============================> ]  96.9% 591872/611072 bytes... 

Writing at 0x000a0c00 [============================> ]  97.0% 592896/611072 bytes... 

Writing at 0x000a1000 [============================> ]  97.2% 593920/611072 bytes... 

Writing at 0x000a1400 [============================> ]  97.4% 594944/611072 bytes... 

Writing at 0x000a1800 [============================> ]  97.5% 595968/611072 bytes... 

Writing at 0x000a1c00 [============================> ]  97.7% 596992/611072 bytes... 

Writing at 0x000a2000 [============================> ]  97.9% 598016/611072 bytes... 

Writing at 0x000a2400 [============================> ]  98.0% 599040/611072 bytes... 

Writing at 0x000a2800 [============================> ]  98.2% 600064/611072 bytes... 

Writing at 0x000a2c00 [============================> ]  98.4% 601088/611072 bytes... 

Writing at 0x000a3000 [============================> ]  98.5% 602112/611072 bytes... 

Writing at 0x000a3400 [============================> ]  98.7% 603136/611072 bytes... 

Writing at 0x000a3800 [============================> ]  98.9% 604160/611072 bytes... 

Writing at 0x000a3c00 [============================> ]  99.0% 605184/611072 bytes... 

Writing at 0x000a4000 [============================> ]  99.2% 606208/611072 bytes... 

Writing at 0x000a4400 [============================> ]  99.4% 607232/611072 bytes... 

Writing at 0x000a4800 [============================> ]  99.5% 608256/611072 bytes... 

Writing at 0x000a4c00 [============================> ]  99.7% 609280/611072 bytes... 

Writing at 0x000a5000 [============================> ]  99.9% 610304/611072 bytes... 

Writing at 0x000a5400 [==============================] 100.0% 611328/611072 bytes... 
Wrote 611328 bytes at 0x00010000 in 21.2 seconds (230.9 kbit/s).
Hash of data verified.

Hard resetting via RTS pin...
