esptool v5.1.0
Serial port COM3:
Connecting....
Connected to ESP32 on COM3:
Chip type:          ESP32-D0WD-V3 (revision v3.1)
Features:           Wi-Fi, BT, Dual Core + LP Core, 240MHz, Vref calibration in eFuse, Coding Scheme None
Crystal frequency:  40MHz
MAC:                ac:15:18:d4:f0:a0

Uploading stub flasher...
Running stub flasher...
Stub flasher running.

Configuring flash size...
Flash will be erased from 0x00010000 to 0x000a3fff...
Compressed 605248 bytes to 354029...

Writing at 0x00010000 [                              ]   0.0% 0/354029 bytes... 

Writing at 0x0001bb84 [>                             ]   4.6% 16384/354029 bytes... 

Writing at 0x00027011 [=>                            ]   9.3% 32768/354029 bytes... 

Writing at 0x000362c0 [===>                          ]  13.9% 49152/354029 bytes... 

Writing at 0x0003b876 [====>                         ]  18.5% 65536/354029 bytes... 

Writing at 0x000411c8 [=====>                        ]  23.1% 81920/354029 bytes... 

Writing at 0x00046c05 [=======>                      ]  27.8% 98304/354029 bytes... 

Writing at 0x0004ce39 [========>                     ]  32.4% 114688/354029 bytes... 

Writing at 0x000529e1 [==========>                   ]  37.0% 131072/354029 bytes... 

Writing at 0x00058d4b [===========>                  ]  41.7% 147456/354029 bytes... 

Writing at 0x0005f08c [============>                 ]  46.3% 163840/354029 bytes... 

Writing at 0x0006490d [==============>               ]  50.9% 180224/354029 bytes... 

Writing at 0x0006a662 [===============>              ]  55.5% 196608/354029 bytes... 

Writing at 0x0006ff98 [=================>            ]  60.2% 212992/354029 bytes... 

Writing at 0x00075647 [==================>           ]  64.8% 229376/354029 bytes... 

Writing at 0x0007ae08 [===================>          ]  69.4% 245760/354029 bytes... 

Writing at 0x0008044d [=====================>        ]  74.0% 262144/354029 bytes... 

Writing at 0x000858a1 [======================>       ]  78.7% 278528/354029 bytes... 

Writing at 0x0008b2b5 [=======================>      ]  83.3% 294912/354029 bytes... 

Writing at 0x00091c2a [=========================>    ]  87.9% 311296/354029 bytes... 

Writing at 0x0009a545 [==========================>   ]  92.6% 327680/354029 bytes... 

Writing at 0x000a044e [============================> ]  97.2% 344064/354029 bytes... 

Writing at 0x000a3c40 [==============================] 100.0% 354029/354029 bytes... 
Wrote 605248 bytes (354029 compressed) at 0x00010000 in 31.8 seconds (152.1 kbit/s).
Hash of data verified.

Hard resetting via RTS pin...
