esptool v5.1.0
Serial port COM3:
Connecting....
Connected to ESP32 on COM3:
Chip type:          ESP32-D0WD-V3 (revision v3.1)
Features:           Wi-Fi, BT, Dual Core + LP Core, 240MHz, Vref calibration in eFuse, Coding Scheme None
Crystal frequency:  40MHz
MAC:                ac:15:18:d4:f0:a0

Changing baud rate to 460800...
Changed.

Enabling default SPI flash mode...
Configuring flash size...
Flash will be erased from 0x00010000 to 0x000a4fff...
Erasing flash...
Took 1.83s to erase flash block.

Writing at 0x00010000 [                              ]   0.0% 0/609744 bytes... 

Writing at 0x00010400 [                              ]   0.2% 1024/609744 bytes... 

Writing at 0x00010800 [                              ]   0.3% 2048/609744 bytes... 

Writing at 0x00010c00 [                              ]   0.5% 3072/609744 bytes... 

Writing at 0x00011000 [                              ]   0.7% 4096/609744 bytes... 

Writing at 0x00011400 [                              ]   0.8% 5120/609744 bytes... 

Writing at 0x00011800 [                              ]   1.0% 6144/609744 bytes... 

Writing at 0x00011c00 [                              ]   1.2% 7168/609744 bytes... 

Writing at 0x00012000 [                              ]   1.3% 8192/609744 bytes... 

Writing at 0x00012400 [                              ]   1.5% 9216/609744 bytes... 

Writing at 0x00012800 [                              ]   1.7% 10240/609744 bytes... 

Writing at 0x00012c00 [                              ]   1.8% 11264/609744 bytes... 

Writing at 0x00013000 [                              ]   2.0% 12288/609744 bytes... 

Writing at 0x00013400 [                              ]   2.2% 13312/609744 bytes... 

Writing at 0x00013800 [                              ]   2.4% 14336/609744 bytes... 

Writing at 0x00013c00 [                              ]   2.5% 15360/609744 bytes... 

Writing at 0x00014000 [                              ]   2.7% 16384/609744 bytes... 

Writing at 0x00014400 [                              ]   2.9% 17408/609744 bytes... 

Writing at 0x00014800 [                              ]   3.0% 18432/609744 bytes... 

Writing at 0x00014c00 [                              ]   3.2% 19456/609744 bytes... 

Writing at 0x00015000 [>                             ]   3.4% 20480/609744 bytes... 

Writing at 0x00015400 [>                             ]   3.5% 21504/609744 bytes... 

Writing at 0x00015800 [>                             ]   3.7% 22528/609744 bytes... 

Writing at 0x00015c00 [>                             ]   3.9% 23552/609744 bytes... 

Writing at 0x00016000 [>                             ]   4.0% 24576/609744 bytes... 

Writing at 0x00016400 [>                             ]   4.2% 25600/609744 bytes... 

Writing at 0x00016800 [>                             ]   4.4% 26624/609744 bytes... 

Writing at 0x00016c00 [>                             ]   4.5% 27648/609744 bytes... 

Writing at 0x00017000 [>                             ]   4.7% 28672/609744 bytes... 

Writing at 0x00017400 [>                             ]   4.9% 29696/609744 bytes... 

Writing at 0x00017800 [>                             ]   5.0% 30720/609744 bytes... 

Writing at 0x00017c00 [>                             ]   5.2% 31744/609744 bytes... 

Writing at 0x00018000 [>                             ]   5.4% 32768/609744 bytes... 

Writing at 0x00018400 [>                             ]   5.5% 33792/609744 bytes... 

Writing at 0x00018800 [>                             ]   5.7% 34816/609744 bytes... 

Writing at 0x00018c00 [>                             ]   5.9% 35840/609744 bytes... 

Writing at 0x00019000 [>                             ]   6.0% 36864/609744 bytes... 

Writing at 0x00019400 [>                             ]   6.2% 37888/609744 bytes... 

Writing at 0x00019800 [>                             ]   6.4% 38912/609744 bytes... 

Writing at 0x00019c00 [>                             ]   6.5% 39936/609744 bytes... 

Writing at 0x0001a000 [=>                            ]   6.7% 40960/609744 bytes... 

Writing at 0x0001a400 [=>                            ]   6.9% 41984/609744 bytes... 

Writing at 0x0001a800 [=>                            ]   7.1% 43008/609744 bytes... 

Writing at 0x0001ac00 [=>                            ]   7.2% 44032/609744 bytes... 

Writing at 0x0001b000 [=>                            ]   7.4% 45056/609744 bytes... 

Writing at 0x0001b400 [=>                            ]   7.6% 46080/609744 bytes... 

Writing at 0x0001b800 [=>                            ]   7.7% 47104/609744 bytes... 

Writing at 0x0001bc00 [=>                            ]   7.9% 48128/609744 bytes... 

Writing at 0x0001c000 [=>                            ]   8.1% 49152/609744 bytes... 

Writing at 0x0001c400 [=>                            ]   8.2% 50176/609744 bytes... 

Writing at 0x0001c800 [=>                            ]   8.4% 51200/609744 bytes... 

Writing at 0x0001cc00 [=>                            ]   8.6% 52224/609744 bytes... 

Writing at 0x0001d000 [=>                            ]   8.7% 53248/609744 bytes... 

Writing at 0x0001d400 [=>                            ]   8.9% 54272/609744 bytes... 

Writing at 0x0001d800 [=>                            ]   9.1% 55296/609744 bytes... 

Writing at 0x0001dc00 [=>                            ]   9.2% 56320/609744 bytes... 

Writing at 0x0001e000 [=>                            ]   9.4% 57344/609744 bytes... 

Writing at 0x0001e400 [=>                            ]   9.6% 58368/609744 bytes... 

Writing at 0x0001e800 [=>                            ]   9.7% 59392/609744 bytes... 

Writing at 0x0001ec00 [=>                            ]   9.9% 60416/609744 bytes... 

Writing at 0x0001f000 [==>                           ]  10.1% 61440/609744 bytes... 

Writing at 0x0001f400 [==>                           ]  10.2% 62464/609744 bytes... 

Writing at 0x0001f800 [==>                           ]  10.4% 63488/609744 bytes... 

Writing at 0x0001fc00 [==>                           ]  10.6% 64512/609744 bytes... 

Writing at 0x00020000 [==>                           ]  10.7% 65536/609744 bytes... 

Writing at 0x00020400 [==>                           ]  10.9% 66560/609744 bytes... 

Writing at 0x00020800 [==>                           ]  11.1% 67584/609744 bytes... 

Writing at 0x00020c00 [==>                           ]  11.3% 68608/609744 bytes... 

Writing at 0x00021000 [==>                           ]  11.4% 69632/609744 bytes... 

Writing at 0x00021400 [==>                           ]  11.6% 70656/609744 bytes... 

Writing at 0x00021800 [==>                           ]  11.8% 71680/609744 bytes... 

Writing at 0x00021c00 [==>                           ]  11.9% 72704/609744 bytes... 

Writing at 0x00022000 [==>                           ]  12.1% 73728/609744 bytes... 

Writing at 0x00022400 [==>                           ]  12.3% 74752/609744 bytes... 

Writing at 0x00022800 [==>                           ]  12.4% 75776/609744 bytes... 

Writing at 0x00022c00 [==>                           ]  12.6% 76800/609744 bytes... 

Writing at 0x00023000 [==>                           ]  12.8% 77824/609744 bytes... 

Writing at 0x00023400 [==>                           ]  12.9% 78848/609744 bytes... 

Writing at 0x00023800 [==>                           ]  13.1% 79872/609744 bytes... 

Writing at 0x00023c00 [==>                           ]  13.3% 80896/609744 bytes... 

Writing at 0x00024000 [===>                          ]  13.4% 81920/609744 bytes... 

Writing at 0x00024400 [===>                          ]  13.6% 82944/609744 bytes... 

Writing at 0x00024800 [===>                          ]  13.8% 83968/609744 bytes... 

Writing at 0x00024c00 [===>                          ]  13.9% 84992/609744 bytes... 

Writing at 0x00025000 [===>                          ]  14.1% 86016/609744 bytes... 

Writing at 0x00025400 [===>                          ]  14.3% 87040/609744 bytes... 

Writing at 0x00025800 [===>                          ]  14.4% 88064/609744 bytes... 

Writing at 0x00025c00 [===>                          ]  14.6% 89088/609744 bytes... 

Writing at 0x00026000 [===>                          ]  14.8% 90112/609744 bytes... 

Writing at 0x00026400 [===>                          ]  14.9% 91136/609744 bytes... 

Writing at 0x00026800 [===>                          ]  15.1% 92160/609744 bytes... 

Writing at 0x00026c00 [===>                          ]  15.3% 93184/609744 bytes... 

Writing at 0x00027000 [===>                          ]  15.5% 94208/609744 bytes... 

Writing at 0x00027400 [===>                          ]  15.6% 95232/609744 bytes... 

Writing at 0x00027800 [===>                          ]  15.8% 96256/609744 bytes... 

Writing at 0x00027c00 [===>                          ]  16.0% 97280/609744 bytes... 

Writing at 0x00028000 [===>                          ]  16.1% 98304/609744 bytes... 

Writing at 0x00028400 [===>                          ]  16.3% 99328/609744 bytes... 

Writing at 0x00028800 [===>                          ]  16.5% 100352/609744 bytes... 

Writing at 0x00028c00 [===>                          ]  16.6% 101376/609744 bytes... 

Writing at 0x00029000 [====>                         ]  16.8% 102400/609744 bytes... 

Writing at 0x00029400 [====>                         ]  17.0% 103424/609744 bytes... 

Writing at 0x00029800 [====>                         ]  17.1% 104448/609744 bytes... 

Writing at 0x00029c00 [====>                         ]  17.3% 105472/609744 bytes... 

Writing at 0x0002a000 [====>                         ]  17.5% 106496/609744 bytes... 

Writing at 0x0002a400 [====>                         ]  17.6% 107520/609744 bytes... 

Writing at 0x0002a800 [====>                         ]  17.8% 108544/609744 bytes... 

Writing at 0x0002ac00 [====>                         ]  18.0% 109568/609744 bytes... 

Writing at 0x0002b000 [====>                         ]  18.1% 110592/609744 bytes... 

Writing at 0x0002b400 [====>                         ]  18.3% 111616/609744 bytes... 

Writing at 0x0002b800 [====>                         ]  18.5% 112640/609744 bytes... 

Writing at 0x0002bc00 [====>                         ]  18.6% 113664/609744 bytes... 

Writing at 0x0002c000 [====>                         ]  18.8% 114688/609744 bytes... 

Writing at 0x0002c400 [====>                         ]  19.0% 115712/609744 bytes... 

Writing at 0x0002c800 [====>                         ]  19.1% 116736/609744 bytes... 

Writing at 0x0002cc00 [====>                         ]  19.3% 117760/609744 bytes... 

Writing at 0x0002d000 [====>                         ]  19.5% 118784/609744 bytes... 

Writing at 0x0002d400 [====>                         ]  19.6% 119808/609744 bytes... 

Writing at 0x0002d800 [====>                         ]  19.8% 120832/609744 bytes... 

Writing at 0x0002dc00 [====>                         ]  20.0% 121856/609744 bytes... 

Writing at 0x0002e000 [=====>                        ]  20.2% 122880/609744 bytes... 

Writing at 0x0002e400 [=====>                        ]  20.3% 123904/609744 bytes... 

Writing at 0x0002e800 [=====>                        ]  20.5% 124928/609744 bytes... 

Writing at 0x0002ec00 [=====>                        ]  20.7% 125952/609744 bytes... 

Writing at 0x0002f000 [=====>                        ]  20.8% 126976/609744 bytes... 

Writing at 0x0002f400 [=====>                        ]  21.0% 128000/609744 bytes... 

Writing at 0x0002f800 [=====>                        ]  21.2% 129024/609744 bytes... 

Writing at 0x0002fc00 [=====>                        ]  21.3% 130048/609744 bytes... 

Writing at 0x00030000 [=====>                        ]  21.5% 131072/609744 bytes... 

Writing at 0x00030400 [=====>                        ]  21.7% 132096/609744 bytes... 

Writing at 0x00030800 [=====>                        ]  21.8% 133120/609744 bytes... 

Writing at 0x00030c00 [=====>                        ]  22.0% 134144/609744 bytes... 

Writing at 0x00031000 [=====>                        ]  22.2% 135168/609744 bytes... 

Writing at 0x00031400 [=====>                        ]  22.3% 136192/609744 bytes... 

Writing at 0x00031800 [=====>                        ]  22.5% 137216/609744 bytes... 

Writing at 0x00031c00 [=====>                        ]  22.7% 138240/609744 bytes... 

Writing at 0x00032000 [=====>                        ]  22.8% 139264/609744 bytes... 

Writing at 0x00032400 [=====>                        ]  23.0% 140288/609744 bytes... 

Writing at 0x00032800 [=====>                        ]  23.2% 141312/609744 bytes... 

Writing at 0x00032c00 [======>                       ]  23.3% 142336/609744 bytes... 

Writing at 0x00033000 [======>                       ]  23.5% 143360/609744 bytes... 

Writing at 0x00033400 [======>                       ]  23.7% 144384/609744 bytes... 

Writing at 0x00033800 [======>                       ]  23.8% 145408/609744 bytes... 

Writing at 0x00033c00 [======>                       ]  24.0% 146432/609744 bytes... 

Writing at 0x00034000 [======>                       ]  24.2% 147456/609744 bytes... 

Writing at 0x00034400 [======>                       ]  24.4% 148480/609744 bytes... 

Writing at 0x00034800 [======>                       ]  24.5% 149504/609744 bytes... 

Writing at 0x00034c00 [======>                       ]  24.7% 150528/609744 bytes... 

Writing at 0x00035000 [======>                       ]  24.9% 151552/609744 bytes... 

Writing at 0x00035400 [======>                       ]  25.0% 152576/609744 bytes... 

Writing at 0x00035800 [======>                       ]  25.2% 153600/609744 bytes... 

Writing at 0x00035c00 [======>                       ]  25.4% 154624/609744 bytes... 

Writing at 0x00036000 [======>                       ]  25.5% 155648/609744 bytes... 

Writing at 0x00036400 [======>                       ]  25.7% 156672/609744 bytes... 

Writing at 0x00036800 [======>                       ]  25.9% 157696/609744 bytes... 

Writing at 0x00036c00 [======>                       ]  26.0% 158720/609744 bytes... 

Writing at 0x00037000 [======>                       ]  26.2% 159744/609744 bytes... 

Writing at 0x00037400 [======>                       ]  26.4% 160768/609744 bytes... 

Writing at 0x00037800 [======>                       ]  26.5% 161792/609744 bytes... 

Writing at 0x00037c00 [=======>                      ]  26.7% 162816/609744 bytes... 

Writing at 0x00038000 [=======>                      ]  26.9% 163840/609744 bytes... 

Writing at 0x00038400 [=======>                      ]  27.0% 164864/609744 bytes... 

Writing at 0x00038800 [=======>                      ]  27.2% 165888/609744 bytes... 

Writing at 0x00038c00 [=======>                      ]  27.4% 166912/609744 bytes... 

Writing at 0x00039000 [=======>                      ]  27.5% 167936/609744 bytes... 

Writing at 0x00039400 [=======>                      ]  27.7% 168960/609744 bytes... 

Writing at 0x00039800 [=======>                      ]  27.9% 169984/609744 bytes... 

Writing at 0x00039c00 [=======>                      ]  28.0% 171008/609744 bytes... 

Writing at 0x0003a000 [=======>                      ]  28.2% 172032/609744 bytes... 

Writing at 0x0003a400 [=======>                      ]  28.4% 173056/609744 bytes... 

Writing at 0x0003a800 [=======>                      ]  28.5% 174080/609744 bytes... 

Writing at 0x0003ac00 [=======>                      ]  28.7% 175104/609744 bytes... 

Writing at 0x0003b000 [=======>                      ]  28.9% 176128/609744 bytes... 

Writing at 0x0003b400 [=======>                      ]  29.1% 177152/609744 bytes... 

Writing at 0x0003b800 [=======>                      ]  29.2% 178176/609744 bytes... 

Writing at 0x0003bc00 [=======>                      ]  29.4% 179200/609744 bytes... 

Writing at 0x0003c000 [=======>                      ]  29.6% 180224/609744 bytes... 

Writing at 0x0003c400 [=======>                      ]  29.7% 181248/609744 bytes... 

Writing at 0x0003c800 [=======>                      ]  29.9% 182272/609744 bytes... 

Writing at 0x0003cc00 [========>                     ]  30.1% 183296/609744 bytes... 

Writing at 0x0003d000 [========>                     ]  30.2% 184320/609744 bytes... 

Writing at 0x0003d400 [========>                     ]  30.4% 185344/609744 bytes... 

Writing at 0x0003d800 [========>                     ]  30.6% 186368/609744 bytes... 

Writing at 0x0003dc00 [========>                     ]  30.7% 187392/609744 bytes... 

Writing at 0x0003e000 [========>                     ]  30.9% 188416/609744 bytes... 

Writing at 0x0003e400 [========>                     ]  31.1% 189440/609744 bytes... 

Writing at 0x0003e800 [========>                     ]  31.2% 190464/609744 bytes... 

Writing at 0x0003ec00 [========>                     ]  31.4% 191488/609744 bytes... 

Writing at 0x0003f000 [========>                     ]  31.6% 192512/609744 bytes... 

Writing at 0x0003f400 [========>                     ]  31.7% 193536/609744 bytes... 

Writing at 0x0003f800 [========>                     ]  31.9% 194560/609744 bytes... 

Writing at 0x0003fc00 [========>                     ]  32.1% 195584/609744 bytes... 

Writing at 0x00040000 [========>                     ]  32.2% 196608/609744 bytes... 

Writing at 0x00040400 [========>                     ]  32.4% 197632/609744 bytes... 

Writing at 0x00040800 [========>                     ]  32.6% 198656/609744 bytes... 

Writing at 0x00040c00 [========>                     ]  32.7% 199680/609744 bytes... 

Writing at 0x00041000 [========>                     ]  32.9% 200704/609744 bytes... 

Writing at 0x00041400 [========>                     ]  33.1% 201728/609744 bytes... 

Writing at 0x00041800 [========>                     ]  33.3% 202752/609744 bytes... 

Writing at 0x00041c00 [=========>                    ]  33.4% 203776/609744 bytes... 

Writing at 0x00042000 [=========>                    ]  33.6% 204800/609744 bytes... 

Writing at 0x00042400 [=========>                    ]  33.8% 205824/609744 bytes... 

Writing at 0x00042800 [=========>                    ]  33.9% 206848/609744 bytes... 

Writing at 0x00042c00 [=========>                    ]  34.1% 207872/609744 bytes... 

Writing at 0x00043000 [=========>                    ]  34.3% 208896/609744 bytes... 

Writing at 0x00043400 [=========>                    ]  34.4% 209920/609744 bytes... 

Writing at 0x00043800 [=========>                    ]  34.6% 210944/609744 bytes... 

Writing at 0x00043c00 [=========>                    ]  34.8% 211968/609744 bytes... 

Writing at 0x00044000 [=========>                    ]  34.9% 212992/609744 bytes... 

Writing at 0x00044400 [=========>                    ]  35.1% 214016/609744 bytes... 

Writing at 0x00044800 [=========>                    ]  35.3% 215040/609744 bytes... 

Writing at 0x00044c00 [=========>                    ]  35.4% 216064/609744 bytes... 

Writing at 0x00045000 [=========>                    ]  35.6% 217088/609744 bytes... 

Writing at 0x00045400 [=========>                    ]  35.8% 218112/609744 bytes... 

Writing at 0x00045800 [=========>                    ]  35.9% 219136/609744 bytes... 

Writing at 0x00045c00 [=========>                    ]  36.1% 220160/609744 bytes... 

Writing at 0x00046000 [=========>                    ]  36.3% 221184/609744 bytes... 

Writing at 0x00046400 [=========>                    ]  36.4% 222208/609744 bytes... 

Writing at 0x00046800 [=========>                    ]  36.6% 223232/609744 bytes... 

Writing at 0x00046c00 [==========>                   ]  36.8% 224256/609744 bytes... 

Writing at 0x00047000 [==========>                   ]  36.9% 225280/609744 bytes... 

Writing at 0x00047400 [==========>                   ]  37.1% 226304/609744 bytes... 

Writing at 0x00047800 [==========>                   ]  37.3% 227328/609744 bytes... 

Writing at 0x00047c00 [==========>                   ]  37.5% 228352/609744 bytes... 

Writing at 0x00048000 [==========>                   ]  37.6% 229376/609744 bytes... 

Writing at 0x00048400 [==========>                   ]  37.8% 230400/609744 bytes... 

Writing at 0x00048800 [==========>                   ]  38.0% 231424/609744 bytes... 

Writing at 0x00048c00 [==========>                   ]  38.1% 232448/609744 bytes... 

Writing at 0x00049000 [==========>                   ]  38.3% 233472/609744 bytes... 

Writing at 0x00049400 [==========>                   ]  38.5% 234496/609744 bytes... 

Writing at 0x00049800 [==========>                   ]  38.6% 235520/609744 bytes... 

Writing at 0x00049c00 [==========>                   ]  38.8% 236544/609744 bytes... 

Writing at 0x0004a000 [==========>                   ]  39.0% 237568/609744 bytes... 

Writing at 0x0004a400 [==========>                   ]  39.1% 238592/609744 bytes... 

Writing at 0x0004a800 [==========>                   ]  39.3% 239616/609744 bytes... 

Writing at 0x0004ac00 [==========>                   ]  39.5% 240640/609744 bytes... 

Writing at 0x0004b000 [==========>                   ]  39.6% 241664/609744 bytes... 

Writing at 0x0004b400 [==========>                   ]  39.8% 242688/609744 bytes... 

Writing at 0x0004b800 [==========>                   ]  40.0% 243712/609744 bytes... 

Writing at 0x0004bc00 [===========>                  ]  40.1% 244736/609744 bytes... 

Writing at 0x0004c000 [===========>                  ]  40.3% 245760/609744 bytes... 

Writing at 0x0004c400 [===========>                  ]  40.5% 246784/609744 bytes... 

Writing at 0x0004c800 [===========>                  ]  40.6% 247808/609744 bytes... 

Writing at 0x0004cc00 [===========>                  ]  40.8% 248832/609744 bytes... 

Writing at 0x0004d000 [===========>                  ]  41.0% 249856/609744 bytes... 

Writing at 0x0004d400 [===========>                  ]  41.1% 250880/609744 bytes... 

Writing at 0x0004d800 [===========>                  ]  41.3% 251904/609744 bytes... 

Writing at 0x0004dc00 [===========>                  ]  41.5% 252928/609744 bytes... 

Writing at 0x0004e000 [===========>                  ]  41.6% 253952/609744 bytes... 

Writing at 0x0004e400 [===========>                  ]  41.8% 254976/609744 bytes... 

Writing at 0x0004e800 [===========>                  ]  42.0% 256000/609744 bytes... 

Writing at 0x0004ec00 [===========>                  ]  42.2% 257024/609744 bytes... 

Writing at 0x0004f000 [===========>                  ]  42.3% 258048/609744 bytes... 

Writing at 0x0004f400 [===========>                  ]  42.5% 259072/609744 bytes... 

Writing at 0x0004f800 [===========>                  ]  42.7% 260096/609744 bytes... 

Writing at 0x0004fc00 [===========>                  ]  42.8% 261120/609744 bytes... 

Writing at 0x00050000 [===========>                  ]  43.0% 262144/609744 bytes... 

Writing at 0x00050400 [===========>                  ]  43.2% 263168/609744 bytes... 

Writing at 0x00050800 [===========>                  ]  43.3% 264192/609744 bytes... 

Writing at 0x00050c00 [============>                 ]  43.5% 265216/609744 bytes... 

Writing at 0x00051000 [============>                 ]  43.7% 266240/609744 bytes... 

Writing at 0x00051400 [============>                 ]  43.8% 267264/609744 bytes... 

Writing at 0x00051800 [============>                 ]  44.0% 268288/609744 bytes... 

Writing at 0x00051c00 [============>                 ]  44.2% 269312/609744 bytes... 

Writing at 0x00052000 [============>                 ]  44.3% 270336/609744 bytes... 

Writing at 0x00052400 [============>                 ]  44.5% 271360/609744 bytes... 

Writing at 0x00052800 [============>                 ]  44.7% 272384/609744 bytes... 

Writing at 0x00052c00 [============>                 ]  44.8% 273408/609744 bytes... 

Writing at 0x00053000 [============>                 ]  45.0% 274432/609744 bytes... 

Writing at 0x00053400 [============>                 ]  45.2% 275456/609744 bytes... 

Writing at 0x00053800 [============>                 ]  45.3% 276480/609744 bytes... 

Writing at 0x00053c00 [============>                 ]  45.5% 277504/609744 bytes... 

Writing at 0x00054000 [============>                 ]  45.7% 278528/609744 bytes... 

Writing at 0x00054400 [============>                 ]  45.8% 279552/609744 bytes... 

Writing at 0x00054800 [============>                 ]  46.0% 280576/609744 bytes... 

Writing at 0x00054c00 [============>                 ]  46.2% 281600/609744 bytes... 

Writing at 0x00055000 [============>                 ]  46.4% 282624/609744 bytes... 

Writing at 0x00055400 [============>                 ]  46.5% 283648/609744 bytes... 

Writing at 0x00055800 [=============>                ]  46.7% 284672/609744 bytes... 

Writing at 0x00055c00 [=============>                ]  46.9% 285696/609744 bytes... 

Writing at 0x00056000 [=============>                ]  47.0% 286720/609744 bytes... 

Writing at 0x00056400 [=============>                ]  47.2% 287744/609744 bytes... 

Writing at 0x00056800 [=============>                ]  47.4% 288768/609744 bytes... 

Writing at 0x00056c00 [=============>                ]  47.5% 289792/609744 bytes... 

Writing at 0x00057000 [=============>                ]  47.7% 290816/609744 bytes... 

Writing at 0x00057400 [=============>                ]  47.9% 291840/609744 bytes... 

Writing at 0x00057800 [=============>                ]  48.0% 292864/609744 bytes... 

Writing at 0x00057c00 [=============>                ]  48.2% 293888/609744 bytes... 

Writing at 0x00058000 [=============>                ]  48.4% 294912/609744 bytes... 

Writing at 0x00058400 [=============>                ]  48.5% 295936/609744 bytes... 

Writing at 0x00058800 [=============>                ]  48.7% 296960/609744 bytes... 

Writing at 0x00058c00 [=============>                ]  48.9% 297984/609744 bytes... 

Writing at 0x00059000 [=============>                ]  49.0% 299008/609744 bytes... 

Writing at 0x00059400 [=============>                ]  49.2% 300032/609744 bytes... 

Writing at 0x00059800 [=============>                ]  49.4% 301056/609744 bytes... 

Writing at 0x00059c00 [=============>                ]  49.5% 302080/609744 bytes... 

Writing at 0x0005a000 [=============>                ]  49.7% 303104/609744 bytes... 

Writing at 0x0005a400 [=============>                ]  49.9% 304128/609744 bytes... 

Writing at 0x0005a800 [==============>               ]  50.0% 305152/609744 bytes... 

Writing at 0x0005ac00 [==============>               ]  50.2% 306176/609744 bytes... 

Writing at 0x0005b000 [==============>               ]  50.4% 307200/609744 bytes... 

Writing at 0x0005b400 [==============>               ]  50.5% 308224/609744 bytes... 

Writing at 0x0005b800 [==============>               ]  50.7% 309248/609744 bytes... 

Writing at 0x0005bc00 [==============>               ]  50.9% 310272/609744 bytes... 

Writing at 0x0005c000 [==============>               ]  51.1% 311296/609744 bytes... 

Writing at 0x0005c400 [==============>               ]  51.2% 312320/609744 bytes... 

Writing at 0x0005c800 [==============>               ]  51.4% 313344/609744 bytes... 

Writing at 0x0005cc00 [==============>               ]  51.6% 314368/609744 bytes... 

Writing at 0x0005d000 [==============>               ]  51.7% 315392/609744 bytes... 

Writing at 0x0005d400 [==============>               ]  51.9% 316416/609744 bytes... 

Writing at 0x0005d800 [==============>               ]  52.1% 317440/609744 bytes... 

Writing at 0x0005dc00 [==============>               ]  52.2% 318464/609744 bytes... 

Writing at 0x0005e000 [==============>               ]  52.4% 319488/609744 bytes... 

Writing at 0x0005e400 [==============>               ]  52.6% 320512/609744 bytes... 

Writing at 0x0005e800 [==============>               ]  52.7% 321536/609744 bytes... 

Writing at 0x0005ec00 [==============>               ]  52.9% 322560/609744 bytes... 

Writing at 0x0005f000 [==============>               ]  53.1% 323584/609744 bytes... 

Writing at 0x0005f400 [==============>               ]  53.2% 324608/609744 bytes... 

Writing at 0x0005f800 [===============>              ]  53.4% 325632/609744 bytes... 

Writing at 0x0005fc00 [===============>              ]  53.6% 326656/609744 bytes... 

Writing at 0x00060000 [===============>              ]  53.7% 327680/609744 bytes... 

Writing at 0x00060400 [===============>              ]  53.9% 328704/609744 bytes... 

Writing at 0x00060800 [===============>              ]  54.1% 329728/609744 bytes... 

Writing at 0x00060c00 [===============>              ]  54.2% 330752/609744 bytes... 

Writing at 0x00061000 [===============>              ]  54.4% 331776/609744 bytes... 

Writing at 0x00061400 [===============>              ]  54.6% 332800/609744 bytes... 

Writing at 0x00061800 [===============>              ]  54.7% 333824/609744 bytes... 

Writing at 0x00061c00 [===============>              ]  54.9% 334848/609744 bytes... 

Writing at 0x00062000 [===============>              ]  55.1% 335872/609744 bytes... 

Writing at 0x00062400 [===============>              ]  55.3% 336896/609744 bytes... 

Writing at 0x00062800 [===============>              ]  55.4% 337920/609744 bytes... 

Writing at 0x00062c00 [===============>              ]  55.6% 338944/609744 bytes... 

Writing at 0x00063000 [===============>              ]  55.8% 339968/609744 bytes... 

Writing at 0x00063400 [===============>              ]  55.9% 340992/609744 bytes... 

Writing at 0x00063800 [===============>              ]  56.1% 342016/609744 bytes... 

Writing at 0x00063c00 [===============>              ]  56.3% 343040/609744 bytes... 

Writing at 0x00064000 [===============>              ]  56.4% 344064/609744 bytes... 

Writing at 0x00064400 [===============>              ]  56.6% 345088/609744 bytes... 

Writing at 0x00064800 [================>             ]  56.8% 346112/609744 bytes... 

Writing at 0x00064c00 [================>             ]  56.9% 347136/609744 bytes... 

Writing at 0x00065000 [================>             ]  57.1% 348160/609744 bytes... 

Writing at 0x00065400 [================>             ]  57.3% 349184/609744 bytes... 

Writing at 0x00065800 [================>             ]  57.4% 350208/609744 bytes... 

Writing at 0x00065c00 [================>             ]  57.6% 351232/609744 bytes... 

Writing at 0x00066000 [================>             ]  57.8% 352256/609744 bytes... 

Writing at 0x00066400 [================>             ]  57.9% 353280/609744 bytes... 

Writing at 0x00066800 [================>             ]  58.1% 354304/609744 bytes... 

Writing at 0x00066c00 [================>             ]  58.3% 355328/609744 bytes... 

Writing at 0x00067000 [================>             ]  58.4% 356352/609744 bytes... 

Writing at 0x00067400 [================>             ]  58.6% 357376/609744 bytes... 

Writing at 0x00067800 [================>             ]  58.8% 358400/609744 bytes... 

Writing at 0x00067c00 [================>             ]  58.9% 359424/609744 bytes... 

Writing at 0x00068000 [================>             ]  59.1% 360448/609744 bytes... 

Writing at 0x00068400 [================>             ]  59.3% 361472/609744 bytes... 

Writing at 0x00068800 [================>             ]  59.5% 362496/609744 bytes... 

Writing at 0x00068c00 [================>             ]  59.6% 363520/609744 bytes... 

Writing at 0x00069000 [================>             ]  59.8% 364544/609744 bytes... 

Writing at 0x00069400 [================>             ]  60.0% 365568/609744 bytes... 

Writing at 0x00069800 [=================>            ]  60.1% 366592/609744 bytes... 

Writing at 0x00069c00 [=================>            ]  60.3% 367616/609744 bytes... 

Writing at 0x0006a000 [=================>            ]  60.5% 368640/609744 bytes... 

Writing at 0x0006a400 [=================>            ]  60.6% 369664/609744 bytes... 

Writing at 0x0006a800 [=================>            ]  60.8% 370688/609744 bytes... 

Writing at 0x0006ac00 [=================>            ]  61.0% 371712/609744 bytes... 

Writing at 0x0006b000 [=================>            ]  61.1% 372736/609744 bytes... 

Writing at 0x0006b400 [=================>            ]  61.3% 373760/609744 bytes... 

Writing at 0x0006b800 [=================>            ]  61.5% 374784/609744 bytes... 

Writing at 0x0006bc00 [=================>            ]  61.6% 375808/609744 bytes... 

Writing at 0x0006c000 [=================>            ]  61.8% 376832/609744 bytes... 

Writing at 0x0006c400 [=================>            ]  62.0% 377856/609744 bytes... 

Writing at 0x0006c800 [=================>            ]  62.1% 378880/609744 bytes... 

Writing at 0x0006cc00 [=================>            ]  62.3% 379904/609744 bytes... 

Writing at 0x0006d000 [=================>            ]  62.5% 380928/609744 bytes... 

Writing at 0x0006d400 [=================>            ]  62.6% 381952/609744 bytes... 

Writing at 0x0006d800 [=================>            ]  62.8% 382976/609744 bytes... 

Writing at 0x0006dc00 [=================>            ]  63.0% 384000/609744 bytes... 

Writing at 0x0006e000 [=================>            ]  63.1% 385024/609744 bytes... 

Writing at 0x0006e400 [=================>            ]  63.3% 386048/609744 bytes... 

Writing at 0x0006e800 [==================>           ]  63.5% 387072/609744 bytes... 

Writing at 0x0006ec00 [==================>           ]  63.6% 388096/609744 bytes... 

Writing at 0x0006f000 [==================>           ]  63.8% 389120/609744 bytes... 

Writing at 0x0006f400 [==================>           ]  64.0% 390144/609744 bytes... 

Writing at 0x0006f800 [==================>           ]  64.2% 391168/609744 bytes... 

Writing at 0x0006fc00 [==================>           ]  64.3% 392192/609744 bytes... 

Writing at 0x00070000 [==================>           ]  64.5% 393216/609744 bytes... 

Writing at 0x00070400 [==================>           ]  64.7% 394240/609744 bytes... 

Writing at 0x00070800 [==================>           ]  64.8% 395264/609744 bytes... 

Writing at 0x00070c00 [==================>           ]  65.0% 396288/609744 bytes... 

Writing at 0x00071000 [==================>           ]  65.2% 397312/609744 bytes... 

Writing at 0x00071400 [==================>           ]  65.3% 398336/609744 bytes... 

Writing at 0x00071800 [==================>           ]  65.5% 399360/609744 bytes... 

Writing at 0x00071c00 [==================>           ]  65.7% 400384/609744 bytes... 

Writing at 0x00072000 [==================>           ]  65.8% 401408/609744 bytes... 

Writing at 0x00072400 [==================>           ]  66.0% 402432/609744 bytes... 

Writing at 0x00072800 [==================>           ]  66.2% 403456/609744 bytes... 

Writing at 0x00072c00 [==================>           ]  66.3% 404480/609744 bytes... 

Writing at 0x00073000 [==================>           ]  66.5% 405504/609744 bytes... 

Writing at 0x00073400 [===================>          ]  66.7% 406528/609744 bytes... 

Writing at 0x00073800 [===================>          ]  66.8% 407552/609744 bytes... 

Writing at 0x00073c00 [===================>          ]  67.0% 408576/609744 bytes... 

Writing at 0x00074000 [===================>          ]  67.2% 409600/609744 bytes... 

Writing at 0x00074400 [===================>          ]  67.3% 410624/609744 bytes... 

Writing at 0x00074800 [===================>          ]  67.5% 411648/609744 bytes... 

Writing at 0x00074c00 [===================>          ]  67.7% 412672/609744 bytes... 

Writing at 0x00075000 [===================>          ]  67.8% 413696/609744 bytes... 

Writing at 0x00075400 [===================>          ]  68.0% 414720/609744 bytes... 

Writing at 0x00075800 [===================>          ]  68.2% 415744/609744 bytes... 

Writing at 0x00075c00 [===================>          ]  68.4% 416768/609744 bytes... 

Writing at 0x00076000 [===================>          ]  68.5% 417792/609744 bytes... 

Writing at 0x00076400 [===================>          ]  68.7% 418816/609744 bytes... 

Writing at 0x00076800 [===================>          ]  68.9% 419840/609744 bytes... 

Writing at 0x00076c00 [===================>          ]  69.0% 420864/609744 bytes... 

Writing at 0x00077000 [===================>          ]  69.2% 421888/609744 bytes... 

Writing at 0x00077400 [===================>          ]  69.4% 422912/609744 bytes... 

Writing at 0x00077800 [===================>          ]  69.5% 423936/609744 bytes... 

Writing at 0x00077c00 [===================>          ]  69.7% 424960/609744 bytes... 

Writing at 0x00078000 [===================>          ]  69.9% 425984/609744 bytes... 

Writing at 0x00078400 [====================>         ]  70.0% 427008/609744 bytes... 

Writing at 0x00078800 [====================>         ]  70.2% 428032/609744 bytes... 

Writing at 0x00078c00 [====================>         ]  70.4% 429056/609744 bytes... 

Writing at 0x00079000 [====================>         ]  70.5% 430080/609744 bytes... 

Writing at 0x00079400 [====================>         ]  70.7% 431104/609744 bytes... 

Writing at 0x00079800 [====================>         ]  70.9% 432128/609744 bytes... 

Writing at 0x00079c00 [====================>         ]  71.0% 433152/609744 bytes... 

Writing at 0x0007a000 [====================>         ]  71.2% 434176/609744 bytes... 

Writing at 0x0007a400 [====================>         ]  71.4% 435200/609744 bytes... 

Writing at 0x0007a800 [====================>         ]  71.5% 436224/609744 bytes... 

Writing at 0x0007ac00 [====================>         ]  71.7% 437248/609744 bytes... 

Writing at 0x0007b000 [====================>         ]  71.9% 438272/609744 bytes... 

Writing at 0x0007b400 [====================>         ]  72.0% 439296/609744 bytes... 

Writing at 0x0007b800 [====================>         ]  72.2% 440320/609744 bytes... 

Writing at 0x0007bc00 [====================>         ]  72.4% 441344/609744 bytes... 

Writing at 0x0007c000 [====================>         ]  72.5% 442368/609744 bytes... 

Writing at 0x0007c400 [====================>         ]  72.7% 443392/609744 bytes... 

Writing at 0x0007c800 [====================>         ]  72.9% 444416/609744 bytes... 

Writing at 0x0007cc00 [====================>         ]  73.1% 445440/609744 bytes... 

Writing at 0x0007d000 [====================>         ]  73.2% 446464/609744 bytes... 

Writing at 0x0007d400 [=====================>        ]  73.4% 447488/609744 bytes... 

Writing at 0x0007d800 [=====================>        ]  73.6% 448512/609744 bytes... 

Writing at 0x0007dc00 [=====================>        ]  73.7% 449536/609744 bytes... 

Writing at 0x0007e000 [=====================>        ]  73.9% 450560/609744 bytes... 

Writing at 0x0007e400 [=====================>        ]  74.1% 451584/609744 bytes... 

Writing at 0x0007e800 [=====================>        ]  74.2% 452608/609744 bytes... 

Writing at 0x0007ec00 [=====================>        ]  74.4% 453632/609744 bytes... 

Writing at 0x0007f000 [=====================>        ]  74.6% 454656/609744 bytes... 

Writing at 0x0007f400 [=====================>        ]  74.7% 455680/609744 bytes... 

Writing at 0x0007f800 [=====================>        ]  74.9% 456704/609744 bytes... 

Writing at 0x0007fc00 [=====================>        ]  75.1% 457728/609744 bytes... 

Writing at 0x00080000 [=====================>        ]  75.2% 458752/609744 bytes... 

Writing at 0x00080400 [=====================>        ]  75.4% 459776/609744 bytes... 

Writing at 0x00080800 [=====================>        ]  75.6% 460800/609744 bytes... 

Writing at 0x00080c00 [=====================>        ]  75.7% 461824/609744 bytes... 

Writing at 0x00081000 [=====================>        ]  75.9% 462848/609744 bytes... 

Writing at 0x00081400 [=====================>        ]  76.1% 463872/609744 bytes... 

Writing at 0x00081800 [=====================>        ]  76.2% 464896/609744 bytes... 

Writing at 0x00081c00 [=====================>        ]  76.4% 465920/609744 bytes... 

Writing at 0x00082000 [=====================>        ]  76.6% 466944/609744 bytes... 

Writing at 0x00082400 [======================>       ]  76.7% 467968/609744 bytes... 

Writing at 0x00082800 [======================>       ]  76.9% 468992/609744 bytes... 

Writing at 0x00082c00 [======================>       ]  77.1% 470016/609744 bytes... 

Writing at 0x00083000 [======================>       ]  77.3% 471040/609744 bytes... 

Writing at 0x00083400 [======================>       ]  77.4% 472064/609744 bytes... 

Writing at 0x00083800 [======================>       ]  77.6% 473088/609744 bytes... 

Writing at 0x00083c00 [======================>       ]  77.8% 474112/609744 bytes... 

Writing at 0x00084000 [======================>       ]  77.9% 475136/609744 bytes... 

Writing at 0x00084400 [======================>       ]  78.1% 476160/609744 bytes... 

Writing at 0x00084800 [======================>       ]  78.3% 477184/609744 bytes... 

Writing at 0x00084c00 [======================>       ]  78.4% 478208/609744 bytes... 

Writing at 0x00085000 [======================>       ]  78.6% 479232/609744 bytes... 

Writing at 0x00085400 [======================>       ]  78.8% 480256/609744 bytes... 

Writing at 0x00085800 [======================>       ]  78.9% 481280/609744 bytes... 

Writing at 0x00085c00 [======================>       ]  79.1% 482304/609744 bytes... 

Writing at 0x00086000 [======================>       ]  79.3% 483328/609744 bytes... 

Writing at 0x00086400 [======================>       ]  79.4% 484352/609744 bytes... 

Writing at 0x00086800 [======================>       ]  79.6% 485376/609744 bytes... 

Writing at 0x00086c00 [======================>       ]  79.8% 486400/609744 bytes... 

Writing at 0x00087000 [======================>       ]  79.9% 487424/609744 bytes... 

Writing at 0x00087400 [=======================>      ]  80.1% 488448/609744 bytes... 

Writing at 0x00087800 [=======================>      ]  80.3% 489472/609744 bytes... 

Writing at 0x00087c00 [=======================>      ]  80.4% 490496/609744 bytes... 

Writing at 0x00088000 [=======================>      ]  80.6% 491520/609744 bytes... 

Writing at 0x00088400 [=======================>      ]  80.8% 492544/609744 bytes... 

Writing at 0x00088800 [=======================>      ]  80.9% 493568/609744 bytes... 

Writing at 0x00088c00 [=======================>      ]  81.1% 494592/609744 bytes... 

Writing at 0x00089000 [=======================>      ]  81.3% 495616/609744 bytes... 

Writing at 0x00089400 [=======================>      ]  81.5% 496640/609744 bytes... 

Writing at 0x00089800 [=======================>      ]  81.6% 497664/609744 bytes... 

Writing at 0x00089c00 [=======================>      ]  81.8% 498688/609744 bytes... 

Writing at 0x0008a000 [=======================>      ]  82.0% 499712/609744 bytes... 

Writing at 0x0008a400 [=======================>      ]  82.1% 500736/609744 bytes... 

Writing at 0x0008a800 [=======================>      ]  82.3% 501760/609744 bytes... 

Writing at 0x0008ac00 [=======================>      ]  82.5% 502784/609744 bytes... 

Writing at 0x0008b000 [=======================>      ]  82.6% 503808/609744 bytes... 

Writing at 0x0008b400 [=======================>      ]  82.8% 504832/609744 bytes... 

Writing at 0x0008b800 [=======================>      ]  83.0% 505856/609744 bytes... 

Writing at 0x0008bc00 [=======================>      ]  83.1% 506880/609744 bytes... 

Writing at 0x0008c000 [=======================>      ]  83.3% 507904/609744 bytes... 

Writing at 0x0008c400 [========================>     ]  83.5% 508928/609744 bytes... 

Writing at 0x0008c800 [========================>     ]  83.6% 509952/609744 bytes... 

Writing at 0x0008cc00 [========================>     ]  83.8% 510976/609744 bytes... 

Writing at 0x0008d000 [========================>     ]  84.0% 512000/609744 bytes... 

Writing at 0x0008d400 [========================>     ]  84.1% 513024/609744 bytes... 

Writing at 0x0008d800 [========================>     ]  84.3% 514048/609744 bytes... 

Writing at 0x0008dc00 [========================>     ]  84.5% 515072/609744 bytes... 

Writing at 0x0008e000 [========================>     ]  84.6% 516096/609744 bytes... 

Writing at 0x0008e400 [========================>     ]  84.8% 517120/609744 bytes... 

Writing at 0x0008e800 [========================>     ]  85.0% 518144/609744 bytes... 

Writing at 0x0008ec00 [========================>     ]  85.1% 519168/609744 bytes... 

Writing at 0x0008f000 [========================>     ]  85.3% 520192/609744 bytes... 

Writing at 0x0008f400 [========================>     ]  85.5% 521216/609744 bytes... 

Writing at 0x0008f800 [========================>     ]  85.6% 522240/609744 bytes... 

Writing at 0x0008fc00 [========================>     ]  85.8% 523264/609744 bytes... 

Writing at 0x00090000 [========================>     ]  86.0% 524288/609744 bytes... 

Writing at 0x00090400 [========================>     ]  86.2% 525312/609744 bytes... 

Writing at 0x00090800 [========================>     ]  86.3% 526336/609744 bytes... 

Writing at 0x00090c00 [========================>     ]  86.5% 527360/609744 bytes... 

Writing at 0x00091000 [========================>     ]  86.7% 528384/609744 bytes... 

Writing at 0x00091400 [=========================>    ]  86.8% 529408/609744 bytes... 

Writing at 0x00091800 [=========================>    ]  87.0% 530432/609744 bytes... 

Writing at 0x00091c00 [=========================>    ]  87.2% 531456/609744 bytes... 

Writing at 0x00092000 [=========================>    ]  87.3% 532480/609744 bytes... 

Writing at 0x00092400 [=========================>    ]  87.5% 533504/609744 bytes... 

Writing at 0x00092800 [=========================>    ]  87.7% 534528/609744 bytes... 

Writing at 0x00092c00 [=========================>    ]  87.8% 535552/609744 bytes... 

Writing at 0x00093000 [=========================>    ]  88.0% 536576/609744 bytes... 

Writing at 0x00093400 [=========================>    ]  88.2% 537600/609744 bytes... 

Writing at 0x00093800 [=========================>    ]  88.3% 538624/609744 bytes... 

Writing at 0x00093c00 [=========================>    ]  88.5% 539648/609744 bytes... 

Writing at 0x00094000 [=========================>    ]  88.7% 540672/609744 bytes... 

Writing at 0x00094400 [=========================>    ]  88.8% 541696/609744 bytes... 

Writing at 0x00094800 [=========================>    ]  89.0% 542720/609744 bytes... 

Writing at 0x00094c00 [=========================>    ]  89.2% 543744/609744 bytes... 

Writing at 0x00095000 [=========================>    ]  89.3% 544768/609744 bytes... 

Writing at 0x00095400 [=========================>    ]  89.5% 545792/609744 bytes... 

Writing at 0x00095800 [=========================>    ]  89.7% 546816/609744 bytes... 

Writing at 0x00095c00 [=========================>    ]  89.8% 547840/609744 bytes... 

Writing at 0x00096000 [==========================>   ]  90.0% 548864/609744 bytes... 

Writing at 0x00096400 [==========================>   ]  90.2% 549888/609744 bytes... 

Writing at 0x00096800 [==========================>   ]  90.4% 550912/609744 bytes... 

Writing at 0x00096c00 [==========================>   ]  90.5% 551936/609744 bytes... 

Writing at 0x00097000 [==========================>   ]  90.7% 552960/609744 bytes... 

Writing at 0x00097400 [==========================>   ]  90.9% 553984/609744 bytes... 

Writing at 0x00097800 [==========================>   ]  91.0% 555008/609744 bytes... 

Writing at 0x00097c00 [==========================>   ]  91.2% 556032/609744 bytes... 

Writing at 0x00098000 [==========================>   ]  91.4% 557056/609744 bytes... 

Writing at 0x00098400 [==========================>   ]  91.5% 558080/609744 bytes... 

Writing at 0x00098800 [==========================>   ]  91.7% 559104/609744 bytes... 

Writing at 0x00098c00 [==========================>   ]  91.9% 560128/609744 bytes... 

Writing at 0x00099000 [==========================>   ]  92.0% 561152/609744 bytes... 

Writing at 0x00099400 [==========================>   ]  92.2% 562176/609744 bytes... 

Writing at 0x00099800 [==========================>   ]  92.4% 563200/609744 bytes... 

Writing at 0x00099c00 [==========================>   ]  92.5% 564224/609744 bytes... 

Writing at 0x0009a000 [==========================>   ]  92.7% 565248/609744 bytes... 

Writing at 0x0009a400 [==========================>   ]  92.9% 566272/609744 bytes... 

Writing at 0x0009a800 [==========================>   ]  93.0% 567296/609744 bytes... 

Writing at 0x0009ac00 [==========================>   ]  93.2% 568320/609744 bytes... 

Writing at 0x0009b000 [===========================>  ]  93.4% 569344/609744 bytes... 

Writing at 0x0009b400 [===========================>  ]  93.5% 570368/609744 bytes... 

Writing at 0x0009b800 [===========================>  ]  93.7% 571392/609744 bytes... 

Writing at 0x0009bc00 [===========================>  ]  93.9% 572416/609744 bytes... 

Writing at 0x0009c000 [===========================>  ]  94.0% 573440/609744 bytes... 

Writing at 0x0009c400 [===========================>  ]  94.2% 574464/609744 bytes... 

Writing at 0x0009c800 [===========================>  ]  94.4% 575488/609744 bytes... 

Writing at 0x0009cc00 [===========================>  ]  94.5% 576512/609744 bytes... 

Writing at 0x0009d000 [===========================>  ]  94.7% 577536/609744 bytes... 

Writing at 0x0009d400 [===========================>  ]  94.9% 578560/609744 bytes... 

Writing at 0x0009d800 [===========================>  ]  95.1% 579584/609744 bytes... 

Writing at 0x0009dc00 [===========================>  ]  95.2% 580608/609744 bytes... 

Writing at 0x0009e000 [===========================>  ]  95.4% 581632/609744 bytes... 

Writing at 0x0009e400 [===========================>  ]  95.6% 582656/609744 bytes... 

Writing at 0x0009e800 [===========================>  ]  95.7% 583680/609744 bytes... 

Writing at 0x0009ec00 [===========================>  ]  95.9% 584704/609744 bytes... 

Writing at 0x0009f000 [===========================>  ]  96.1% 585728/609744 bytes... 

Writing at 0x0009f400 [===========================>  ]  96.2% 586752/609744 bytes... 

Writing at 0x0009f800 [===========================>  ]  96.4% 587776/609744 bytes... 

Writing at 0x0009fc00 [===========================>  ]  96.6% 588800/609744 bytes... 

Writing at 0x000a0000 [============================> ]  96.7% 589824/609744 bytes... 

Writing at 0x000a0400 [============================> ]  96.9% 590848/609744 bytes... 

Writing at 0x000a0800 [============================> ]  97.1% 591872/609744 bytes... 

Writing at 0x000a0c00 [============================> ]  97.2% 592896/609744 bytes... 

Writing at 0x000a1000 [============================> ]  97.4% 593920/609744 bytes... 

Writing at 0x000a1400 [============================> ]  97.6% 594944/609744 bytes... 

Writing at 0x000a1800 [============================> ]  97.7% 595968/609744 bytes... 

Writing at 0x000a1c00 [============================> ]  97.9% 596992/609744 bytes... 

Writing at 0x000a2000 [============================> ]  98.1% 598016/609744 bytes... 

Writing at 0x000a2400 [============================> ]  98.2% 599040/609744 bytes... 

Writing at 0x000a2800 [============================> ]  98.4% 600064/609744 bytes... 

Writing at 0x000a2c00 [============================> ]  98.6% 601088/609744 bytes... 

Writing at 0x000a3000 [============================> ]  98.7% 602112/609744 bytes... 

Writing at 0x000a3400 [============================> ]  98.9% 603136/609744 bytes... 

Writing at 0x000a3800 [============================> ]  99.1% 604160/609744 bytes... 

Writing at 0x000a3c00 [============================> ]  99.3% 605184/609744 bytes... 

Writing at 0x000a4000 [============================> ]  99.4% 606208/609744 bytes... 

Writing at 0x000a4400 [============================> ]  99.6% 607232/609744 bytes... 

Writing at 0x000a4800 [============================> ]  99.8% 608256/609744 bytes... 

Writing at 0x000a4c00 [============================> ]  99.9% 609280/609744 bytes... 

Writing at 0x000a5000 [==============================] 100.0% 610304/609744 bytes... 
Wrote 610304 bytes at 0x00010000 in 20.9 seconds (233.1 kbit/s).
Hash of data verified.

Hard resetting via RTS pin...
